Archive member included because of file (symbol)

/Applications/lpcxpresso_5.1.0_2048/lpcxpresso/tools/bin/../lib/gcc/arm-none-eabi/4.6.2/armv6-m/libgcc.a(_thumb1_case_uqi.o)
                              ./src/core/device_dependent/lpc800/lpc8xx_gpio.o (__gnu_thumb1_case_uqi)
/Applications/lpcxpresso_5.1.0_2048/lpcxpresso/tools/bin/../lib/gcc/arm-none-eabi/4.6.2/armv6-m/libgcc.a(_udivsi3.o)
                              ./src/core/device_dependent/lpc800/delay.o (__aeabi_uidiv)
/Applications/lpcxpresso_5.1.0_2048/lpcxpresso/tools/bin/../lib/gcc/arm-none-eabi/4.6.2/armv6-m/libgcc.a(_divsi3.o)
                              ./src/core/Print.o (__aeabi_idiv)
/Applications/lpcxpresso_5.1.0_2048/lpcxpresso/tools/bin/../lib/gcc/arm-none-eabi/4.6.2/armv6-m/libgcc.a(_dvmd_tls.o)
                              /Applications/lpcxpresso_5.1.0_2048/lpcxpresso/tools/bin/../lib/gcc/arm-none-eabi/4.6.2/armv6-m/libgcc.a(_udivsi3.o) (__aeabi_idiv0)
/Applications/lpcxpresso_5.1.0_2048/lpcxpresso/tools/bin/../lib/gcc/arm-none-eabi/4.6.2/../../../../arm-none-eabi/lib/armv6-m/libc.a(lib_a-init.o)
                              ./src/core/device_dependent/lpc800/cr_startup_lpc8xx.o (__libc_init_array)
/Applications/lpcxpresso_5.1.0_2048/lpcxpresso/tools/bin/../lib/gcc/arm-none-eabi/4.6.2/../../../../arm-none-eabi/lib/armv6-m/libc.a(lib_a-malloc.o)
                              ./src/core/device_dependent/lpc800/cr_cpp_config.o (malloc)
/Applications/lpcxpresso_5.1.0_2048/lpcxpresso/tools/bin/../lib/gcc/arm-none-eabi/4.6.2/../../../../arm-none-eabi/lib/armv6-m/libc.a(lib_a-mallocr.o)
                              /Applications/lpcxpresso_5.1.0_2048/lpcxpresso/tools/bin/../lib/gcc/arm-none-eabi/4.6.2/../../../../arm-none-eabi/lib/armv6-m/libc.a(lib_a-malloc.o) (_malloc_r)
/Applications/lpcxpresso_5.1.0_2048/lpcxpresso/tools/bin/../lib/gcc/arm-none-eabi/4.6.2/../../../../arm-none-eabi/lib/armv6-m/libc.a(lib_a-memcpy.o)
                              ./src/Samples/maryoled.o (memcpy)
/Applications/lpcxpresso_5.1.0_2048/lpcxpresso/tools/bin/../lib/gcc/arm-none-eabi/4.6.2/../../../../arm-none-eabi/lib/armv6-m/libc.a(lib_a-mlock.o)
                              /Applications/lpcxpresso_5.1.0_2048/lpcxpresso/tools/bin/../lib/gcc/arm-none-eabi/4.6.2/../../../../arm-none-eabi/lib/armv6-m/libc.a(lib_a-mallocr.o) (__malloc_lock)
/Applications/lpcxpresso_5.1.0_2048/lpcxpresso/tools/bin/../lib/gcc/arm-none-eabi/4.6.2/../../../../arm-none-eabi/lib/armv6-m/libc.a(lib_a-sbrkr.o)
                              /Applications/lpcxpresso_5.1.0_2048/lpcxpresso/tools/bin/../lib/gcc/arm-none-eabi/4.6.2/../../../../arm-none-eabi/lib/armv6-m/libc.a(lib_a-mallocr.o) (_sbrk_r)
/Applications/lpcxpresso_5.1.0_2048/lpcxpresso/tools/bin/../lib/gcc/arm-none-eabi/4.6.2/../../../../arm-none-eabi/lib/armv6-m/libc.a(lib_a-strlen.o)
                              ./src/core/Wire.o (strlen)
/Applications/lpcxpresso_5.1.0_2048/lpcxpresso/tools/bin/../lib/gcc/arm-none-eabi/4.6.2/../../../../arm-none-eabi/lib/armv6-m/libc.a(lib_a-freer.o)
                              /Applications/lpcxpresso_5.1.0_2048/lpcxpresso/tools/bin/../lib/gcc/arm-none-eabi/4.6.2/../../../../arm-none-eabi/lib/armv6-m/libc.a(lib_a-malloc.o) (_free_r)
/Applications/lpcxpresso_5.1.0_2048/lpcxpresso/tools/bin/../lib/gcc/arm-none-eabi/4.6.2/../../../../arm-none-eabi/lib/armv6-m/libc.a(lib_a-impure.o)
                              /Applications/lpcxpresso_5.1.0_2048/lpcxpresso/tools/bin/../lib/gcc/arm-none-eabi/4.6.2/../../../../arm-none-eabi/lib/armv6-m/libc.a(lib_a-malloc.o) (_impure_ptr)
/Applications/lpcxpresso_5.1.0_2048/lpcxpresso/tools/bin/../lib/gcc/arm-none-eabi/4.6.2/../../../../arm-none-eabi/lib/armv6-m/libc.a(lib_a-reent.o)
                              /Applications/lpcxpresso_5.1.0_2048/lpcxpresso/tools/bin/../lib/gcc/arm-none-eabi/4.6.2/../../../../arm-none-eabi/lib/armv6-m/libc.a(lib_a-sbrkr.o) (errno)
/Applications/lpcxpresso_5.1.0_2048/lpcxpresso/tools/bin/../lib/gcc/arm-none-eabi/4.6.2/../../../../arm-none-eabi/lib/armv6-m/libcr_newlib_nohost.a(_cr_sbrk.o)
                              /Applications/lpcxpresso_5.1.0_2048/lpcxpresso/tools/bin/../lib/gcc/arm-none-eabi/4.6.2/../../../../arm-none-eabi/lib/armv6-m/libc.a(lib_a-sbrkr.o) (_sbrk)
/Applications/lpcxpresso_5.1.0_2048/lpcxpresso/tools/bin/../lib/gcc/arm-none-eabi/4.6.2/../../../../arm-none-eabi/lib/armv6-m/libcr_newlib_nohost.a(_cr_check_heap.o)
                              /Applications/lpcxpresso_5.1.0_2048/lpcxpresso/tools/bin/../lib/gcc/arm-none-eabi/4.6.2/../../../../arm-none-eabi/lib/armv6-m/libcr_newlib_nohost.a(_cr_sbrk.o) (__check_heap_overflow)
/Applications/lpcxpresso_5.1.0_2048/lpcxpresso/tools/bin/../lib/gcc/arm-none-eabi/4.6.2/../../../../arm-none-eabi/lib/armv6-m/libc.a(lib_a-errno.o)
                              /Applications/lpcxpresso_5.1.0_2048/lpcxpresso/tools/bin/../lib/gcc/arm-none-eabi/4.6.2/../../../../arm-none-eabi/lib/armv6-m/libcr_newlib_nohost.a(_cr_sbrk.o) (__errno)

Allocating common symbols
[...]
Memory Configuration

Name             Origin             Length             Attributes
MFlash4          0x0000000000000000 0x0000000000001000 xr
RamLoc1          0x0000000010000000 0x0000000000000400 xrw
*default*        0x0000000000000000 0xffffffffffffffff

Linker script and memory map

LOAD ./src/core/device_dependent/lpc800/cr_cpp_config.o
LOAD ./src/core/device_dependent/lpc800/cr_startup_lpc8xx.o
LOAD ./src/core/device_dependent/lpc800/delay.o
LOAD ./src/core/device_dependent/lpc800/gpio.o
LOAD ./src/core/device_dependent/lpc800/lpc8xx_gpio.o
LOAD ./src/core/device_dependent/lpc800/lpc8xx_spi.o
LOAD ./src/core/device_dependent/lpc800/lpc8xx_uart.o
LOAD ./src/core/device_dependent/lpc800/spi_middle.o
LOAD ./src/core/device_dependent/lpc800/swm.o
LOAD ./src/core/device_dependent/lpc800/system_LPC8xx.o
LOAD ./src/core/device_dependent/lpc800/uart_middle.o
LOAD ./src/core/device_dependent/lpc1115/cr_cpp_config.o
LOAD ./src/core/device_dependent/lpc1115/cr_startup_lpc11.o
LOAD ./src/core/device_dependent/lpc1115/delay.o
LOAD ./src/core/device_dependent/lpc1115/gpio.o
LOAD ./src/core/device_dependent/lpc1115/gpio_int.o
LOAD ./src/core/device_dependent/lpc1115/spi_middle.o
LOAD ./src/core/device_dependent/lpc1115/system_LPC11xx.o
LOAD ./src/core/device_dependent/lpc1115/uart_middle.o
LOAD ./src/core/device_dependent/lpc1114/cr_cpp_config.o
LOAD ./src/core/device_dependent/lpc1114/cr_startup_lpc11.o
LOAD ./src/core/device_dependent/lpc1114/delay.o
LOAD ./src/core/device_dependent/lpc1114/gpio.o
LOAD ./src/core/device_dependent/lpc1114/gpio_int.o
LOAD ./src/core/device_dependent/lpc1114/spi_middle.o
LOAD ./src/core/device_dependent/lpc1114/system_LPC11xx.o
LOAD ./src/core/device_dependent/lpc1114/uart_middle.o
LOAD ./src/core/LiquidCrystal.o
LOAD ./src/core/Print.o
LOAD ./src/core/SPI.o
LOAD ./src/core/SoftwareSerial.o
LOAD ./src/core/Wire.o
LOAD ./src/core/arithmetical.o
LOAD ./src/core/startup_mary.o
LOAD ./src/core/uart.o
LOAD ./src/Samples/maryoled.o
LOAD ./src/user_application.o
START GROUP
LOAD /Applications/lpcxpresso_5.1.0_2048/lpcxpresso/tools/bin/../lib/gcc/arm-none-eabi/4.6.2/armv6-m/libgcc.a
LOAD /Applications/lpcxpresso_5.1.0_2048/lpcxpresso/tools/bin/../lib/gcc/arm-none-eabi/4.6.2/../../../../arm-none-eabi/lib/armv6-m/libc.a
LOAD /Applications/lpcxpresso_5.1.0_2048/lpcxpresso/tools/bin/../lib/gcc/arm-none-eabi/4.6.2/../../../../arm-none-eabi/lib/armv6-m/libm.a
LOAD /Applications/lpcxpresso_5.1.0_2048/lpcxpresso/tools/bin/../lib/gcc/arm-none-eabi/4.6.2/../../../../arm-none-eabi/lib/armv6-m/libcr_newlib_nohost.a
LOAD /Applications/lpcxpresso_5.1.0_2048/lpcxpresso/tools/bin/../lib/gcc/arm-none-eabi/4.6.2/armv6-m/crti.o
LOAD /Applications/lpcxpresso_5.1.0_2048/lpcxpresso/tools/bin/../lib/gcc/arm-none-eabi/4.6.2/armv6-m/crtn.o
LOAD /Applications/lpcxpresso_5.1.0_2048/lpcxpresso/tools/bin/../lib/gcc/arm-none-eabi/4.6.2/armv6-m/crtbegin.o
LOAD /Applications/lpcxpresso_5.1.0_2048/lpcxpresso/tools/bin/../lib/gcc/arm-none-eabi/4.6.2/armv6-m/crtend.o
END GROUP
                0x0000000000001000                __top_MFlash4 = 0x1000
                0x0000000010000400                __top_RamLoc1 = 0x10000400

.text           0x0000000000000000      0xd40
 FILL mask 0xff
 *(.isr_vector)
 .isr_vector    0x0000000000000000       0xc0 ./src/core/device_dependent/lpc800/cr_startup_lpc8xx.o
                0x0000000000000000                g_pfnVectors
                0x00000000000000c0                . = ALIGN (0x4)
                0x00000000000000c0                __section_table_start = .
                0x00000000000000c0                __data_section_table = .
                0x00000000000000c0        0x4 LONG 0xd40 LOADADDR (.data)
                0x00000000000000c4        0x4 LONG 0x10000000 ADDR (.data)
                0x00000000000000c8        0x4 LONG 0xc SIZEOF (.data)
                0x00000000000000cc                __data_section_table_end = .
                0x00000000000000cc                __bss_section_table = .
                0x00000000000000cc        0x4 LONG 0x1000000c ADDR (.bss)
                0x00000000000000d0        0x4 LONG 0xdc SIZEOF (.bss)
                0x00000000000000d4                __bss_section_table_end = .
                0x00000000000000d4                __section_table_end = .
 *(.after_vectors*)
 .after_vectors
                0x00000000000000d4       0x80 ./src/core/device_dependent/lpc800/cr_startup_lpc8xx.o
                0x00000000000000d4                NMI_Handler
                0x00000000000000d8                HardFault_Handler
                0x00000000000000dc                PendSV_Handler
                0x00000000000000e4                _Z9data_initjjj
                0x00000000000000f6                _Z8bss_initjj
                0x0000000000000108                ResetISR
                0x000000000000014c                _Z14SVCall_Handlerv
                0x0000000000000150                PININT3_IRQHandler
                0x0000000000000150                CMP_IRQHandler
                0x0000000000000150                PININT4_IRQHandler
                0x0000000000000150                PININT0_IRQHandler
                0x0000000000000150                BOD_IRQHandler
                0x0000000000000150                SCT_IRQHandler
                0x0000000000000150                I2C_IRQHandler
                0x0000000000000150                WDT_IRQHandler
                0x0000000000000150                PININT6_IRQHandler
                0x0000000000000150                PININT5_IRQHandler
                0x0000000000000150                PININT7_IRQHandler
                0x0000000000000150                WKT_IRQHandler
                0x0000000000000150                PININT2_IRQHandler
                0x0000000000000150                PININT1_IRQHandler
                0x0000000000000150                MRT_IRQHandler
                0x0000000000000150                IntDefaultHandler
 *(.text*)
 .text.__aeabi_atexit
                0x0000000000000154        0x4 ./src/core/device_dependent/lpc800/cr_cpp_config.o
                0x0000000000000154                __aeabi_atexit
 .text.delay    0x0000000000000158       0x18 ./src/core/device_dependent/lpc800/delay.o
                0x0000000000000158                delay
 .text.millis   0x0000000000000170        0xc ./src/core/device_dependent/lpc800/delay.o
                0x0000000000000170                millis
 .text.setup_TIMER32_1
                0x000000000000017c        0x2 ./src/core/device_dependent/lpc800/delay.o
                0x000000000000017c                setup_TIMER32_1
 *fill*         0x000000000000017e        0x2 00
 .text.SysTick_Handler
                0x0000000000000180       0x10 ./src/core/device_dependent/lpc800/delay.o
                0x0000000000000180                SysTick_Handler
 .text.setup_systick
                0x0000000000000190       0x44 ./src/core/device_dependent/lpc800/delay.o
                0x0000000000000190                setup_systick
 .text.pinMode  0x00000000000001d4       0x2c ./src/core/device_dependent/lpc800/gpio.o
                0x00000000000001d4                pinMode
 .text.digitalWrite
                0x0000000000000200       0x54 ./src/core/device_dependent/lpc800/gpio.o
                0x0000000000000200                digitalWrite
 .text._Z8GPIOInitv
                0x0000000000000254       0x28 ./src/core/device_dependent/lpc800/lpc8xx_gpio.o
                0x0000000000000254                _Z8GPIOInitv
 .text._Z15GPIOSetBitValuemmm
                0x000000000000027c       0x1c ./src/core/device_dependent/lpc800/lpc8xx_gpio.o
                0x000000000000027c                _Z15GPIOSetBitValuemmm
 .text._Z10GPIOSetDirmmm
                0x0000000000000298       0x26 ./src/core/device_dependent/lpc800/lpc8xx_gpio.o
                0x0000000000000298                _Z10GPIOSetDirmmm
 *fill*         0x00000000000002be        0x2 00
 .text.SPI_Handler
                0x00000000000002c0       0xa4 ./src/core/device_dependent/lpc800/lpc8xx_spi.o
                0x00000000000002c0                SPI_Handler
 .text.SPI0_IRQHandler
                0x0000000000000364       0x10 ./src/core/device_dependent/lpc800/lpc8xx_spi.o
                0x0000000000000364                SPI0_IRQHandler
 .text.SPI1_IRQHandler
                0x0000000000000374       0x10 ./src/core/device_dependent/lpc800/lpc8xx_spi.o
                0x0000000000000374                SPI1_IRQHandler
 .text.SPI_Init
                0x0000000000000384       0xb8 ./src/core/device_dependent/lpc800/lpc8xx_spi.o
                0x0000000000000384                SPI_Init
 .text.UART_Handler
                0x000000000000043c       0x84 ./src/core/device_dependent/lpc800/lpc8xx_uart.o
                0x000000000000043c                UART_Handler
 .text.UART0_IRQHandler
                0x00000000000004c0       0x10 ./src/core/device_dependent/lpc800/lpc8xx_uart.o
                0x00000000000004c0                UART0_IRQHandler
 .text.UART1_IRQHandler
                0x00000000000004d0       0x10 ./src/core/device_dependent/lpc800/lpc8xx_uart.o
                0x00000000000004d0                UART1_IRQHandler
 .text.UART2_IRQHandler
                0x00000000000004e0       0x10 ./src/core/device_dependent/lpc800/lpc8xx_uart.o
                0x00000000000004e0                UART2_IRQHandler
 .text.UARTClock_Init
                0x00000000000004f0       0x74 ./src/core/device_dependent/lpc800/lpc8xx_uart.o
                0x00000000000004f0                UARTClock_Init
 .text.UARTInit
                0x0000000000000564       0x88 ./src/core/device_dependent/lpc800/lpc8xx_uart.o
                0x0000000000000564                UARTInit
 .text.ssp_begin
                0x00000000000005ec       0x48 ./src/core/device_dependent/lpc800/spi_middle.o
                0x00000000000005ec                ssp_begin
 .text._Z17SwitchMatrix_Initv
                0x0000000000000634       0x28 ./src/core/device_dependent/lpc800/swm.o
                0x0000000000000634                _Z17SwitchMatrix_Initv
 .text.SystemCoreClockUpdate
                0x000000000000065c       0x88 ./src/core/device_dependent/lpc800/system_LPC8xx.o
                0x000000000000065c                SystemCoreClockUpdate
 .text.uart_begin
                0x00000000000006e4       0x10 ./src/core/device_dependent/lpc800/uart_middle.o
                0x00000000000006e4                uart_begin
 .text.uart_write_char
                0x00000000000006f4       0x18 ./src/core/device_dependent/lpc800/uart_middle.o
                0x00000000000006f4                uart_write_char
 .text._ZN5Print7printlnEv
                0x000000000000070c       0x18 ./src/core/Print.o
                0x000000000000070c                _ZN5Print7printlnEv
 .text._ZN5Print5printEPKc
                0x0000000000000724       0x1a ./src/core/Print.o
                0x0000000000000724                _ZN5Print5printEPKc
 *fill*         0x000000000000073e        0x2 00
 .text._ZN5Print5printEi12RADIX_FORMAT
                0x0000000000000740      0x128 ./src/core/Print.o
                0x0000000000000740                _ZN5Print5printEi12RADIX_FORMAT
 .text._ZN5Print7printlnEPKc
                0x0000000000000868       0x12 ./src/core/Print.o
                0x0000000000000868                _ZN5Print7printlnEPKc
 .text._ZN5Print7printlnEi12RADIX_FORMAT
                0x000000000000087a       0x12 ./src/core/Print.o
                0x000000000000087a                _ZN5Print7printlnEi12RADIX_FORMAT
 .text._ZN3SSPD2Ev
                0x000000000000088c        0x2 ./src/core/SPI.o
                0x000000000000088c                _ZN3SSPD2Ev
                0x000000000000088c                _ZN3SSPD1Ev
 .text._ZN3SSP5beginEv
                0x000000000000088e       0x12 ./src/core/SPI.o
                0x000000000000088e                _ZN3SSP5beginEv
 .text._ZN3SSPC2Ev
                0x00000000000008a0       0x1a ./src/core/SPI.o
                0x00000000000008a0                _ZN3SSPC2Ev
                0x00000000000008a0                _ZN3SSPC1Ev
 *fill*         0x00000000000008ba        0x2 00
 .text.startup._GLOBAL__sub_I_SPI
                0x00000000000008bc       0x24 ./src/core/SPI.o
 .text.startup.main
                0x00000000000008e0       0x20 ./src/core/startup_mary.o
                0x00000000000008e0                main
 .text._ZN7USerialD2Ev
                0x0000000000000900        0xc ./src/core/uart.o
                0x0000000000000900                _ZN7USerialD1Ev
                0x0000000000000900                _ZN7USerialD2Ev
 .text._ZN7USerial5writeEc
                0x000000000000090c        0xa ./src/core/uart.o
                0x000000000000090c                _ZN7USerial5writeEc
 .text._ZN7USerial5beginEi
                0x0000000000000916        0xc ./src/core/uart.o
                0x0000000000000916                _ZN7USerial5beginEi
 *fill*         0x0000000000000922        0x2 00
 .text.startup._GLOBAL__sub_I_Serial
                0x0000000000000924       0x2c ./src/core/uart.o
 .text._ZN8MARYOLEDD2Ev
                0x0000000000000950        0x2 ./src/Samples/maryoled.o
                0x0000000000000950                _ZN8MARYOLEDD1Ev
                0x0000000000000950                _ZN8MARYOLEDD2Ev
 *fill*         0x0000000000000952        0x2 00
 .text.startup._GLOBAL__sub_I_oled
                0x0000000000000954       0x2c ./src/Samples/maryoled.o
 .text._Z5setupv
                0x0000000000000980       0x28 ./src/user_application.o
                0x0000000000000980                _Z5setupv
 .text._Z4loopv
                0x00000000000009a8       0x40 ./src/user_application.o
                0x00000000000009a8                _Z4loopv
 .text          0x00000000000009e8       0x14 /Applications/lpcxpresso_5.1.0_2048/lpcxpresso/tools/bin/../lib/gcc/arm-none-eabi/4.6.2/armv6-m/libgcc.a(_thumb1_case_uqi.o)
                0x00000000000009e8                __gnu_thumb1_case_uqi
 .text          0x00000000000009fc       0x9c /Applications/lpcxpresso_5.1.0_2048/lpcxpresso/tools/bin/../lib/gcc/arm-none-eabi/4.6.2/armv6-m/libgcc.a(_udivsi3.o)
                0x00000000000009fc                __udivsi3
                0x00000000000009fc                __aeabi_uidiv
                0x0000000000000a84                __aeabi_uidivmod
 .text          0x0000000000000a98       0xc0 /Applications/lpcxpresso_5.1.0_2048/lpcxpresso/tools/bin/../lib/gcc/arm-none-eabi/4.6.2/armv6-m/libgcc.a(_divsi3.o)
                0x0000000000000a98                __aeabi_idiv
                0x0000000000000a98                __divsi3
                0x0000000000000b44                __aeabi_idivmod
 .text          0x0000000000000b58        0x4 /Applications/lpcxpresso_5.1.0_2048/lpcxpresso/tools/bin/../lib/gcc/arm-none-eabi/4.6.2/armv6-m/libgcc.a(_dvmd_tls.o)
                0x0000000000000b58                __aeabi_ldiv0
                0x0000000000000b58                __aeabi_idiv0
 .text.__libc_init_array
                0x0000000000000b5c       0x44 /Applications/lpcxpresso_5.1.0_2048/lpcxpresso/tools/bin/../lib/gcc/arm-none-eabi/4.6.2/../../../../arm-none-eabi/lib/armv6-m/libc.a(lib_a-init.o)
                0x0000000000000b5c                __libc_init_array
 .text          0x0000000000000ba0       0x60 /Applications/lpcxpresso_5.1.0_2048/lpcxpresso/tools/bin/../lib/gcc/arm-none-eabi/4.6.2/armv6-m/crtbegin.o
 *(.rodata .rodata.*)
 .rodata._ZL17xpresso_pinAssign
                0x0000000000000c00       0x90 ./src/core/device_dependent/lpc800/gpio.o
 .rodata.CSWTCH.13
                0x0000000000000c90       0x3c ./src/core/device_dependent/lpc800/system_LPC8xx.o
 .rodata._ZL9radix_hex
                0x0000000000000ccc       0x11 ./src/core/Print.o
 .rodata._ZL9radix_dec
                0x0000000000000cdd        0xb ./src/core/Print.o
 .rodata._ZL9radix_oct
                0x0000000000000ce8        0x9 ./src/core/Print.o
 .rodata._ZL9radix_bin
                0x0000000000000cf1        0x3 ./src/core/Print.o
 *fill*         0x0000000000000cf4        0x4 00
 .rodata._ZTV7USerial
                0x0000000000000cf8       0x10 ./src/core/uart.o
                0x0000000000000cf8                _ZTV7USerial
 .rodata.str1.1
                0x0000000000000d08        0xf ./src/user_application.o
                0x0000000000000d18                . = ALIGN (0x4)
 *fill*         0x0000000000000d17        0x1 ff
                0x0000000000000d18                . = ALIGN (0x4)
 *(.init)
 .init          0x0000000000000d18        0x4 /Applications/lpcxpresso_5.1.0_2048/lpcxpresso/tools/bin/../lib/gcc/arm-none-eabi/4.6.2/armv6-m/crti.o
                0x0000000000000d18                _init
 .init          0x0000000000000d1c        0x8 /Applications/lpcxpresso_5.1.0_2048/lpcxpresso/tools/bin/../lib/gcc/arm-none-eabi/4.6.2/armv6-m/crtn.o
                0x0000000000000d24                . = ALIGN (0x4)
                0x0000000000000d24                __preinit_array_start = .
 *(.preinit_array)
                0x0000000000000d24                __preinit_array_end = .
                0x0000000000000d24                . = ALIGN (0x4)
                0x0000000000000d24                __init_array_start = .
 *(SORT(.init_array.*))
 *(.init_array)
 .init_array    0x0000000000000d24        0x4 ./src/core/SPI.o
 .init_array    0x0000000000000d28        0x4 ./src/core/uart.o
 .init_array    0x0000000000000d2c        0x4 ./src/Samples/maryoled.o
 .init_array    0x0000000000000d30        0x4 /Applications/lpcxpresso_5.1.0_2048/lpcxpresso/tools/bin/../lib/gcc/arm-none-eabi/4.6.2/armv6-m/crtbegin.o
                0x0000000000000d34                __init_array_end = .
 *(.fini)
 .fini          0x0000000000000d34        0x4 /Applications/lpcxpresso_5.1.0_2048/lpcxpresso/tools/bin/../lib/gcc/arm-none-eabi/4.6.2/armv6-m/crti.o
                0x0000000000000d34                _fini
 .fini          0x0000000000000d38        0x8 /Applications/lpcxpresso_5.1.0_2048/lpcxpresso/tools/bin/../lib/gcc/arm-none-eabi/4.6.2/armv6-m/crtn.o
                0x0000000000000d40                . = ALIGN (0x4)
 *crtbegin.o(.ctors)
 *(EXCLUDE_FILE(*crtend.o) .ctors)
 *(SORT(.ctors.*))
 *crtend.o(.ctors)
                0x0000000000000d40                . = ALIGN (0x4)
 *crtbegin.o(.dtors)
 *(EXCLUDE_FILE(*crtend.o) .dtors)
 *(SORT(.dtors.*))
 *crtend.o(.dtors)

.glue_7         0x0000000000000d40        0x0
 .glue_7        0x0000000000000000        0x0 linker stubs

.glue_7t        0x0000000000000d40        0x0
 .glue_7t       0x0000000000000000        0x0 linker stubs

.vfp11_veneer   0x0000000000000d40        0x0
 .vfp11_veneer  0x0000000000000000        0x0 linker stubs

.v4_bx          0x0000000000000d40        0x0
 .v4_bx         0x0000000000000000        0x0 linker stubs

.eh_frame       0x0000000000000d40        0x0
 .eh_frame      0x0000000000000d40        0x0 /Applications/lpcxpresso_5.1.0_2048/lpcxpresso/tools/bin/../lib/gcc/arm-none-eabi/4.6.2/armv6-m/crtbegin.o

.ARM.extab
 *(.ARM.extab* .gnu.linkonce.armextab.*)
                0x0000000000000d40                __exidx_start = .

.ARM.exidx
 *(.ARM.exidx* .gnu.linkonce.armexidx.*)
                0x0000000000000d40                __exidx_end = .
                0x0000000000000d40                _etext = .

.uninit_RESERVED
                0x0000000010000000        0x0
 *(.bss.$RESERVED*)
                0x0000000010000000                . = ALIGN (0x4)
                0x0000000010000000                _end_uninit_RESERVED = .

.data           0x0000000010000000        0xc load address 0x0000000000000d40
 FILL mask 0xff
                0x0000000010000000                _data = .
 *(vtable)
 *(.data*)
 .data.UARTTxEmpty
                0x0000000010000000        0x1 ./src/core/device_dependent/lpc800/lpc8xx_uart.o
                0x0000000010000000                UARTTxEmpty
 *fill*         0x0000000010000001        0x3 00
 .data.SystemCoreClock
                0x0000000010000004        0x4 ./src/core/device_dependent/lpc800/system_LPC8xx.o
                0x0000000010000004                SystemCoreClock
 .data          0x0000000010000008        0x4 /Applications/lpcxpresso_5.1.0_2048/lpcxpresso/tools/bin/../lib/gcc/arm-none-eabi/4.6.2/armv6-m/crtbegin.o
                0x0000000010000008                __dso_handle
                0x000000001000000c                . = ALIGN (0x4)
                0x000000001000000c                _edata = .

.jcr            0x000000001000000c        0x0 load address 0x0000000000000d4c
 .jcr           0x000000001000000c        0x0 /Applications/lpcxpresso_5.1.0_2048/lpcxpresso/tools/bin/../lib/gcc/arm-none-eabi/4.6.2/armv6-m/crtbegin.o

.bss            0x000000001000000c       0xdc load address 0x0000000000000d4c
                0x000000001000000c                _bss = .
 *(.bss*)
 .bss._ZL7msTicks
                0x000000001000000c        0x4 ./src/core/device_dependent/lpc800/delay.o
 .bss.rxrdy     0x0000000010000010        0x4 ./src/core/device_dependent/lpc800/lpc8xx_spi.o
                0x0000000010000010                rxrdy
 .bss.SPISSELDeassertCount
                0x0000000010000014        0x4 ./src/core/device_dependent/lpc800/lpc8xx_spi.o
                0x0000000010000014                SPISSELDeassertCount
 .bss.SPIInterruptCount
                0x0000000010000018        0x4 ./src/core/device_dependent/lpc800/lpc8xx_spi.o
                0x0000000010000018                SPIInterruptCount
 .bss.txrdy     0x000000001000001c        0x4 ./src/core/device_dependent/lpc800/lpc8xx_spi.o
                0x000000001000001c                txrdy
 .bss.SPIRXCount
                0x0000000010000020        0x4 ./src/core/device_dependent/lpc800/lpc8xx_spi.o
                0x0000000010000020                SPIRXCount
 .bss.SPIRXOverrunCount
                0x0000000010000024        0x4 ./src/core/device_dependent/lpc800/lpc8xx_spi.o
                0x0000000010000024                SPIRXOverrunCount
 .bss.SPITXUnderrunCount
                0x0000000010000028        0x4 ./src/core/device_dependent/lpc800/lpc8xx_spi.o
                0x0000000010000028                SPITXUnderrunCount
 .bss.SPISSELAssertCount
                0x000000001000002c        0x4 ./src/core/device_dependent/lpc800/lpc8xx_spi.o
                0x000000001000002c                SPISSELAssertCount
 .bss.SPITXCount
                0x0000000010000030        0x4 ./src/core/device_dependent/lpc800/lpc8xx_spi.o
                0x0000000010000030                SPITXCount
 .bss.UARTBlockReceived
                0x0000000010000034        0x4 ./src/core/device_dependent/lpc800/lpc8xx_uart.o
                0x0000000010000034                UARTBlockReceived
 .bss.UARTInterruptCount
                0x0000000010000038        0x4 ./src/core/device_dependent/lpc800/lpc8xx_uart.o
                0x0000000010000038                UARTInterruptCount
 .bss.UARTRxRdyCount
                0x000000001000003c        0x4 ./src/core/device_dependent/lpc800/lpc8xx_uart.o
                0x000000001000003c                UARTRxRdyCount
 .bss.AddrDetected
                0x0000000010000040        0x4 ./src/core/device_dependent/lpc800/lpc8xx_uart.o
                0x0000000010000040                AddrDetected
 .bss.UARTRxCount
                0x0000000010000044        0x4 ./src/core/device_dependent/lpc800/lpc8xx_uart.o
                0x0000000010000044                UARTRxCount
 .bss.SPI_BIT_LENGTH
                0x0000000010000048        0x4 ./src/core/device_dependent/lpc800/spi_middle.o
                0x0000000010000048                SPI_BIT_LENGTH
 .bss.SPI       0x000000001000004c        0x8 ./src/core/SPI.o
                0x000000001000004c                SPI
 .bss.Serial    0x0000000010000054        0xc ./src/core/uart.o
                0x0000000010000054                Serial
 .bss.oled      0x0000000010000060       0x28 ./src/Samples/maryoled.o
                0x0000000010000060                oled
 .bss           0x0000000010000088       0x1c /Applications/lpcxpresso_5.1.0_2048/lpcxpresso/tools/bin/../lib/gcc/arm-none-eabi/4.6.2/armv6-m/crtbegin.o
 *(COMMON)
 COMMON         0x00000000100000a4       0x44 ./src/core/device_dependent/lpc800/lpc8xx_uart.o
                0x00000000100000a4                UARTRxBuffer
                0x00000000100000c4                UARTStatus
                0x00000000100000c8                UARTTxBuffer
                0x00000000100000e8                . = ALIGN (0x4)
                0x00000000100000e8                _ebss = .
                0x00000000100000e8                PROVIDE (end, .)

.noinit         0x00000000100000e8        0x0 load address 0x0000000000000d4c
                0x00000000100000e8                _noinit = .
 *(.noinit*)
                0x00000000100000e8                . = ALIGN (0x4)
                0x00000000100000e8                _end_noinit = .
                0x00000000100000e8                PROVIDE (_pvHeapStart, .)
                0x0000000010000400                PROVIDE (_vStackTop, (__top_RamLoc1 - 0x0))
OUTPUT(eXodusino.axf elf32-littlearm)

.debug_info     0x0000000000000000     0xa109
 .debug_info    0x0000000000000000      0x1b8 ./src/core/device_dependent/lpc800/cr_cpp_config.o
 .debug_info    0x00000000000001b8      0x25b ./src/core/device_dependent/lpc800/cr_startup_lpc8xx.o
 .debug_info    0x0000000000000413      0x60f ./src/core/device_dependent/lpc800/delay.o
 .debug_info    0x0000000000000a22      0x439 ./src/core/device_dependent/lpc800/gpio.o
 .debug_info    0x0000000000000e5b      0xdc9 ./src/core/device_dependent/lpc800/lpc8xx_gpio.o
 .debug_info    0x0000000000001c24      0xbd0 ./src/core/device_dependent/lpc800/lpc8xx_spi.o
 .debug_info    0x00000000000027f4      0x30d ./src/core/device_dependent/lpc800/spi_middle.o
 .debug_info    0x0000000000002b01      0x54e ./src/core/device_dependent/lpc800/swm.o
 .debug_info    0x000000000000304f      0x490 ./src/core/device_dependent/lpc800/system_LPC8xx.o
 .debug_info    0x00000000000034df      0x1fc ./src/core/device_dependent/lpc800/uart_middle.o
 .debug_info    0x00000000000036db     0x1085 ./src/core/LiquidCrystal.o
 .debug_info    0x0000000000004760      0x545 ./src/core/Print.o
 .debug_info    0x0000000000004ca5      0x5cb ./src/core/SPI.o
 .debug_info    0x0000000000005270      0x9f1 ./src/core/SoftwareSerial.o
 .debug_info    0x0000000000005c61     0x2652 ./src/core/Wire.o
 .debug_info    0x00000000000082b3      0x2c8 ./src/core/arithmetical.o
 .debug_info    0x000000000000857b      0x12f ./src/core/startup_mary.o
 .debug_info    0x00000000000086aa      0x525 ./src/core/uart.o
 .debug_info    0x0000000000008bcf     0x1192 ./src/Samples/maryoled.o
 .debug_info    0x0000000000009d61      0x1ea ./src/user_application.o
 .debug_info    0x0000000000009f4b      0x108 /Applications/lpcxpresso_5.1.0_2048/lpcxpresso/tools/bin/../lib/gcc/arm-none-eabi/4.6.2/../../../../arm-none-eabi/lib/armv6-m/libcr_newlib_nohost.a(_cr_sbrk.o)
 .debug_info    0x000000000000a053       0xb6 /Applications/lpcxpresso_5.1.0_2048/lpcxpresso/tools/bin/../lib/gcc/arm-none-eabi/4.6.2/../../../../arm-none-eabi/lib/armv6-m/libcr_newlib_nohost.a(_cr_check_heap.o)

.debug_abbrev   0x0000000000000000     0x264a
 .debug_abbrev  0x0000000000000000       0xf9 ./src/core/device_dependent/lpc800/cr_cpp_config.o
 .debug_abbrev  0x00000000000000f9      0x127 ./src/core/device_dependent/lpc800/cr_startup_lpc8xx.o
 .debug_abbrev  0x0000000000000220      0x21a ./src/core/device_dependent/lpc800/delay.o
 .debug_abbrev  0x000000000000043a      0x171 ./src/core/device_dependent/lpc800/gpio.o
 .debug_abbrev  0x00000000000005ab      0x234 ./src/core/device_dependent/lpc800/lpc8xx_gpio.o
 .debug_abbrev  0x00000000000007df      0x210 ./src/core/device_dependent/lpc800/lpc8xx_spi.o
 .debug_abbrev  0x00000000000009ef      0x12d ./src/core/device_dependent/lpc800/spi_middle.o
 .debug_abbrev  0x0000000000000b1c       0xda ./src/core/device_dependent/lpc800/swm.o
 .debug_abbrev  0x0000000000000bf6       0xd8 ./src/core/device_dependent/lpc800/system_LPC8xx.o
 .debug_abbrev  0x0000000000000cce       0xf6 ./src/core/device_dependent/lpc800/uart_middle.o
 .debug_abbrev  0x0000000000000dc4        0x1 ./src/core/device_dependent/lpc1115/cr_cpp_config.o
 .debug_abbrev  0x0000000000000dc5        0x1 ./src/core/device_dependent/lpc1115/cr_startup_lpc11.o
 .debug_abbrev  0x0000000000000dc6        0x1 ./src/core/device_dependent/lpc1115/delay.o
 .debug_abbrev  0x0000000000000dc7        0x1 ./src/core/device_dependent/lpc1115/gpio.o
 .debug_abbrev  0x0000000000000dc8        0x1 ./src/core/device_dependent/lpc1115/gpio_int.o
 .debug_abbrev  0x0000000000000dc9        0x1 ./src/core/device_dependent/lpc1115/spi_middle.o
 .debug_abbrev  0x0000000000000dca        0x1 ./src/core/device_dependent/lpc1115/system_LPC11xx.o
 .debug_abbrev  0x0000000000000dcb        0x1 ./src/core/device_dependent/lpc1115/uart_middle.o
 .debug_abbrev  0x0000000000000dcc        0x1 ./src/core/device_dependent/lpc1114/cr_cpp_config.o
 .debug_abbrev  0x0000000000000dcd        0x1 ./src/core/device_dependent/lpc1114/cr_startup_lpc11.o
 .debug_abbrev  0x0000000000000dce        0x1 ./src/core/device_dependent/lpc1114/delay.o
 .debug_abbrev  0x0000000000000dcf        0x1 ./src/core/device_dependent/lpc1114/gpio.o
 .debug_abbrev  0x0000000000000dd0        0x1 ./src/core/device_dependent/lpc1114/gpio_int.o
 .debug_abbrev  0x0000000000000dd1        0x1 ./src/core/device_dependent/lpc1114/spi_middle.o
 .debug_abbrev  0x0000000000000dd2        0x1 ./src/core/device_dependent/lpc1114/system_LPC11xx.o
 .debug_abbrev  0x0000000000000dd3        0x1 ./src/core/device_dependent/lpc1114/uart_middle.o
 .debug_abbrev  0x0000000000000dd4      0x2bd ./src/core/LiquidCrystal.o
 .debug_abbrev  0x0000000000001091      0x17c ./src/core/Print.o
 .debug_abbrev  0x000000000000120d      0x242 ./src/core/SPI.o
 .debug_abbrev  0x000000000000144f      0x369 ./src/core/SoftwareSerial.o
 .debug_abbrev  0x00000000000017b8      0x576 ./src/core/Wire.o
 .debug_abbrev  0x0000000000001d2e      0x119 ./src/core/arithmetical.o
 .debug_abbrev  0x0000000000001e47       0x67 ./src/core/startup_mary.o
 .debug_abbrev  0x0000000000001eae      0x293 ./src/core/uart.o
 .debug_abbrev  0x0000000000002141      0x34d ./src/Samples/maryoled.o
 .debug_abbrev  0x000000000000248e       0xb1 ./src/user_application.o
 .debug_abbrev  0x000000000000253f       0x99 /Applications/lpcxpresso_5.1.0_2048/lpcxpresso/tools/bin/../lib/gcc/arm-none-eabi/4.6.2/../../../../arm-none-eabi/lib/armv6-m/libcr_newlib_nohost.a(_cr_sbrk.o)
 .debug_abbrev  0x00000000000025d8       0x72 /Applications/lpcxpresso_5.1.0_2048/lpcxpresso/tools/bin/../lib/gcc/arm-none-eabi/4.6.2/../../../../arm-none-eabi/lib/armv6-m/libcr_newlib_nohost.a(_cr_check_heap.o)

.debug_loc      0x0000000000000000     0x3c9a
 .debug_loc     0x0000000000000000       0xff ./src/core/device_dependent/lpc800/cr_cpp_config.o
 .debug_loc     0x00000000000000ff      0x2af ./src/core/device_dependent/lpc800/cr_startup_lpc8xx.o
 .debug_loc     0x00000000000003ae       0x72 ./src/core/device_dependent/lpc800/delay.o
 .debug_loc     0x0000000000000420       0xeb ./src/core/device_dependent/lpc800/gpio.o
 .debug_loc     0x000000000000050b      0x510 ./src/core/device_dependent/lpc800/lpc8xx_gpio.o
 .debug_loc     0x0000000000000a1b      0x3f1 ./src/core/device_dependent/lpc800/lpc8xx_spi.o
 .debug_loc     0x0000000000000e0c       0xd8 ./src/core/device_dependent/lpc800/spi_middle.o
 .debug_loc     0x0000000000000ee4       0x5f ./src/core/device_dependent/lpc800/system_LPC8xx.o
 .debug_loc     0x0000000000000f43       0x66 ./src/core/device_dependent/lpc800/uart_middle.o
 .debug_loc     0x0000000000000fa9      0x937 ./src/core/LiquidCrystal.o
 .debug_loc     0x00000000000018e0      0x433 ./src/core/Print.o
 .debug_loc     0x0000000000001d13      0x14a ./src/core/SPI.o
 .debug_loc     0x0000000000001e5d      0x4dd ./src/core/SoftwareSerial.o
 .debug_loc     0x000000000000233a      0xc55 ./src/core/Wire.o
 .debug_loc     0x0000000000002f8f      0x1de ./src/core/arithmetical.o
 .debug_loc     0x000000000000316d       0x20 ./src/core/startup_mary.o
 .debug_loc     0x000000000000318d      0x112 ./src/core/uart.o
 .debug_loc     0x000000000000329f      0x920 ./src/Samples/maryoled.o
 .debug_loc     0x0000000000003bbf       0x40 ./src/user_application.o
 .debug_loc     0x0000000000003bff       0x68 /Applications/lpcxpresso_5.1.0_2048/lpcxpresso/tools/bin/../lib/gcc/arm-none-eabi/4.6.2/../../../../arm-none-eabi/lib/armv6-m/libcr_newlib_nohost.a(_cr_sbrk.o)
 .debug_loc     0x0000000000003c67       0x33 /Applications/lpcxpresso_5.1.0_2048/lpcxpresso/tools/bin/../lib/gcc/arm-none-eabi/4.6.2/../../../../arm-none-eabi/lib/armv6-m/libcr_newlib_nohost.a(_cr_check_heap.o)

.debug_aranges  0x0000000000000000      0x8d0
 .debug_aranges
                0x0000000000000000       0x48 ./src/core/device_dependent/lpc800/cr_cpp_config.o
 .debug_aranges
                0x0000000000000048       0x68 ./src/core/device_dependent/lpc800/cr_startup_lpc8xx.o
 .debug_aranges
                0x00000000000000b0       0x68 ./src/core/device_dependent/lpc800/delay.o
 .debug_aranges
                0x0000000000000118       0x58 ./src/core/device_dependent/lpc800/gpio.o
 .debug_aranges
                0x0000000000000170       0xc8 ./src/core/device_dependent/lpc800/lpc8xx_gpio.o
 .debug_aranges
                0x0000000000000238       0x68 ./src/core/device_dependent/lpc800/lpc8xx_spi.o
 .debug_aranges
                0x00000000000002a0       0x28 ./src/core/device_dependent/lpc800/spi_middle.o
 .debug_aranges
                0x00000000000002c8       0x20 ./src/core/device_dependent/lpc800/swm.o
 .debug_aranges
                0x00000000000002e8       0x28 ./src/core/device_dependent/lpc800/system_LPC8xx.o
 .debug_aranges
                0x0000000000000310       0x40 ./src/core/device_dependent/lpc800/uart_middle.o
 .debug_aranges
                0x0000000000000350       0xf8 ./src/core/LiquidCrystal.o
 .debug_aranges
                0x0000000000000448       0x58 ./src/core/Print.o
 .debug_aranges
                0x00000000000004a0       0x70 ./src/core/SPI.o
 .debug_aranges
                0x0000000000000510       0x88 ./src/core/SoftwareSerial.o
 .debug_aranges
                0x0000000000000598      0x128 ./src/core/Wire.o
 .debug_aranges
                0x00000000000006c0       0x48 ./src/core/arithmetical.o
 .debug_aranges
                0x0000000000000708       0x20 ./src/core/startup_mary.o
 .debug_aranges
                0x0000000000000728       0x58 ./src/core/uart.o
 .debug_aranges
                0x0000000000000780       0xe8 ./src/Samples/maryoled.o
 .debug_aranges
                0x0000000000000868       0x28 ./src/user_application.o
 .debug_aranges
                0x0000000000000890       0x20 /Applications/lpcxpresso_5.1.0_2048/lpcxpresso/tools/bin/../lib/gcc/arm-none-eabi/4.6.2/../../../../arm-none-eabi/lib/armv6-m/libcr_newlib_nohost.a(_cr_sbrk.o)
 .debug_aranges
                0x00000000000008b0       0x20 /Applications/lpcxpresso_5.1.0_2048/lpcxpresso/tools/bin/../lib/gcc/arm-none-eabi/4.6.2/../../../../arm-none-eabi/lib/armv6-m/libcr_newlib_nohost.a(_cr_check_heap.o)

.debug_ranges   0x0000000000000000      0x978
 .debug_ranges  0x0000000000000000       0x38 ./src/core/device_dependent/lpc800/cr_cpp_config.o
 .debug_ranges  0x0000000000000038       0x58 ./src/core/device_dependent/lpc800/cr_startup_lpc8xx.o
 .debug_ranges  0x0000000000000090       0x70 ./src/core/device_dependent/lpc800/delay.o
 .debug_ranges  0x0000000000000100       0x48 ./src/core/device_dependent/lpc800/gpio.o
 .debug_ranges  0x0000000000000148      0x100 ./src/core/device_dependent/lpc800/lpc8xx_gpio.o
 .debug_ranges  0x0000000000000248       0x58 ./src/core/device_dependent/lpc800/lpc8xx_spi.o
 .debug_ranges  0x00000000000002a0       0x18 ./src/core/device_dependent/lpc800/spi_middle.o
 .debug_ranges  0x00000000000002b8       0x10 ./src/core/device_dependent/lpc800/swm.o
 .debug_ranges  0x00000000000002c8       0x30 ./src/core/device_dependent/lpc800/system_LPC8xx.o
 .debug_ranges  0x00000000000002f8       0x30 ./src/core/device_dependent/lpc800/uart_middle.o
 .debug_ranges  0x0000000000000328       0xe8 ./src/core/LiquidCrystal.o
 .debug_ranges  0x0000000000000410       0x48 ./src/core/Print.o
 .debug_ranges  0x0000000000000458       0x78 ./src/core/SPI.o
 .debug_ranges  0x00000000000004d0       0x90 ./src/core/SoftwareSerial.o
 .debug_ranges  0x0000000000000560      0x180 ./src/core/Wire.o
 .debug_ranges  0x00000000000006e0       0x80 ./src/core/arithmetical.o
 .debug_ranges  0x0000000000000760       0x10 ./src/core/startup_mary.o
 .debug_ranges  0x0000000000000770       0x48 ./src/core/uart.o
 .debug_ranges  0x00000000000007b8      0x188 ./src/Samples/maryoled.o
 .debug_ranges  0x0000000000000940       0x18 ./src/user_application.o
 .debug_ranges  0x0000000000000958       0x10 /Applications/lpcxpresso_5.1.0_2048/lpcxpresso/tools/bin/../lib/gcc/arm-none-eabi/4.6.2/../../../../arm-none-eabi/lib/armv6-m/libcr_newlib_nohost.a(_cr_sbrk.o)
 .debug_ranges  0x0000000000000968       0x10 /Applications/lpcxpresso_5.1.0_2048/lpcxpresso/tools/bin/../lib/gcc/arm-none-eabi/4.6.2/../../../../arm-none-eabi/lib/armv6-m/libcr_newlib_nohost.a(_cr_check_heap.o)

.debug_line     0x0000000000000000     0x323a
 .debug_line    0x0000000000000000      0x131 ./src/core/device_dependent/lpc800/cr_cpp_config.o
 .debug_line    0x0000000000000131       0xd5 ./src/core/device_dependent/lpc800/cr_startup_lpc8xx.o
 .debug_line    0x0000000000000206      0x2a4 ./src/core/device_dependent/lpc800/delay.o
 .debug_line    0x00000000000004aa      0x1f4 ./src/core/device_dependent/lpc800/gpio.o
 .debug_line    0x000000000000069e      0x336 ./src/core/device_dependent/lpc800/lpc8xx_gpio.o
 .debug_line    0x00000000000009d4      0x32d ./src/core/device_dependent/lpc800/lpc8xx_spi.o
 .debug_line    0x0000000000000d01      0x1ab ./src/core/device_dependent/lpc800/spi_middle.o
 .debug_line    0x0000000000000eac      0x164 ./src/core/device_dependent/lpc800/swm.o
 .debug_line    0x0000000000001010      0x14e ./src/core/device_dependent/lpc800/system_LPC8xx.o
 .debug_line    0x000000000000115e      0x1c8 ./src/core/device_dependent/lpc800/uart_middle.o
 .debug_line    0x0000000000001326        0x0 ./src/core/device_dependent/lpc1115/cr_cpp_config.o
 .debug_line    0x0000000000001326        0x0 ./src/core/device_dependent/lpc1115/cr_startup_lpc11.o
 .debug_line    0x0000000000001326        0x0 ./src/core/device_dependent/lpc1115/delay.o
 .debug_line    0x0000000000001326        0x0 ./src/core/device_dependent/lpc1115/gpio.o
 .debug_line    0x0000000000001326        0x0 ./src/core/device_dependent/lpc1115/gpio_int.o
 .debug_line    0x0000000000001326        0x0 ./src/core/device_dependent/lpc1115/spi_middle.o
 .debug_line    0x0000000000001326        0x0 ./src/core/device_dependent/lpc1115/system_LPC11xx.o
 .debug_line    0x0000000000001326        0x0 ./src/core/device_dependent/lpc1115/uart_middle.o
 .debug_line    0x0000000000001326        0x0 ./src/core/device_dependent/lpc1114/cr_cpp_config.o
 .debug_line    0x0000000000001326        0x0 ./src/core/device_dependent/lpc1114/cr_startup_lpc11.o
 .debug_line    0x0000000000001326        0x0 ./src/core/device_dependent/lpc1114/delay.o
 .debug_line    0x0000000000001326        0x0 ./src/core/device_dependent/lpc1114/gpio.o
 .debug_line    0x0000000000001326        0x0 ./src/core/device_dependent/lpc1114/gpio_int.o
 .debug_line    0x0000000000001326        0x0 ./src/core/device_dependent/lpc1114/spi_middle.o
 .debug_line    0x0000000000001326        0x0 ./src/core/device_dependent/lpc1114/system_LPC11xx.o
 .debug_line    0x0000000000001326        0x0 ./src/core/device_dependent/lpc1114/uart_middle.o
 .debug_line    0x0000000000001326      0x497 ./src/core/LiquidCrystal.o
 .debug_line    0x00000000000017bd      0x13d ./src/core/Print.o
 .debug_line    0x00000000000018fa      0x191 ./src/core/SPI.o
 .debug_line    0x0000000000001a8b      0x33b ./src/core/SoftwareSerial.o
 .debug_line    0x0000000000001dc6      0xa0e ./src/core/Wire.o
 .debug_line    0x00000000000027d4      0x1a2 ./src/core/arithmetical.o
 .debug_line    0x0000000000002976      0x114 ./src/core/startup_mary.o
 .debug_line    0x0000000000002a8a      0x153 ./src/core/uart.o
 .debug_line    0x0000000000002bdd      0x418 ./src/Samples/maryoled.o
 .debug_line    0x0000000000002ff5      0x12c ./src/user_application.o
 .debug_line    0x0000000000003121       0xc8 /Applications/lpcxpresso_5.1.0_2048/lpcxpresso/tools/bin/../lib/gcc/arm-none-eabi/4.6.2/../../../../arm-none-eabi/lib/armv6-m/libcr_newlib_nohost.a(_cr_sbrk.o)
 .debug_line    0x00000000000031e9       0x51 /Applications/lpcxpresso_5.1.0_2048/lpcxpresso/tools/bin/../lib/gcc/arm-none-eabi/4.6.2/../../../../arm-none-eabi/lib/armv6-m/libcr_newlib_nohost.a(_cr_check_heap.o)

.debug_str      0x0000000000000000     0x36a9
 .debug_str     0x0000000000000000      0x1f0 ./src/core/device_dependent/lpc800/cr_cpp_config.o
                                        0x240 (size before relaxing)
 .debug_str     0x00000000000001f0      0x196 ./src/core/device_dependent/lpc800/cr_startup_lpc8xx.o
                                        0x245 (size before relaxing)
 .debug_str     0x0000000000000386      0x3c5 ./src/core/device_dependent/lpc800/delay.o
                                        0x538 (size before relaxing)
 .debug_str     0x000000000000074b      0x1cc ./src/core/device_dependent/lpc800/gpio.o
                                        0x367 (size before relaxing)
 .debug_str     0x0000000000000917      0x71e ./src/core/device_dependent/lpc800/lpc8xx_gpio.o
                                        0xb4d (size before relaxing)
 .debug_str     0x0000000000001035      0x204 ./src/core/device_dependent/lpc800/lpc8xx_spi.o
                                        0x7ae (size before relaxing)
 .debug_str     0x0000000000001239      0x158 ./src/core/device_dependent/lpc800/spi_middle.o
                                        0x379 (size before relaxing)
 .debug_str     0x0000000000001391       0xdf ./src/core/device_dependent/lpc800/swm.o
                                        0x440 (size before relaxing)
 .debug_str     0x0000000000001470       0x5f ./src/core/device_dependent/lpc800/system_LPC8xx.o
                                        0x3c0 (size before relaxing)
 .debug_str     0x00000000000014cf       0xc3 ./src/core/device_dependent/lpc800/uart_middle.o
                                        0x238 (size before relaxing)
 .debug_str     0x0000000000001592      0x4c4 ./src/core/LiquidCrystal.o
                                        0x6bd (size before relaxing)
 .debug_str     0x0000000000001a56      0x113 ./src/core/Print.o
                                        0x2ae (size before relaxing)
 .debug_str     0x0000000000001b69      0x1ad ./src/core/SPI.o
                                        0x44a (size before relaxing)
 .debug_str     0x0000000000001d16      0x39d ./src/core/SoftwareSerial.o
                                        0x649 (size before relaxing)
 .debug_str     0x00000000000020b3      0xd48 ./src/core/Wire.o
                                       0x110a (size before relaxing)
 .debug_str     0x0000000000002dfb       0xb3 ./src/core/arithmetical.o
                                        0x21c (size before relaxing)
 .debug_str     0x0000000000002eae       0x22 ./src/core/startup_mary.o
                                        0x181 (size before relaxing)
 .debug_str     0x0000000000002ed0       0xcd ./src/core/uart.o
                                        0x2f3 (size before relaxing)
 .debug_str     0x0000000000002f9d      0x5a4 ./src/Samples/maryoled.o
                                        0xad1 (size before relaxing)
 .debug_str     0x0000000000003541       0x35 ./src/user_application.o
                                        0x233 (size before relaxing)
 .debug_str     0x0000000000003576       0xee /Applications/lpcxpresso_5.1.0_2048/lpcxpresso/tools/bin/../lib/gcc/arm-none-eabi/4.6.2/../../../../arm-none-eabi/lib/armv6-m/libcr_newlib_nohost.a(_cr_sbrk.o)
                                        0x17e (size before relaxing)
 .debug_str     0x0000000000003664       0x45 /Applications/lpcxpresso_5.1.0_2048/lpcxpresso/tools/bin/../lib/gcc/arm-none-eabi/4.6.2/../../../../arm-none-eabi/lib/armv6-m/libcr_newlib_nohost.a(_cr_check_heap.o)
                                        0x10a (size before relaxing)

.comment        0x0000000000000000       0xe0
 .comment       0x0000000000000000       0x70 ./src/core/device_dependent/lpc800/cr_cpp_config.o
                                         0x71 (size before relaxing)
 .comment       0x0000000000000000       0x71 ./src/core/device_dependent/lpc800/cr_startup_lpc8xx.o
 .comment       0x0000000000000000       0x71 ./src/core/device_dependent/lpc800/delay.o
 .comment       0x0000000000000000       0x71 ./src/core/device_dependent/lpc800/gpio.o
 .comment       0x0000000000000000       0x71 ./src/core/device_dependent/lpc800/lpc8xx_gpio.o
 .comment       0x0000000000000000       0x71 ./src/core/device_dependent/lpc800/lpc8xx_spi.o
 .comment       0x0000000000000000       0x71 ./src/core/device_dependent/lpc800/lpc8xx_uart.o
 .comment       0x0000000000000000       0x71 ./src/core/device_dependent/lpc800/spi_middle.o
 .comment       0x0000000000000000       0x71 ./src/core/device_dependent/lpc800/swm.o
 .comment       0x0000000000000000       0x71 ./src/core/device_dependent/lpc800/system_LPC8xx.o
 .comment       0x0000000000000000       0x71 ./src/core/device_dependent/lpc800/uart_middle.o
 .comment       0x0000000000000000       0x71 ./src/core/device_dependent/lpc1115/cr_cpp_config.o
 .comment       0x0000000000000000       0x71 ./src/core/device_dependent/lpc1115/cr_startup_lpc11.o
 .comment       0x0000000000000000       0x71 ./src/core/device_dependent/lpc1115/delay.o
 .comment       0x0000000000000000       0x71 ./src/core/device_dependent/lpc1115/gpio.o
 .comment       0x0000000000000000       0x71 ./src/core/device_dependent/lpc1115/gpio_int.o
 .comment       0x0000000000000000       0x71 ./src/core/device_dependent/lpc1115/spi_middle.o
 .comment       0x0000000000000000       0x71 ./src/core/device_dependent/lpc1115/system_LPC11xx.o
 .comment       0x0000000000000000       0x71 ./src/core/device_dependent/lpc1115/uart_middle.o
 .comment       0x0000000000000000       0x71 ./src/core/device_dependent/lpc1114/cr_cpp_config.o
 .comment       0x0000000000000000       0x71 ./src/core/device_dependent/lpc1114/cr_startup_lpc11.o
 .comment       0x0000000000000000       0x71 ./src/core/device_dependent/lpc1114/delay.o
 .comment       0x0000000000000000       0x71 ./src/core/device_dependent/lpc1114/gpio.o
 .comment       0x0000000000000000       0x71 ./src/core/device_dependent/lpc1114/gpio_int.o
 .comment       0x0000000000000000       0x71 ./src/core/device_dependent/lpc1114/spi_middle.o
 .comment       0x0000000000000000       0x71 ./src/core/device_dependent/lpc1114/system_LPC11xx.o
 .comment       0x0000000000000000       0x71 ./src/core/device_dependent/lpc1114/uart_middle.o
 .comment       0x0000000000000000       0x71 ./src/core/LiquidCrystal.o
 .comment       0x0000000000000000       0x71 ./src/core/Print.o
 .comment       0x0000000000000000       0x71 ./src/core/SPI.o
 .comment       0x0000000000000000       0x71 ./src/core/SoftwareSerial.o
 .comment       0x0000000000000000       0x71 ./src/core/Wire.o
 .comment       0x0000000000000000       0x71 ./src/core/arithmetical.o
 .comment       0x0000000000000000       0x71 ./src/core/startup_mary.o
 .comment       0x0000000000000000       0x71 ./src/core/uart.o
 .comment       0x0000000000000000       0x71 ./src/Samples/maryoled.o
 .comment       0x0000000000000000       0x71 ./src/user_application.o
 .comment       0x0000000000000070       0x70 /Applications/lpcxpresso_5.1.0_2048/lpcxpresso/tools/bin/../lib/gcc/arm-none-eabi/4.6.2/../../../../arm-none-eabi/lib/armv6-m/libcr_newlib_nohost.a(_cr_sbrk.o)
                                         0x71 (size before relaxing)
 .comment       0x0000000000000000       0x71 /Applications/lpcxpresso_5.1.0_2048/lpcxpresso/tools/bin/../lib/gcc/arm-none-eabi/4.6.2/../../../../arm-none-eabi/lib/armv6-m/libcr_newlib_nohost.a(_cr_check_heap.o)

.ARM.attributes
                0x0000000000000000       0x31
 .ARM.attributes
                0x0000000000000000       0x31 ./src/core/device_dependent/lpc800/cr_cpp_config.o
 .ARM.attributes
                0x0000000000000031       0x31 ./src/core/device_dependent/lpc800/cr_startup_lpc8xx.o
 .ARM.attributes
                0x0000000000000062       0x31 ./src/core/device_dependent/lpc800/delay.o
 .ARM.attributes
                0x0000000000000093       0x31 ./src/core/device_dependent/lpc800/gpio.o
 .ARM.attributes
                0x00000000000000c4       0x31 ./src/core/device_dependent/lpc800/lpc8xx_gpio.o
 .ARM.attributes
                0x00000000000000f5       0x31 ./src/core/device_dependent/lpc800/lpc8xx_spi.o
 .ARM.attributes
                0x0000000000000126       0x31 ./src/core/device_dependent/lpc800/lpc8xx_uart.o
 .ARM.attributes
                0x0000000000000157       0x31 ./src/core/device_dependent/lpc800/spi_middle.o
 .ARM.attributes
                0x0000000000000188       0x31 ./src/core/device_dependent/lpc800/swm.o
 .ARM.attributes
                0x00000000000001b9       0x31 ./src/core/device_dependent/lpc800/system_LPC8xx.o
 .ARM.attributes
                0x00000000000001ea       0x31 ./src/core/device_dependent/lpc800/uart_middle.o
 .ARM.attributes
                0x000000000000021b       0x31 ./src/core/device_dependent/lpc1115/cr_cpp_config.o
 .ARM.attributes
                0x000000000000024c       0x31 ./src/core/device_dependent/lpc1115/cr_startup_lpc11.o
 .ARM.attributes
                0x000000000000027d       0x31 ./src/core/device_dependent/lpc1115/delay.o
 .ARM.attributes
                0x00000000000002ae       0x31 ./src/core/device_dependent/lpc1115/gpio.o
 .ARM.attributes
                0x00000000000002df       0x31 ./src/core/device_dependent/lpc1115/gpio_int.o
 .ARM.attributes
                0x0000000000000310       0x31 ./src/core/device_dependent/lpc1115/spi_middle.o
 .ARM.attributes
                0x0000000000000341       0x31 ./src/core/device_dependent/lpc1115/system_LPC11xx.o
 .ARM.attributes
                0x0000000000000372       0x31 ./src/core/device_dependent/lpc1115/uart_middle.o
 .ARM.attributes
                0x00000000000003a3       0x31 ./src/core/device_dependent/lpc1114/cr_cpp_config.o
 .ARM.attributes
                0x00000000000003d4       0x31 ./src/core/device_dependent/lpc1114/cr_startup_lpc11.o
 .ARM.attributes
                0x0000000000000405       0x31 ./src/core/device_dependent/lpc1114/delay.o
 .ARM.attributes
                0x0000000000000436       0x31 ./src/core/device_dependent/lpc1114/gpio.o
 .ARM.attributes
                0x0000000000000467       0x31 ./src/core/device_dependent/lpc1114/gpio_int.o
 .ARM.attributes
                0x0000000000000498       0x31 ./src/core/device_dependent/lpc1114/spi_middle.o
 .ARM.attributes
                0x00000000000004c9       0x31 ./src/core/device_dependent/lpc1114/system_LPC11xx.o
 .ARM.attributes
                0x00000000000004fa       0x31 ./src/core/device_dependent/lpc1114/uart_middle.o
 .ARM.attributes
                0x000000000000052b       0x31 ./src/core/LiquidCrystal.o
 .ARM.attributes
                0x000000000000055c       0x31 ./src/core/Print.o
 .ARM.attributes
                0x000000000000058d       0x31 ./src/core/SPI.o
 .ARM.attributes
                0x00000000000005be       0x31 ./src/core/SoftwareSerial.o
 .ARM.attributes
                0x00000000000005ef       0x31 ./src/core/Wire.o
 .ARM.attributes
                0x0000000000000620       0x31 ./src/core/arithmetical.o
 .ARM.attributes
                0x0000000000000651       0x31 ./src/core/startup_mary.o
 .ARM.attributes
                0x0000000000000682       0x31 ./src/core/uart.o
 .ARM.attributes
                0x00000000000006b3       0x31 ./src/Samples/maryoled.o
 .ARM.attributes
                0x00000000000006e4       0x31 ./src/user_application.o
 .ARM.attributes
                0x0000000000000715       0x1e /Applications/lpcxpresso_5.1.0_2048/lpcxpresso/tools/bin/../lib/gcc/arm-none-eabi/4.6.2/armv6-m/libgcc.a(_thumb1_case_uqi.o)
 .ARM.attributes
                0x0000000000000733       0x1e /Applications/lpcxpresso_5.1.0_2048/lpcxpresso/tools/bin/../lib/gcc/arm-none-eabi/4.6.2/armv6-m/libgcc.a(_udivsi3.o)
 .ARM.attributes
                0x0000000000000751       0x1e /Applications/lpcxpresso_5.1.0_2048/lpcxpresso/tools/bin/../lib/gcc/arm-none-eabi/4.6.2/armv6-m/libgcc.a(_divsi3.o)
 .ARM.attributes
                0x000000000000076f       0x1e /Applications/lpcxpresso_5.1.0_2048/lpcxpresso/tools/bin/../lib/gcc/arm-none-eabi/4.6.2/armv6-m/libgcc.a(_dvmd_tls.o)
 .ARM.attributes
                0x000000000000078d       0x2c /Applications/lpcxpresso_5.1.0_2048/lpcxpresso/tools/bin/../lib/gcc/arm-none-eabi/4.6.2/../../../../arm-none-eabi/lib/armv6-m/libc.a(lib_a-init.o)
 .ARM.attributes
                0x00000000000007b9       0x2c /Applications/lpcxpresso_5.1.0_2048/lpcxpresso/tools/bin/../lib/gcc/arm-none-eabi/4.6.2/../../../../arm-none-eabi/lib/armv6-m/libc.a(lib_a-malloc.o)
 .ARM.attributes
                0x00000000000007e5       0x2c /Applications/lpcxpresso_5.1.0_2048/lpcxpresso/tools/bin/../lib/gcc/arm-none-eabi/4.6.2/../../../../arm-none-eabi/lib/armv6-m/libc.a(lib_a-mallocr.o)
 .ARM.attributes
                0x0000000000000811       0x2c /Applications/lpcxpresso_5.1.0_2048/lpcxpresso/tools/bin/../lib/gcc/arm-none-eabi/4.6.2/../../../../arm-none-eabi/lib/armv6-m/libc.a(lib_a-memcpy.o)
 .ARM.attributes
                0x000000000000083d       0x2c /Applications/lpcxpresso_5.1.0_2048/lpcxpresso/tools/bin/../lib/gcc/arm-none-eabi/4.6.2/../../../../arm-none-eabi/lib/armv6-m/libc.a(lib_a-mlock.o)
 .ARM.attributes
                0x0000000000000869       0x2c /Applications/lpcxpresso_5.1.0_2048/lpcxpresso/tools/bin/../lib/gcc/arm-none-eabi/4.6.2/../../../../arm-none-eabi/lib/armv6-m/libc.a(lib_a-sbrkr.o)
 .ARM.attributes
                0x0000000000000895       0x2c /Applications/lpcxpresso_5.1.0_2048/lpcxpresso/tools/bin/../lib/gcc/arm-none-eabi/4.6.2/../../../../arm-none-eabi/lib/armv6-m/libc.a(lib_a-strlen.o)
 .ARM.attributes
                0x00000000000008c1       0x2c /Applications/lpcxpresso_5.1.0_2048/lpcxpresso/tools/bin/../lib/gcc/arm-none-eabi/4.6.2/../../../../arm-none-eabi/lib/armv6-m/libc.a(lib_a-freer.o)
 .ARM.attributes
                0x00000000000008ed       0x2c /Applications/lpcxpresso_5.1.0_2048/lpcxpresso/tools/bin/../lib/gcc/arm-none-eabi/4.6.2/../../../../arm-none-eabi/lib/armv6-m/libc.a(lib_a-impure.o)
 .ARM.attributes
                0x0000000000000919       0x2c /Applications/lpcxpresso_5.1.0_2048/lpcxpresso/tools/bin/../lib/gcc/arm-none-eabi/4.6.2/../../../../arm-none-eabi/lib/armv6-m/libc.a(lib_a-reent.o)
 .ARM.attributes
                0x0000000000000945       0x31 /Applications/lpcxpresso_5.1.0_2048/lpcxpresso/tools/bin/../lib/gcc/arm-none-eabi/4.6.2/../../../../arm-none-eabi/lib/armv6-m/libcr_newlib_nohost.a(_cr_sbrk.o)
 .ARM.attributes
                0x0000000000000976       0x31 /Applications/lpcxpresso_5.1.0_2048/lpcxpresso/tools/bin/../lib/gcc/arm-none-eabi/4.6.2/../../../../arm-none-eabi/lib/armv6-m/libcr_newlib_nohost.a(_cr_check_heap.o)
 .ARM.attributes
                0x00000000000009a7       0x1e /Applications/lpcxpresso_5.1.0_2048/lpcxpresso/tools/bin/../lib/gcc/arm-none-eabi/4.6.2/armv6-m/crti.o
 .ARM.attributes
                0x00000000000009c5       0x1e /Applications/lpcxpresso_5.1.0_2048/lpcxpresso/tools/bin/../lib/gcc/arm-none-eabi/4.6.2/armv6-m/crtn.o
 .ARM.attributes
                0x00000000000009e3       0x2c /Applications/lpcxpresso_5.1.0_2048/lpcxpresso/tools/bin/../lib/gcc/arm-none-eabi/4.6.2/armv6-m/crtbegin.o
 .ARM.attributes
                0x0000000000000a0f       0x2c /Applications/lpcxpresso_5.1.0_2048/lpcxpresso/tools/bin/../lib/gcc/arm-none-eabi/4.6.2/armv6-m/crtend.o
 .ARM.attributes
                0x0000000000000a3b       0x2c /Applications/lpcxpresso_5.1.0_2048/lpcxpresso/tools/bin/../lib/gcc/arm-none-eabi/4.6.2/../../../../arm-none-eabi/lib/armv6-m/libc.a(lib_a-errno.o)

.debug_frame    0x0000000000000000     0x183c
 .debug_frame   0x0000000000000000       0x98 ./src/core/device_dependent/lpc800/cr_cpp_config.o
 .debug_frame   0x0000000000000098      0x104 ./src/core/device_dependent/lpc800/cr_startup_lpc8xx.o
 .debug_frame   0x000000000000019c       0xc4 ./src/core/device_dependent/lpc800/delay.o
 .debug_frame   0x0000000000000260       0xb0 ./src/core/device_dependent/lpc800/gpio.o
 .debug_frame   0x0000000000000310      0x210 ./src/core/device_dependent/lpc800/lpc8xx_gpio.o
 .debug_frame   0x0000000000000520      0x13c ./src/core/device_dependent/lpc800/lpc8xx_spi.o
 .debug_frame   0x000000000000065c       0x4c ./src/core/device_dependent/lpc800/spi_middle.o
 .debug_frame   0x00000000000006a8       0x20 ./src/core/device_dependent/lpc800/swm.o
 .debug_frame   0x00000000000006c8       0x44 ./src/core/device_dependent/lpc800/system_LPC8xx.o
 .debug_frame   0x000000000000070c       0x70 ./src/core/device_dependent/lpc800/uart_middle.o
 .debug_frame   0x000000000000077c      0x2fc ./src/core/LiquidCrystal.o
 .debug_frame   0x0000000000000a78       0xe4 ./src/core/Print.o
 .debug_frame   0x0000000000000b5c       0xe8 ./src/core/SPI.o
 .debug_frame   0x0000000000000c44      0x180 ./src/core/SoftwareSerial.o
 .debug_frame   0x0000000000000dc4      0x374 ./src/core/Wire.o
 .debug_frame   0x0000000000001138       0x98 ./src/core/arithmetical.o
 .debug_frame   0x00000000000011d0       0x28 ./src/core/startup_mary.o
 .debug_frame   0x00000000000011f8       0xb8 ./src/core/uart.o
 .debug_frame   0x00000000000012b0      0x288 ./src/Samples/maryoled.o
 .debug_frame   0x0000000000001538       0x40 ./src/user_application.o
 .debug_frame   0x0000000000001578       0x20 /Applications/lpcxpresso_5.1.0_2048/lpcxpresso/tools/bin/../lib/gcc/arm-none-eabi/4.6.2/armv6-m/libgcc.a(_udivsi3.o)
 .debug_frame   0x0000000000001598       0x20 /Applications/lpcxpresso_5.1.0_2048/lpcxpresso/tools/bin/../lib/gcc/arm-none-eabi/4.6.2/armv6-m/libgcc.a(_divsi3.o)
 .debug_frame   0x00000000000015b8       0x2c /Applications/lpcxpresso_5.1.0_2048/lpcxpresso/tools/bin/../lib/gcc/arm-none-eabi/4.6.2/../../../../arm-none-eabi/lib/armv6-m/libc.a(lib_a-init.o)
 .debug_frame   0x00000000000015e4       0x40 /Applications/lpcxpresso_5.1.0_2048/lpcxpresso/tools/bin/../lib/gcc/arm-none-eabi/4.6.2/../../../../arm-none-eabi/lib/armv6-m/libc.a(lib_a-malloc.o)
 .debug_frame   0x0000000000001624       0x3c /Applications/lpcxpresso_5.1.0_2048/lpcxpresso/tools/bin/../lib/gcc/arm-none-eabi/4.6.2/../../../../arm-none-eabi/lib/armv6-m/libc.a(lib_a-mallocr.o)
 .debug_frame   0x0000000000001660       0x30 /Applications/lpcxpresso_5.1.0_2048/lpcxpresso/tools/bin/../lib/gcc/arm-none-eabi/4.6.2/../../../../arm-none-eabi/lib/armv6-m/libc.a(lib_a-memcpy.o)
 .debug_frame   0x0000000000001690       0x30 /Applications/lpcxpresso_5.1.0_2048/lpcxpresso/tools/bin/../lib/gcc/arm-none-eabi/4.6.2/../../../../arm-none-eabi/lib/armv6-m/libc.a(lib_a-mlock.o)
 .debug_frame   0x00000000000016c0       0x2c /Applications/lpcxpresso_5.1.0_2048/lpcxpresso/tools/bin/../lib/gcc/arm-none-eabi/4.6.2/../../../../arm-none-eabi/lib/armv6-m/libc.a(lib_a-sbrkr.o)
 .debug_frame   0x00000000000016ec       0x20 /Applications/lpcxpresso_5.1.0_2048/lpcxpresso/tools/bin/../lib/gcc/arm-none-eabi/4.6.2/../../../../arm-none-eabi/lib/armv6-m/libc.a(lib_a-strlen.o)
 .debug_frame   0x000000000000170c       0x54 /Applications/lpcxpresso_5.1.0_2048/lpcxpresso/tools/bin/../lib/gcc/arm-none-eabi/4.6.2/../../../../arm-none-eabi/lib/armv6-m/libc.a(lib_a-freer.o)
 .debug_frame   0x0000000000001760       0x68 /Applications/lpcxpresso_5.1.0_2048/lpcxpresso/tools/bin/../lib/gcc/arm-none-eabi/4.6.2/../../../../arm-none-eabi/lib/armv6-m/libc.a(lib_a-reent.o)
 .debug_frame   0x00000000000017c8       0x2c /Applications/lpcxpresso_5.1.0_2048/lpcxpresso/tools/bin/../lib/gcc/arm-none-eabi/4.6.2/../../../../arm-none-eabi/lib/armv6-m/libcr_newlib_nohost.a(_cr_sbrk.o)
 .debug_frame   0x00000000000017f4       0x28 /Applications/lpcxpresso_5.1.0_2048/lpcxpresso/tools/bin/../lib/gcc/arm-none-eabi/4.6.2/../../../../arm-none-eabi/lib/armv6-m/libcr_newlib_nohost.a(_cr_check_heap.o)
 .debug_frame   0x000000000000181c       0x20 /Applications/lpcxpresso_5.1.0_2048/lpcxpresso/tools/bin/../lib/gcc/arm-none-eabi/4.6.2/../../../../arm-none-eabi/lib/armv6-m/libc.a(lib_a-errno.o)
