Archive member included because of file (symbol)

c:/nxp/lpcxpresso_4.0.6_152/lpcxpresso/tools/bin/../lib/gcc/arm-none-eabi/4.5.1/armv6-m\libgcc.a(_udivsi3.o)
                              ./src/core/delay.o (__aeabi_uidiv)
c:/nxp/lpcxpresso_4.0.6_152/lpcxpresso/tools/bin/../lib/gcc/arm-none-eabi/4.5.1/armv6-m\libgcc.a(_divsi3.o)
                              ./src/core/uart.o (__aeabi_idiv)
c:/nxp/lpcxpresso_4.0.6_152/lpcxpresso/tools/bin/../lib/gcc/arm-none-eabi/4.5.1/armv6-m\libgcc.a(_dvmd_tls.o)
                              c:/nxp/lpcxpresso_4.0.6_152/lpcxpresso/tools/bin/../lib/gcc/arm-none-eabi/4.5.1/armv6-m\libgcc.a(_udivsi3.o) (__aeabi_idiv0)
c:/nxp/lpcxpresso_4.0.6_152/lpcxpresso/tools/bin/../lib/gcc/arm-none-eabi/4.5.1/armv6-m\libgcc.a(unwind-arm.o)
                              ./src/user_application.o (__aeabi_unwind_cpp_pr0)
c:/nxp/lpcxpresso_4.0.6_152/lpcxpresso/tools/bin/../lib/gcc/arm-none-eabi/4.5.1/armv6-m\libgcc.a(libunwind.o)
                              c:/nxp/lpcxpresso_4.0.6_152/lpcxpresso/tools/bin/../lib/gcc/arm-none-eabi/4.5.1/armv6-m\libgcc.a(unwind-arm.o) (restore_core_regs)
c:/nxp/lpcxpresso_4.0.6_152/lpcxpresso/tools/bin/../lib/gcc/arm-none-eabi/4.5.1/armv6-m\libgcc.a(pr-support.o)
                              c:/nxp/lpcxpresso_4.0.6_152/lpcxpresso/tools/bin/../lib/gcc/arm-none-eabi/4.5.1/armv6-m\libgcc.a(unwind-arm.o) (__gnu_unwind_execute)
c:/nxp/lpcxpresso_4.0.6_152/lpcxpresso/tools/bin/../lib/gcc/arm-none-eabi/4.5.1/../../../../arm-none-eabi/lib/armv6-m\libc.a(lib_a-abort.o)
                              c:/nxp/lpcxpresso_4.0.6_152/lpcxpresso/tools/bin/../lib/gcc/arm-none-eabi/4.5.1/armv6-m\libgcc.a(unwind-arm.o) (abort)
c:/nxp/lpcxpresso_4.0.6_152/lpcxpresso/tools/bin/../lib/gcc/arm-none-eabi/4.5.1/../../../../arm-none-eabi/lib/armv6-m\libc.a(lib_a-init.o)
                              ./src/core/cr_startup_lpc11.o (__libc_init_array)
c:/nxp/lpcxpresso_4.0.6_152/lpcxpresso/tools/bin/../lib/gcc/arm-none-eabi/4.5.1/../../../../arm-none-eabi/lib/armv6-m\libc.a(lib_a-malloc.o)
                              ./src/core/cr_cpp_config.o (malloc)
c:/nxp/lpcxpresso_4.0.6_152/lpcxpresso/tools/bin/../lib/gcc/arm-none-eabi/4.5.1/../../../../arm-none-eabi/lib/armv6-m\libc.a(lib_a-mallocr.o)
                              c:/nxp/lpcxpresso_4.0.6_152/lpcxpresso/tools/bin/../lib/gcc/arm-none-eabi/4.5.1/../../../../arm-none-eabi/lib/armv6-m\libc.a(lib_a-malloc.o) (_malloc_r)
c:/nxp/lpcxpresso_4.0.6_152/lpcxpresso/tools/bin/../lib/gcc/arm-none-eabi/4.5.1/../../../../arm-none-eabi/lib/armv6-m\libc.a(lib_a-memcpy.o)
                              ./src/core/maryoled.o (memcpy)
c:/nxp/lpcxpresso_4.0.6_152/lpcxpresso/tools/bin/../lib/gcc/arm-none-eabi/4.5.1/../../../../arm-none-eabi/lib/armv6-m\libc.a(lib_a-mlock.o)
                              c:/nxp/lpcxpresso_4.0.6_152/lpcxpresso/tools/bin/../lib/gcc/arm-none-eabi/4.5.1/../../../../arm-none-eabi/lib/armv6-m\libc.a(lib_a-mallocr.o) (__malloc_lock)
c:/nxp/lpcxpresso_4.0.6_152/lpcxpresso/tools/bin/../lib/gcc/arm-none-eabi/4.5.1/../../../../arm-none-eabi/lib/armv6-m\libc.a(lib_a-sbrkr.o)
                              c:/nxp/lpcxpresso_4.0.6_152/lpcxpresso/tools/bin/../lib/gcc/arm-none-eabi/4.5.1/../../../../arm-none-eabi/lib/armv6-m\libc.a(lib_a-mallocr.o) (_sbrk_r)
c:/nxp/lpcxpresso_4.0.6_152/lpcxpresso/tools/bin/../lib/gcc/arm-none-eabi/4.5.1/../../../../arm-none-eabi/lib/armv6-m\libc.a(lib_a-signal.o)
                              c:/nxp/lpcxpresso_4.0.6_152/lpcxpresso/tools/bin/../lib/gcc/arm-none-eabi/4.5.1/../../../../arm-none-eabi/lib/armv6-m\libc.a(lib_a-abort.o) (raise)
c:/nxp/lpcxpresso_4.0.6_152/lpcxpresso/tools/bin/../lib/gcc/arm-none-eabi/4.5.1/../../../../arm-none-eabi/lib/armv6-m\libc.a(lib_a-signalr.o)
                              c:/nxp/lpcxpresso_4.0.6_152/lpcxpresso/tools/bin/../lib/gcc/arm-none-eabi/4.5.1/../../../../arm-none-eabi/lib/armv6-m\libc.a(lib_a-signal.o) (_kill_r)
c:/nxp/lpcxpresso_4.0.6_152/lpcxpresso/tools/bin/../lib/gcc/arm-none-eabi/4.5.1/../../../../arm-none-eabi/lib/armv6-m\libc.a(lib_a-freer.o)
                              c:/nxp/lpcxpresso_4.0.6_152/lpcxpresso/tools/bin/../lib/gcc/arm-none-eabi/4.5.1/../../../../arm-none-eabi/lib/armv6-m\libc.a(lib_a-malloc.o) (_free_r)
c:/nxp/lpcxpresso_4.0.6_152/lpcxpresso/tools/bin/../lib/gcc/arm-none-eabi/4.5.1/../../../../arm-none-eabi/lib/armv6-m\libc.a(lib_a-impure.o)
                              c:/nxp/lpcxpresso_4.0.6_152/lpcxpresso/tools/bin/../lib/gcc/arm-none-eabi/4.5.1/../../../../arm-none-eabi/lib/armv6-m\libc.a(lib_a-malloc.o) (_impure_ptr)
c:/nxp/lpcxpresso_4.0.6_152/lpcxpresso/tools/bin/../lib/gcc/arm-none-eabi/4.5.1/../../../../arm-none-eabi/lib/armv6-m\libc.a(lib_a-reent.o)
                              c:/nxp/lpcxpresso_4.0.6_152/lpcxpresso/tools/bin/../lib/gcc/arm-none-eabi/4.5.1/../../../../arm-none-eabi/lib/armv6-m\libc.a(lib_a-sbrkr.o) (errno)
[...]
Memory Configuration

Name             Origin             Length             Attributes
MFlash32         0x00001000         0x00007000         xr
RamLoc8          0x10000000         0x00001fe0         xrw
*default*        0x00000000         0xffffffff

Linker script and memory map

LOAD ./src/user_application.o
LOAD ./src/core/SPI.o
LOAD ./src/core/SPI1.o
LOAD ./src/core/cr_cpp_config.o
LOAD ./src/core/cr_startup_lpc11.o
LOAD ./src/core/delay.o
LOAD ./src/core/gpio.o
LOAD ./src/core/maryoled.o
LOAD ./src/core/startup_mary.o
LOAD ./src/core/system_LPC11xx.o
LOAD ./src/core/uart.o
LOAD ./src/XBee/XBee.o
LOAD ./src/FatFs/SD.o
LOAD ./src/FatFs/pff.o
LOAD ./src/FatFs/sdcard.o
START GROUP
LOAD c:/nxp/lpcxpresso_4.0.6_152/lpcxpresso/tools/bin/../lib/gcc/arm-none-eabi/4.5.1/armv6-m\libgcc.a
LOAD c:/nxp/lpcxpresso_4.0.6_152/lpcxpresso/tools/bin/../lib/gcc/arm-none-eabi/4.5.1/../../../../arm-none-eabi/lib/armv6-m\libc.a
LOAD c:/nxp/lpcxpresso_4.0.6_152/lpcxpresso/tools/bin/../lib/gcc/arm-none-eabi/4.5.1/../../../../arm-none-eabi/lib/armv6-m\libstdc++.a
LOAD c:/nxp/lpcxpresso_4.0.6_152/lpcxpresso/tools/bin/../lib/gcc/arm-none-eabi/4.5.1/../../../../arm-none-eabi/lib/armv6-m\libm.a
LOAD c:/nxp/lpcxpresso_4.0.6_152/lpcxpresso/tools/bin/../lib/gcc/arm-none-eabi/4.5.1/../../../../arm-none-eabi/lib/armv6-m\libcr_newlib_nohost.a
LOAD c:/nxp/lpcxpresso_4.0.6_152/lpcxpresso/tools/bin/../lib/gcc/arm-none-eabi/4.5.1/armv6-m\crti.o
LOAD c:/nxp/lpcxpresso_4.0.6_152/lpcxpresso/tools/bin/../lib/gcc/arm-none-eabi/4.5.1/armv6-m\crtn.o
LOAD c:/nxp/lpcxpresso_4.0.6_152/lpcxpresso/tools/bin/../lib/gcc/arm-none-eabi/4.5.1/armv6-m\crtbegin.o
LOAD c:/nxp/lpcxpresso_4.0.6_152/lpcxpresso/tools/bin/../lib/gcc/arm-none-eabi/4.5.1/armv6-m\crtend.o
END GROUP
                0x00008000                __top_MFlash32 = 0x8000
                0x10001fe0                __top_RamLoc8 = 0x10001fe0

.text           0x00001000     0x3c20
 FILL mask 0xff
 *(.isr_vector)
 .isr_vector    0x00001000       0xc0 ./src/core/cr_startup_lpc11.o
                0x00001000                g_pfnVectors
                0x000010c0                . = ALIGN (0x4)
                0x000010c0                __section_table_start = .
                0x000010c0                __data_section_table = .
                0x000010c0        0x4 LONG 0x4efc LOADADDR (.data)
                0x000010c4        0x4 LONG 0x10000000 ADDR (.data)
                0x000010c8        0x4 LONG 0x84c SIZEOF (.data)
                0x000010cc                __data_section_table_end = .
                0x000010cc                __bss_section_table = .
                0x000010cc        0x4 LONG 0x1000084c ADDR (.bss)
                0x000010d0        0x4 LONG 0x54c SIZEOF (.bss)
                0x000010d4                __bss_section_table_end = .
                0x000010d4                __section_table_end = .
 *(.after_vectors*)
 .after_vectors
                0x000010d4      0x11c ./src/core/cr_startup_lpc11.o
                0x000010d4                NMI_Handler
                0x000010d8                HardFault_Handler
                0x000010dc                SVCall_Handler
                0x000010e0                PendSV_Handler
                0x000010e8                ResetISR
                0x00001148                data_init(unsigned int, unsigned int, unsigned int)
                0x000011a4                bss_init(unsigned int, unsigned int)
                0x000011ec                IntDefaultHandler
                0x000011ec                PIOINT1_IRQHandler
                0x000011ec                CAN_IRQHandler
                0x000011ec                UART_IRQHandler
                0x000011ec                TIMER16_1_IRQHandler
                0x000011ec                ADC_IRQHandler
                0x000011ec                SSP1_IRQHandler
                0x000011ec                PIOINT2_IRQHandler
                0x000011ec                TIMER32_0_IRQHandler
                0x000011ec                BOD_IRQHandler
                0x000011ec                WAKEUP_IRQHandler
                0x000011ec                PIOINT0_IRQHandler
                0x000011ec                I2C_IRQHandler
                0x000011ec                SSP0_IRQHandler
                0x000011ec                WDT_IRQHandler
                0x000011ec                TIMER16_0_IRQHandler
                0x000011ec                PIOINT3_IRQHandler
 *(.text*)
 .text._Z9playSoundv
                0x000011f0       0x9c ./src/user_application.o
                0x000011f0                playSound()
 .text._Z5setupv
                0x0000128c       0x90 ./src/user_application.o
                0x0000128c                setup()
 .text._Z4loopv
                0x0000131c       0xf8 ./src/user_application.o
                0x0000131c                loop()
 .text._ZN3SSPD2Ev
                0x00001414        0x4 ./src/core/SPI.o
                0x00001414                SSP::~SSP()
                0x00001414                SSP::~SSP()
 .text._ZN3SSP12setBitLengthEi
                0x00001418        0x4 ./src/core/SPI.o
                0x00001418                SSP::setBitLength(int)
 .text._ZN3SSP15setClockDividerE15SSP_CLK_DIVIDER
                0x0000141c        0x4 ./src/core/SPI.o
                0x0000141c                SSP::setClockDivider(SSP_CLK_DIVIDER)
 .text._ZN3SSP11setDataModeE13SSP_DATA_MODE
                0x00001420        0x4 ./src/core/SPI.o
                0x00001420                SSP::setDataMode(SSP_DATA_MODE)
 .text._ZN3SSP8transferEm
                0x00001424       0x38 ./src/core/SPI.o
                0x00001424                SSP::transfer(unsigned long)
 .text.ssp_begin
                0x0000145c      0x124 ./src/core/SPI.o
                0x0000145c                ssp_begin
 .text._ZN3SSP5beginEv
                0x00001580       0x14 ./src/core/SPI.o
                0x00001580                SSP::begin()
 .text._GLOBAL__I_SPI
                0x00001594       0x34 ./src/core/SPI.o
 .text._ZN4SSP1D2Ev
                0x000015c8        0x4 ./src/core/SPI1.o
                0x000015c8                SSP1::~SSP1()
                0x000015c8                SSP1::~SSP1()
 .text._ZN4SSP112setBitLengthEi
                0x000015cc        0x4 ./src/core/SPI1.o
                0x000015cc                SSP1::setBitLength(int)
 .text._ZN4SSP115setClockDividerE15SSP_CLK_DIVIDER
                0x000015d0        0x4 ./src/core/SPI1.o
                0x000015d0                SSP1::setClockDivider(SSP_CLK_DIVIDER)
 .text._ZN4SSP18transferEm
                0x000015d4       0x38 ./src/core/SPI1.o
                0x000015d4                SSP1::transfer(unsigned long)
 .text.ssp1_begin
                0x0000160c      0x104 ./src/core/SPI1.o
                0x0000160c                ssp1_begin
 .text._ZN4SSP15beginEv
                0x00001710       0x14 ./src/core/SPI1.o
                0x00001710                SSP1::begin()
 .text._GLOBAL__I_SPI1
                0x00001724       0x34 ./src/core/SPI1.o
 .text.__aeabi_atexit
                0x00001758        0x4 ./src/core/cr_cpp_config.o
                0x00001758                __aeabi_atexit
 .text.setup_TIMER32_1
                0x0000175c       0x1c ./src/core/delay.o
                0x0000175c                setup_TIMER32_1
 .text.attachMicroseconds
                0x00001778       0x50 ./src/core/delay.o
                0x00001778                attachMicroseconds
 .text.detachMicroseconds
                0x000017c8       0x1c ./src/core/delay.o
                0x000017c8                detachMicroseconds
 .text.TIMER32_1_IRQHandler
                0x000017e4       0x28 ./src/core/delay.o
                0x000017e4                TIMER32_1_IRQHandler
 .text.SysTick_Handler
                0x0000180c       0x10 ./src/core/delay.o
                0x0000180c                SysTick_Handler
 .text.setup_systick
                0x0000181c       0x68 ./src/core/delay.o
                0x0000181c                setup_systick
 .text._Z7pinModei12pinModeState
                0x00001884       0x68 ./src/core/gpio.o
                0x00001884                pinMode(int, pinModeState)
 .text._Z12digitalWritei17digitalWriteState
                0x000018ec       0x60 ./src/core/gpio.o
                0x000018ec                digitalWrite(int, digitalWriteState)
 .text._Z11digitalReadi
                0x0000194c       0x48 ./src/core/gpio.o
                0x0000194c                digitalRead(int)
 .text._ZN8MARYOLEDD2Ev
                0x00001994        0x4 ./src/core/maryoled.o
                0x00001994                MARYOLED::~MARYOLED()
                0x00001994                MARYOLED::~MARYOLED()
 .text._GLOBAL__I_oled
                0x00001998       0x3c ./src/core/maryoled.o
 .text.main     0x000019d4       0x14 ./src/core/startup_mary.o
                0x000019d4                main
 .text.SystemInit
                0x000019e8       0x90 ./src/core/system_LPC11xx.o
                0x000019e8                SystemInit
 .text._ZN7USerialD2Ev
                0x00001a78        0x4 ./src/core/uart.o
                0x00001a78                USerial::~USerial()
                0x00001a78                USerial::~USerial()
 .text._ZN7USerial5beginEi
                0x00001a7c       0x78 ./src/core/uart.o
                0x00001a7c                USerial::begin(int)
 .text._ZN7USerial5printEi12RADIX_FORMAT
                0x00001af4      0x13c ./src/core/uart.o
                0x00001af4                USerial::print(int, RADIX_FORMAT)
 .text._ZN7USerial7printlnEPKc
                0x00001c30       0x40 ./src/core/uart.o
                0x00001c30                USerial::println(char const*)
 .text._ZN7USerial7printlnEi12RADIX_FORMAT
                0x00001c70       0x2c ./src/core/uart.o
                0x00001c70                USerial::println(int, RADIX_FORMAT)
 .text._GLOBAL__I_Serial
                0x00001c9c       0x28 ./src/core/uart.o
 .text._GLOBAL__I__ZN12XBeeResponseC2Ev
                0x00001cc4       0x14 ./src/XBee/XBee.o
 .text._ZN7PETITFSD2Ev
                0x00001cd8        0x4 ./src/FatFs/SD.o
                0x00001cd8                PETITFS::~PETITFS()
                0x00001cd8                PETITFS::~PETITFS()
 .text._ZN7PETITFS5beginEv
                0x00001cdc       0x14 ./src/FatFs/SD.o
                0x00001cdc                PETITFS::begin()
 .text._ZN7PETITFS4openEPKc
                0x00001cf0       0x10 ./src/FatFs/SD.o
                0x00001cf0                PETITFS::open(char const*)
 .text._ZN7PETITFS5closeEv
                0x00001d00        0x4 ./src/FatFs/SD.o
                0x00001d00                PETITFS::close()
 .text._GLOBAL__I_SDFile
                0x00001d04       0x20 ./src/FatFs/SD.o
 .text._ZL7get_fatm
                0x00001d24       0xf8 ./src/FatFs/pff.o
 .text._ZL11follow_pathP5_DIR_PKc
                0x00001e1c      0x340 ./src/FatFs/pff.o
 .text._Z8pf_mountP7_FATFS_
                0x0000215c      0x244 ./src/FatFs/pff.o
                0x0000215c                pf_mount(_FATFS_*)
 .text._Z7pf_openPKc
                0x000023a0       0x74 ./src/FatFs/pff.o
                0x000023a0                pf_open(char const*)
 .text._Z7pf_readPvtPt
                0x00002414      0x104 ./src/FatFs/pff.o
                0x00002414                pf_read(void*, unsigned short, unsigned short*)
 .text._ZL8send_cmdhm
                0x00002518      0x138 ./src/FatFs/sdcard.o
 .text._Z15disk_initializev
                0x00002650      0x2e8 ./src/FatFs/sdcard.o
                0x00002650                disk_initialize()
 .text._Z10disk_readpPhmtt
                0x00002938      0x2cc ./src/FatFs/sdcard.o
                0x00002938                disk_readp(unsigned char*, unsigned long, unsigned short, unsigned short)
 .text          0x00002c04       0x9c c:/nxp/lpcxpresso_4.0.6_152/lpcxpresso/tools/bin/../lib/gcc/arm-none-eabi/4.5.1/armv6-m\libgcc.a(_udivsi3.o)
                0x00002c04                __aeabi_uidiv
                0x00002c04                __udivsi3
                0x00002c8c                __aeabi_uidivmod
 .text          0x00002ca0       0xc0 c:/nxp/lpcxpresso_4.0.6_152/lpcxpresso/tools/bin/../lib/gcc/arm-none-eabi/4.5.1/armv6-m\libgcc.a(_divsi3.o)
                0x00002ca0                __divsi3
                0x00002ca0                __aeabi_idiv
                0x00002d4c                __aeabi_idivmod
 .text          0x00002d60        0x4 c:/nxp/lpcxpresso_4.0.6_152/lpcxpresso/tools/bin/../lib/gcc/arm-none-eabi/4.5.1/armv6-m\libgcc.a(_dvmd_tls.o)
                0x00002d60                __aeabi_idiv0
                0x00002d60                __aeabi_ldiv0
 .text          0x00002d64      0xbf8 c:/nxp/lpcxpresso_4.0.6_152/lpcxpresso/tools/bin/../lib/gcc/arm-none-eabi/4.5.1/armv6-m\libgcc.a(unwind-arm.o)
                0x00003024                _Unwind_VRS_Get
                0x00003070                _Unwind_VRS_Set
                0x0000342c                __aeabi_unwind_cpp_pr2
                0x00003438                __aeabi_unwind_cpp_pr1
                0x00003444                __aeabi_unwind_cpp_pr0
                0x00003450                _Unwind_VRS_Pop
                0x00003808                _Unwind_GetCFA
                0x0000380c                __gnu_Unwind_RaiseException
                0x00003868                __gnu_Unwind_ForcedUnwind
                0x0000387c                __gnu_Unwind_Resume
                0x000038bc                __gnu_Unwind_Resume_or_Rethrow
                0x000038d8                _Unwind_Complete
                0x000038dc                _Unwind_DeleteException
                0x000038ec                __gnu_Unwind_Backtrace
 .text          0x0000395c      0x144 c:/nxp/lpcxpresso_4.0.6_152/lpcxpresso/tools/bin/../lib/gcc/arm-none-eabi/4.5.1/armv6-m\libgcc.a(libunwind.o)
                0x0000395c                __restore_core_regs
                0x0000395c                restore_core_regs
                0x00003988                __gnu_Unwind_Restore_VFP
                0x0000398c                __gnu_Unwind_Save_VFP
                0x00003990                __gnu_Unwind_Restore_VFP_D
                0x00003994                __gnu_Unwind_Save_VFP_D
                0x00003998                __gnu_Unwind_Restore_VFP_D_16_to_31
                0x0000399c                __gnu_Unwind_Save_VFP_D_16_to_31
                0x000039a0                __gnu_Unwind_Restore_WMMXD
                0x000039a4                __gnu_Unwind_Save_WMMXD
                0x000039a8                __gnu_Unwind_Restore_WMMXC
                0x000039ac                __gnu_Unwind_Save_WMMXC
                0x000039b0                ___Unwind_RaiseException
                0x000039b0                _Unwind_RaiseException
                0x000039e0                _Unwind_Resume
                0x000039e0                ___Unwind_Resume
                0x00003a10                _Unwind_Resume_or_Rethrow
                0x00003a10                ___Unwind_Resume_or_Rethrow
                0x00003a40                _Unwind_ForcedUnwind
                0x00003a40                ___Unwind_ForcedUnwind
                0x00003a70                ___Unwind_Backtrace
                0x00003a70                _Unwind_Backtrace
 .text          0x00003aa0      0x3d0 c:/nxp/lpcxpresso_4.0.6_152/lpcxpresso/tools/bin/../lib/gcc/arm-none-eabi/4.5.1/armv6-m\libgcc.a(pr-support.o)
                0x00003af0                __gnu_unwind_execute
                0x00003e18                __gnu_unwind_frame
                0x00003e40                _Unwind_GetRegionStart
                0x00003e4c                _Unwind_GetLanguageSpecificData
                0x00003e60                _Unwind_GetDataRelBase
                0x00003e68                _Unwind_GetTextRelBase
 .text          0x00003e70       0x10 c:/nxp/lpcxpresso_4.0.6_152/lpcxpresso/tools/bin/../lib/gcc/arm-none-eabi/4.5.1/../../../../arm-none-eabi/lib/armv6-m\libc.a(lib_a-abort.o)
                0x00003e70                abort
 .text          0x00003e80       0x48 c:/nxp/lpcxpresso_4.0.6_152/lpcxpresso/tools/bin/../lib/gcc/arm-none-eabi/4.5.1/../../../../arm-none-eabi/lib/armv6-m\libc.a(lib_a-init.o)
                0x00003e80                __libc_init_array
 .text          0x00003ec8      0x508 c:/nxp/lpcxpresso_4.0.6_152/lpcxpresso/tools/bin/../lib/gcc/arm-none-eabi/4.5.1/../../../../arm-none-eabi/lib/armv6-m\libc.a(lib_a-mallocr.o)
                0x00003ec8                _malloc_r
 .text          0x000043d0       0xf8 c:/nxp/lpcxpresso_4.0.6_152/lpcxpresso/tools/bin/../lib/gcc/arm-none-eabi/4.5.1/../../../../arm-none-eabi/lib/armv6-m\libc.a(lib_a-memcpy.o)
                0x000043d0                memcpy
 .text          0x000044c8        0x8 c:/nxp/lpcxpresso_4.0.6_152/lpcxpresso/tools/bin/../lib/gcc/arm-none-eabi/4.5.1/../../../../arm-none-eabi/lib/armv6-m\libc.a(lib_a-mlock.o)
                0x000044c8                __malloc_lock
                0x000044cc                __malloc_unlock
 .text          0x000044d0       0x24 c:/nxp/lpcxpresso_4.0.6_152/lpcxpresso/tools/bin/../lib/gcc/arm-none-eabi/4.5.1/../../../../arm-none-eabi/lib/armv6-m\libc.a(lib_a-sbrkr.o)
                0x000044d0                _sbrk_r
 .text          0x000044f4      0x168 c:/nxp/lpcxpresso_4.0.6_152/lpcxpresso/tools/bin/../lib/gcc/arm-none-eabi/4.5.1/../../../../arm-none-eabi/lib/armv6-m\libc.a(lib_a-signal.o)
                0x000044f4                _init_signal_r
                0x0000452c                _signal_r
                0x00004568                _raise_r
                0x000045c0                __sigtramp_r
                0x0000460c                raise
                0x00004620                signal
                0x00004638                _init_signal
                0x00004648                __sigtramp
 .text          0x0000465c       0x30 c:/nxp/lpcxpresso_4.0.6_152/lpcxpresso/tools/bin/../lib/gcc/arm-none-eabi/4.5.1/../../../../arm-none-eabi/lib/armv6-m\libc.a(lib_a-signalr.o)
                0x0000465c                _kill_r
                0x00004684                _getpid_r
 .text          0x0000468c      0x244 c:/nxp/lpcxpresso_4.0.6_152/lpcxpresso/tools/bin/../lib/gcc/arm-none-eabi/4.5.1/../../../../arm-none-eabi/lib/armv6-m\libc.a(lib_a-freer.o)
                0x0000468c                _malloc_trim_r
                0x0000472c                _free_r
 .text          0x000048d0       0x40 c:/nxp/lpcxpresso_4.0.6_152/lpcxpresso/tools/bin/../lib/gcc/arm-none-eabi/4.5.1/../../../../arm-none-eabi/lib/armv6-m\libcr_newlib_nohost.a(_cr_sbrk.o)
                0x000048d0                _sbrk
 .text          0x00004910        0x4 c:/nxp/lpcxpresso_4.0.6_152/lpcxpresso/tools/bin/../lib/gcc/arm-none-eabi/4.5.1/../../../../arm-none-eabi/lib/armv6-m\libcr_newlib_nohost.a(_exit.o)
                0x00004910                _exit
 .text          0x00004914       0x10 c:/nxp/lpcxpresso_4.0.6_152/lpcxpresso/tools/bin/../lib/gcc/arm-none-eabi/4.5.1/../../../../arm-none-eabi/lib/armv6-m\libcr_newlib_nohost.a(getpid.o)
                0x00004914                _getpid
 .text          0x00004924       0x10 c:/nxp/lpcxpresso_4.0.6_152/lpcxpresso/tools/bin/../lib/gcc/arm-none-eabi/4.5.1/../../../../arm-none-eabi/lib/armv6-m\libcr_newlib_nohost.a(kill.o)
                0x00004924                _kill
 .text          0x00004934       0x30 c:/nxp/lpcxpresso_4.0.6_152/lpcxpresso/tools/bin/../lib/gcc/arm-none-eabi/4.5.1/../../../../arm-none-eabi/lib/armv6-m\libcr_newlib_nohost.a(_cr_check_heap.o)
                0x00004934                __check_heap_overflow
 .text          0x00004964       0x30 c:/nxp/lpcxpresso_4.0.6_152/lpcxpresso/tools/bin/../lib/gcc/arm-none-eabi/4.5.1/armv6-m\crtbegin.o
 .text          0x00004994        0xc c:/nxp/lpcxpresso_4.0.6_152/lpcxpresso/tools/bin/../lib/gcc/arm-none-eabi/4.5.1/../../../../arm-none-eabi/lib/armv6-m\libc.a(lib_a-errno.o)
                0x00004994                __errno
 *(.rodata .rodata.*)
 .rodata.str1.4
                0x000049a0       0x62 ./src/user_application.o
                                 0x68 (size before relaxing)
 *fill*         0x00004a02        0x2 00
 .rodata.ssp_begin
                0x00004a04       0x20 ./src/core/SPI.o
 .rodata.ssp1_begin
                0x00004a24       0x20 ./src/core/SPI1.o
 .rodata._ZL8LPC_GPIO
                0x00004a44       0x10 ./src/core/gpio.o
 .rodata._ZL14mary_pinAssign
                0x00004a54       0xe0 ./src/core/gpio.o
 .rodata._ZL17arduino_pinAssign
                0x00004b34       0x70 ./src/core/gpio.o
 .rodata._ZL9radix_hex
                0x00004ba4       0x14 ./src/core/uart.o
 .rodata._ZL9radix_dec
                0x00004bb8        0xc ./src/core/uart.o
 .rodata._ZL9radix_oct
                0x00004bc4        0xc ./src/core/uart.o
 .rodata._ZL9radix_bin
                0x00004bd0        0x4 ./src/core/uart.o
 .rodata        0x00004bd4       0x14 c:/nxp/lpcxpresso_4.0.6_152/lpcxpresso/tools/bin/../lib/gcc/arm-none-eabi/4.5.1/armv6-m\libgcc.a(unwind-arm.o)
 .rodata.str1.4
                0x00004be8        0x4 c:/nxp/lpcxpresso_4.0.6_152/lpcxpresso/tools/bin/../lib/gcc/arm-none-eabi/4.5.1/../../../../arm-none-eabi/lib/armv6-m\libc.a(lib_a-impure.o)
                0x00004bec                . = ALIGN (0x4)
                0x00004bec                . = ALIGN (0x4)
 *(.init)
 .init          0x00004bec        0x4 c:/nxp/lpcxpresso_4.0.6_152/lpcxpresso/tools/bin/../lib/gcc/arm-none-eabi/4.5.1/armv6-m\crti.o
                0x00004bec                _init
 .init          0x00004bf0        0x8 c:/nxp/lpcxpresso_4.0.6_152/lpcxpresso/tools/bin/../lib/gcc/arm-none-eabi/4.5.1/armv6-m\crtn.o
                0x00004bf8                . = ALIGN (0x4)
                0x00004bf8                __preinit_array_start = .
 *(.preinit_array)
                0x00004bf8                __preinit_array_end = .
                0x00004bf8                . = ALIGN (0x4)
                0x00004bf8                __init_array_start = .
 *(SORT(.init_array.*))
 *(.init_array)
 .init_array    0x00004bf8        0x4 ./src/core/SPI.o
 .init_array    0x00004bfc        0x4 ./src/core/SPI1.o
 .init_array    0x00004c00        0x4 ./src/core/maryoled.o
 .init_array    0x00004c04        0x4 ./src/core/uart.o
 .init_array    0x00004c08        0x4 ./src/XBee/XBee.o
 .init_array    0x00004c0c        0x4 ./src/FatFs/SD.o
 .init_array    0x00004c10        0x4 c:/nxp/lpcxpresso_4.0.6_152/lpcxpresso/tools/bin/../lib/gcc/arm-none-eabi/4.5.1/armv6-m\crtbegin.o
                0x00004c14                __init_array_end = .
 *(.fini)
 .fini          0x00004c14        0x4 c:/nxp/lpcxpresso_4.0.6_152/lpcxpresso/tools/bin/../lib/gcc/arm-none-eabi/4.5.1/armv6-m\crti.o
                0x00004c14                _fini
 .fini          0x00004c18        0x8 c:/nxp/lpcxpresso_4.0.6_152/lpcxpresso/tools/bin/../lib/gcc/arm-none-eabi/4.5.1/armv6-m\crtn.o
                0x00004c20                . = ALIGN (0x4)
 *crtbegin.o(.ctors)
 *(EXCLUDE_FILE(*crtend.o) .ctors)
 *(SORT(.ctors.*))
 *crtend.o(.ctors)
                0x00004c20                . = ALIGN (0x4)
 *crtbegin.o(.dtors)
 *(EXCLUDE_FILE(*crtend.o) .dtors)
 *(SORT(.dtors.*))
 *crtend.o(.dtors)

.glue_7         0x00004c20        0x0
 .glue_7        0x00000000        0x0 linker stubs

.glue_7t        0x00004c20        0x0
 .glue_7t       0x00000000        0x0 linker stubs

.vfp11_veneer   0x00004c20        0x0
 .vfp11_veneer  0x00000000        0x0 linker stubs

.v4_bx          0x00004c20        0x0
 .v4_bx         0x00000000        0x0 linker stubs

.ARM.extab      0x00004c20      0x12c
 *(.ARM.extab* .gnu.linkonce.armextab.*)
 .ARM.extab.text._Z4loopv
                0x00004c20        0xc ./src/user_application.o
 .ARM.extab.text.ssp_begin
                0x00004c2c        0xc ./src/core/SPI.o
 .ARM.extab.text._ZN3SSP5beginEv
                0x00004c38        0xc ./src/core/SPI.o
 .ARM.extab.text._ZN4SSP15beginEv
                0x00004c44        0xc ./src/core/SPI1.o
 .ARM.extab.text.TIMER32_1_IRQHandler
                0x00004c50        0xc ./src/core/delay.o
 .ARM.extab.text.main
                0x00004c5c        0xc ./src/core/startup_mary.o
 .ARM.extab.text._ZL7get_fatm
                0x00004c68        0xc ./src/FatFs/pff.o
 .ARM.extab.text._ZL11follow_pathP5_DIR_PKc
                0x00004c74        0xc ./src/FatFs/pff.o
 .ARM.extab.text._Z8pf_mountP7_FATFS_
                0x00004c80        0xc ./src/FatFs/pff.o
 .ARM.extab.text._Z7pf_readPvtPt
                0x00004c8c        0xc ./src/FatFs/pff.o
 .ARM.extab.text._Z15disk_initializev
                0x00004c98        0xc ./src/FatFs/sdcard.o
 .ARM.extab.text._Z10disk_readpPhmtt
                0x00004ca4        0xc ./src/FatFs/sdcard.o
 .ARM.extab     0x00004cb0       0x6c c:/nxp/lpcxpresso_4.0.6_152/lpcxpresso/tools/bin/../lib/gcc/arm-none-eabi/4.5.1/armv6-m\libgcc.a(unwind-arm.o)
 .ARM.extab     0x00004d1c       0x30 c:/nxp/lpcxpresso_4.0.6_152/lpcxpresso/tools/bin/../lib/gcc/arm-none-eabi/4.5.1/armv6-m\libgcc.a(pr-support.o)
                0x00004d4c                __exidx_start = .

.ARM.exidx      0x00004d4c      0x1b0
 *(.ARM.exidx* .gnu.linkonce.armexidx.*)
 .ARM.exidx.text._Z9playSoundv
                0x00004d64        0x8 ./src/user_application.o
 .ARM.exidx.text._Z5setupv
                0x00004d6c        0x8 ./src/user_application.o
 .ARM.exidx.text._Z4loopv
                0x00004d74        0x8 ./src/user_application.o
 .ARM.exidx.text._ZN3SSPD2Ev
                0x00004d7c        0x8 ./src/core/SPI.o
 .ARM.exidx.text._ZN3SSP12setBitLengthEi
                0x00004d84        0x0 ./src/core/SPI.o
                                  0x8 (size before relaxing)
 .ARM.exidx.text._ZN3SSP15setClockDividerE15SSP_CLK_DIVIDER
                0x00004d84        0x0 ./src/core/SPI.o
                                  0x8 (size before relaxing)
 .ARM.exidx.text._ZN3SSP11setDataModeE13SSP_DATA_MODE
                0x00004d84        0x0 ./src/core/SPI.o
                                  0x8 (size before relaxing)
 .ARM.exidx.text._ZN3SSP8transferEm
                0x00004d84        0x0 ./src/core/SPI.o
                                  0x8 (size before relaxing)
 .ARM.exidx.text.ssp_begin
                0x00004d84        0x8 ./src/core/SPI.o
 .ARM.exidx.text._ZN3SSP5beginEv
                0x00004d8c        0x8 ./src/core/SPI.o
 .ARM.exidx.text._GLOBAL__I_SPI
                0x00004d94        0x8 ./src/core/SPI.o
 .ARM.exidx.text._ZN4SSP1D2Ev
                0x00004d9c        0x0 ./src/core/SPI1.o
                                  0x8 (size before relaxing)
 .ARM.exidx.text._ZN4SSP112setBitLengthEi
                0x00004d9c        0x0 ./src/core/SPI1.o
                                  0x8 (size before relaxing)
 .ARM.exidx.text._ZN4SSP115setClockDividerE15SSP_CLK_DIVIDER
                0x00004d9c        0x0 ./src/core/SPI1.o
                                  0x8 (size before relaxing)
 .ARM.exidx.text._ZN4SSP18transferEm
                0x00004d9c        0x0 ./src/core/SPI1.o
                                  0x8 (size before relaxing)
 .ARM.exidx.text.ssp1_begin
                0x00004d9c        0x8 ./src/core/SPI1.o
 .ARM.exidx.text._ZN4SSP15beginEv
                0x00004da4        0x8 ./src/core/SPI1.o
 .ARM.exidx.text._GLOBAL__I_SPI1
                0x00004dac        0x8 ./src/core/SPI1.o
 .ARM.exidx.text.__aeabi_atexit
                0x00004db4        0x0 ./src/core/cr_cpp_config.o
                                  0x8 (size before relaxing)
 .ARM.exidx.after_vectors
                0x00004d4c       0x18 ./src/core/cr_startup_lpc11.o
                                 0x48 (size before relaxing)
 .ARM.exidx.text.setup_TIMER32_1
                0x00004db4        0x0 ./src/core/delay.o
                                  0x8 (size before relaxing)
 .ARM.exidx.text.attachMicroseconds
                0x00004db4        0x0 ./src/core/delay.o
                                  0x8 (size before relaxing)
 .ARM.exidx.text.detachMicroseconds
                0x00004db4        0x0 ./src/core/delay.o
                                  0x8 (size before relaxing)
 .ARM.exidx.text.TIMER32_1_IRQHandler
                0x00004db4        0x8 ./src/core/delay.o
 .ARM.exidx.text.SysTick_Handler
                0x00004dbc        0x8 ./src/core/delay.o
 .ARM.exidx.text.setup_systick
                0x00004dc4        0x0 ./src/core/delay.o
                                  0x8 (size before relaxing)
 .ARM.exidx.text._Z7pinModei12pinModeState
                0x00004dc4        0x0 ./src/core/gpio.o
                                  0x8 (size before relaxing)
 .ARM.exidx.text._Z12digitalWritei17digitalWriteState
                0x00004dc4        0x0 ./src/core/gpio.o
                                  0x8 (size before relaxing)
 .ARM.exidx.text._Z11digitalReadi
                0x00004dc4        0x0 ./src/core/gpio.o
                                  0x8 (size before relaxing)
 .ARM.exidx.text._ZN8MARYOLEDD2Ev
                0x00004dc4        0x0 ./src/core/maryoled.o
                                  0x8 (size before relaxing)
 .ARM.exidx.text._GLOBAL__I_oled
                0x00004dc4        0x0 ./src/core/maryoled.o
                                  0x8 (size before relaxing)
 .ARM.exidx.text.main
                0x00004dc4        0x8 ./src/core/startup_mary.o
 .ARM.exidx.text.SystemInit
                0x00004dcc        0x8 ./src/core/system_LPC11xx.o
 .ARM.exidx.text._ZN7USerialD2Ev
                0x00004dd4        0x0 ./src/core/uart.o
                                  0x8 (size before relaxing)
 .ARM.exidx.text._ZN7USerial5beginEi
                0x00004dd4        0x0 ./src/core/uart.o
                                  0x8 (size before relaxing)
 .ARM.exidx.text._ZN7USerial5printEi12RADIX_FORMAT
                0x00004dd4        0x0 ./src/core/uart.o
                                  0x8 (size before relaxing)
 .ARM.exidx.text._ZN7USerial7printlnEPKc
                0x00004dd4        0x0 ./src/core/uart.o
                                  0x8 (size before relaxing)
 .ARM.exidx.text._ZN7USerial7printlnEi12RADIX_FORMAT
                0x00004dd4        0x0 ./src/core/uart.o
                                  0x8 (size before relaxing)
 .ARM.exidx.text._GLOBAL__I_Serial
                0x00004dd4        0x0 ./src/core/uart.o
                                  0x8 (size before relaxing)
 .ARM.exidx.text._GLOBAL__I__ZN12XBeeResponseC2Ev
                0x00004dd4        0x0 ./src/XBee/XBee.o
                                  0x8 (size before relaxing)
 .ARM.exidx.text._ZN7PETITFSD2Ev
                0x00004dd4        0x0 ./src/FatFs/SD.o
                                  0x8 (size before relaxing)
 .ARM.exidx.text._ZN7PETITFS5beginEv
                0x00004dd4        0x8 ./src/FatFs/SD.o
 .ARM.exidx.text._ZN7PETITFS4openEPKc
                0x00004ddc        0x0 ./src/FatFs/SD.o
                                  0x8 (size before relaxing)
 .ARM.exidx.text._ZN7PETITFS5closeEv
                0x00004ddc        0x8 ./src/FatFs/SD.o
 .ARM.exidx.text._GLOBAL__I_SDFile
                0x00004de4        0x0 ./src/FatFs/SD.o
                                  0x8 (size before relaxing)
 .ARM.exidx.text._ZL7get_fatm
                0x00004de4        0x8 ./src/FatFs/pff.o
 .ARM.exidx.text._ZL11follow_pathP5_DIR_PKc
                0x00004dec        0x8 ./src/FatFs/pff.o
 .ARM.exidx.text._Z8pf_mountP7_FATFS_
                0x00004df4        0x8 ./src/FatFs/pff.o
 .ARM.exidx.text._Z7pf_openPKc
                0x00004dfc        0x8 ./src/FatFs/pff.o
 .ARM.exidx.text._Z7pf_readPvtPt
                0x00004e04        0x8 ./src/FatFs/pff.o
 .ARM.exidx.text._ZL8send_cmdhm
                0x00004e0c        0x8 ./src/FatFs/sdcard.o
 .ARM.exidx.text._Z15disk_initializev
                0x00004e14        0x8 ./src/FatFs/sdcard.o
 .ARM.exidx.text._Z10disk_readpPhmtt
                0x00004e1c       0x10 ./src/FatFs/sdcard.o
                                  0x8 (size before relaxing)
 .ARM.exidx     0x00004e2c       0x98 c:/nxp/lpcxpresso_4.0.6_152/lpcxpresso/tools/bin/../lib/gcc/arm-none-eabi/4.5.1/armv6-m\libgcc.a(unwind-arm.o)
                                 0xc0 (size before relaxing)
 .ARM.exidx     0x00004ec4       0x38 c:/nxp/lpcxpresso_4.0.6_152/lpcxpresso/tools/bin/../lib/gcc/arm-none-eabi/4.5.1/armv6-m\libgcc.a(pr-support.o)
                                 0x48 (size before relaxing)
                0x00004efc                __exidx_end = .
                0x00004efc                _etext = .

.uninit_RESERVED
 *(.bss.$RESERVED*)

.data           0x10000000      0x84c load address 0x00004efc
 FILL mask 0xff
                0x10000000                _data = .
 *(vtable)
 *(.data*)
 .data.SystemCoreClock
                0x10000000        0x4 ./src/core/system_LPC11xx.o
                0x10000000                SystemCoreClock
 .data          0x10000004      0x410 c:/nxp/lpcxpresso_4.0.6_152/lpcxpresso/tools/bin/../lib/gcc/arm-none-eabi/4.5.1/../../../../arm-none-eabi/lib/armv6-m\libc.a(lib_a-mallocr.o)
                0x10000004                __malloc_av_
                0x1000040c                __malloc_sbrk_base
                0x10000410                __malloc_trim_threshold
 *fill*         0x10000414        0x4 00
 .data          0x10000418      0x430 c:/nxp/lpcxpresso_4.0.6_152/lpcxpresso/tools/bin/../lib/gcc/arm-none-eabi/4.5.1/../../../../arm-none-eabi/lib/armv6-m\libc.a(lib_a-impure.o)
                0x10000418                _impure_ptr
 .data          0x10000848        0x4 c:/nxp/lpcxpresso_4.0.6_152/lpcxpresso/tools/bin/../lib/gcc/arm-none-eabi/4.5.1/armv6-m\crtbegin.o
                0x10000848                __dso_handle
                0x1000084c                . = ALIGN (0x4)
                0x1000084c                _edata = .

.jcr            0x1000084c        0x0 load address 0x00005748
 .jcr           0x1000084c        0x0 c:/nxp/lpcxpresso_4.0.6_152/lpcxpresso/tools/bin/../lib/gcc/arm-none-eabi/4.5.1/armv6-m\crtbegin.o

.bss            0x1000084c      0x54c load address 0x00005748
                0x1000084c                _bss = .
 *(.bss*)
 .bss.empty_c   0x1000084c        0x2 ./src/user_application.o
                0x1000084c                empty_c
 .bss.br        0x1000084e        0x2 ./src/user_application.o
                0x1000084e                br
 .bss.rc        0x10000850        0x1 ./src/user_application.o
                0x10000850                rc
 .bss.dac_semp  0x10000851        0x1 ./src/user_application.o
                0x10000851                dac_semp
 .bss._ZZ9playSoundvE1i
                0x10000852        0x2 ./src/user_application.o
 .bss._ZZ9playSoundvE1j
                0x10000854        0x2 ./src/user_application.o
 *fill*         0x10000856        0x2 00
 .bss.AudioBuf  0x10000858      0x400 ./src/user_application.o
                0x10000858                AudioBuf
 .bss.SPI       0x10000c58        0x8 ./src/core/SPI.o
                0x10000c58                SPI
 .bss.SPI1      0x10000c60        0x8 ./src/core/SPI1.o
                0x10000c60                SPI1
 .bss.userfunc  0x10000c68        0x4 ./src/core/delay.o
                0x10000c68                userfunc
 .bss._ZL7msTicks
                0x10000c6c        0x4 ./src/core/delay.o
 .bss.oled      0x10000c70       0x28 ./src/core/maryoled.o
                0x10000c70                oled
 .bss.Serial    0x10000c98        0x8 ./src/core/uart.o
                0x10000c98                Serial
 .bss._ZN22RemoteAtCommandRequest18broadcastAddress64E
                0x10000ca0        0x8 ./src/XBee/XBee.o
                0x10000ca0                RemoteAtCommandRequest::broadcastAddress64
 .bss.SDFile    0x10000ca8       0xa8 ./src/FatFs/SD.o
                0x10000ca8                SDFile
 .bss._ZL5FatFs
                0x10000d50        0x4 ./src/FatFs/pff.o
 .bss._ZL8CardType
                0x10000d54        0x1 ./src/FatFs/sdcard.o
 *fill*         0x10000d55        0x1 00
 .bss._ZZ11disk_writepPKhmE2wc
                0x10000d56        0x2 ./src/FatFs/sdcard.o
 .bss           0x10000d58       0x34 c:/nxp/lpcxpresso_4.0.6_152/lpcxpresso/tools/bin/../lib/gcc/arm-none-eabi/4.5.1/../../../../arm-none-eabi/lib/armv6-m\libc.a(lib_a-mallocr.o)
                0x10000d58                __malloc_top_pad
                0x10000d5c                __malloc_current_mallinfo
                0x10000d84                __malloc_max_sbrked_mem
                0x10000d88                __malloc_max_total_mem
 .bss           0x10000d8c        0x1 c:/nxp/lpcxpresso_4.0.6_152/lpcxpresso/tools/bin/../lib/gcc/arm-none-eabi/4.5.1/armv6-m\crtbegin.o
 *(COMMON)
 *fill*         0x10000d8d        0x3 00
 COMMON         0x10000d90        0x4 c:/nxp/lpcxpresso_4.0.6_152/lpcxpresso/tools/bin/../lib/gcc/arm-none-eabi/4.5.1/../../../../arm-none-eabi/lib/armv6-m\libc.a(lib_a-reent.o)
                0x10000d90                errno
 COMMON         0x10000d94        0x4 c:/nxp/lpcxpresso_4.0.6_152/lpcxpresso/tools/bin/../lib/gcc/arm-none-eabi/4.5.1/../../../../arm-none-eabi/lib/armv6-m\libcr_newlib_nohost.a(_cr_sbrk.o)
                0x10000d94                __end_of_heap
                0x10000d98                . = ALIGN (0x4)
                0x10000d98                _ebss = .
                0x10000d98                PROVIDE (end, .)
                0x10000d98                PROVIDE (_pvHeapStart, .)
                0x10001fe0                PROVIDE (_vStackTop, (__top_RamLoc8 - 0x0))
OUTPUT(eXdusino.axf elf32-littlearm)

.debug_abbrev   0x00000000     0x2d45
 .debug_abbrev  0x00000000      0x2d1 ./src/user_application.o
 .debug_abbrev  0x000002d1      0x38e ./src/core/SPI.o
 .debug_abbrev  0x0000065f      0x37b ./src/core/SPI1.o
 .debug_abbrev  0x000009da       0xcf ./src/core/cr_cpp_config.o
 .debug_abbrev  0x00000aa9      0x158 ./src/core/cr_startup_lpc11.o
 .debug_abbrev  0x00000c01      0x29d ./src/core/delay.o
 .debug_abbrev  0x00000e9e      0x167 ./src/core/gpio.o
 .debug_abbrev  0x00001005      0x45f ./src/core/maryoled.o
 .debug_abbrev  0x00001464       0xf3 ./src/core/startup_mary.o
 .debug_abbrev  0x00001557       0xe2 ./src/core/system_LPC11xx.o
 .debug_abbrev  0x00001639      0x369 ./src/core/uart.o
 .debug_abbrev  0x000019a2      0x670 ./src/XBee/XBee.o
 .debug_abbrev  0x00002012      0x3a6 ./src/FatFs/SD.o
 .debug_abbrev  0x000023b8      0x36c ./src/FatFs/pff.o
 .debug_abbrev  0x00002724      0x3e9 ./src/FatFs/sdcard.o
 .debug_abbrev  0x00002b0d       0xa0 c:/nxp/lpcxpresso_4.0.6_152/lpcxpresso/tools/bin/../lib/gcc/arm-none-eabi/4.5.1/../../../../arm-none-eabi/lib/armv6-m\libcr_newlib_nohost.a(_cr_sbrk.o)
 .debug_abbrev  0x00002bad       0x52 c:/nxp/lpcxpresso_4.0.6_152/lpcxpresso/tools/bin/../lib/gcc/arm-none-eabi/4.5.1/../../../../arm-none-eabi/lib/armv6-m\libcr_newlib_nohost.a(_exit.o)
 .debug_abbrev  0x00002bff       0x5b c:/nxp/lpcxpresso_4.0.6_152/lpcxpresso/tools/bin/../lib/gcc/arm-none-eabi/4.5.1/../../../../arm-none-eabi/lib/armv6-m\libcr_newlib_nohost.a(getpid.o)
 .debug_abbrev  0x00002c5a       0x7b c:/nxp/lpcxpresso_4.0.6_152/lpcxpresso/tools/bin/../lib/gcc/arm-none-eabi/4.5.1/../../../../arm-none-eabi/lib/armv6-m\libcr_newlib_nohost.a(kill.o)
 .debug_abbrev  0x00002cd5       0x70 c:/nxp/lpcxpresso_4.0.6_152/lpcxpresso/tools/bin/../lib/gcc/arm-none-eabi/4.5.1/../../../../arm-none-eabi/lib/armv6-m\libcr_newlib_nohost.a(_cr_check_heap.o)

.debug_info     0x00000000    0x104fa
 .debug_info    0x00000000      0xe36 ./src/user_application.o
 .debug_info    0x00000e36     0x1274 ./src/core/SPI.o
 .debug_info    0x000020aa     0x1274 ./src/core/SPI1.o
 .debug_info    0x0000331e      0x138 ./src/core/cr_cpp_config.o
 .debug_info    0x00003456      0x373 ./src/core/cr_startup_lpc11.o
 .debug_info    0x000037c9      0xbcc ./src/core/delay.o
 .debug_info    0x00004395      0x308 ./src/core/gpio.o
 .debug_info    0x0000469d     0x203f ./src/core/maryoled.o
 .debug_info    0x000066dc      0x2a3 ./src/core/startup_mary.o
 .debug_info    0x0000697f      0x4f6 ./src/core/system_LPC11xx.o
 .debug_info    0x00006e75     0x10cd ./src/core/uart.o
 .debug_info    0x00007f42     0x4e37 ./src/XBee/XBee.o
 .debug_info    0x0000cd79     0x1025 ./src/FatFs/SD.o
 .debug_info    0x0000dd9e     0x120c ./src/FatFs/pff.o
 .debug_info    0x0000efaa     0x1227 ./src/FatFs/sdcard.o
 .debug_info    0x000101d1       0xed c:/nxp/lpcxpresso_4.0.6_152/lpcxpresso/tools/bin/../lib/gcc/arm-none-eabi/4.5.1/../../../../arm-none-eabi/lib/armv6-m\libcr_newlib_nohost.a(_cr_sbrk.o)
 .debug_info    0x000102be       0x5c c:/nxp/lpcxpresso_4.0.6_152/lpcxpresso/tools/bin/../lib/gcc/arm-none-eabi/4.5.1/../../../../arm-none-eabi/lib/armv6-m\libcr_newlib_nohost.a(_exit.o)
 .debug_info    0x0001031a       0x9a c:/nxp/lpcxpresso_4.0.6_152/lpcxpresso/tools/bin/../lib/gcc/arm-none-eabi/4.5.1/../../../../arm-none-eabi/lib/armv6-m\libcr_newlib_nohost.a(getpid.o)
 .debug_info    0x000103b4       0xbb c:/nxp/lpcxpresso_4.0.6_152/lpcxpresso/tools/bin/../lib/gcc/arm-none-eabi/4.5.1/../../../../arm-none-eabi/lib/armv6-m\libcr_newlib_nohost.a(kill.o)
 .debug_info    0x0001046f       0x8b c:/nxp/lpcxpresso_4.0.6_152/lpcxpresso/tools/bin/../lib/gcc/arm-none-eabi/4.5.1/../../../../arm-none-eabi/lib/armv6-m\libcr_newlib_nohost.a(_cr_check_heap.o)

.debug_line     0x00000000     0x62f2
 .debug_line    0x00000000      0x408 ./src/user_application.o
 .debug_line    0x00000408      0x425 ./src/core/SPI.o
 .debug_line    0x0000082d      0x41d ./src/core/SPI1.o
 .debug_line    0x00000c4a      0x56c ./src/core/cr_cpp_config.o
 .debug_line    0x000011b6      0x2fa ./src/core/cr_startup_lpc11.o
 .debug_line    0x000014b0      0x394 ./src/core/delay.o
 .debug_line    0x00001844      0x2ab ./src/core/gpio.o
 .debug_line    0x00001aef      0xdcd ./src/core/maryoled.o
 .debug_line    0x000028bc      0x289 ./src/core/startup_mary.o
 .debug_line    0x00002b45      0x2d7 ./src/core/system_LPC11xx.o
 .debug_line    0x00002e1c      0x743 ./src/core/uart.o
 .debug_line    0x0000355f     0x12be ./src/XBee/XBee.o
 .debug_line    0x0000481d      0x4bf ./src/FatFs/SD.o
 .debug_line    0x00004cdc      0xb38 ./src/FatFs/pff.o
 .debug_line    0x00005814      0x91c ./src/FatFs/sdcard.o
 .debug_line    0x00006130       0xb7 c:/nxp/lpcxpresso_4.0.6_152/lpcxpresso/tools/bin/../lib/gcc/arm-none-eabi/4.5.1/../../../../arm-none-eabi/lib/armv6-m\libcr_newlib_nohost.a(_cr_sbrk.o)
 .debug_line    0x000061e7       0x3e c:/nxp/lpcxpresso_4.0.6_152/lpcxpresso/tools/bin/../lib/gcc/arm-none-eabi/4.5.1/../../../../arm-none-eabi/lib/armv6-m\libcr_newlib_nohost.a(_exit.o)
 .debug_line    0x00006225       0x41 c:/nxp/lpcxpresso_4.0.6_152/lpcxpresso/tools/bin/../lib/gcc/arm-none-eabi/4.5.1/../../../../arm-none-eabi/lib/armv6-m\libcr_newlib_nohost.a(getpid.o)
 .debug_line    0x00006266       0x3f c:/nxp/lpcxpresso_4.0.6_152/lpcxpresso/tools/bin/../lib/gcc/arm-none-eabi/4.5.1/../../../../arm-none-eabi/lib/armv6-m\libcr_newlib_nohost.a(kill.o)
 .debug_line    0x000062a5       0x4d c:/nxp/lpcxpresso_4.0.6_152/lpcxpresso/tools/bin/../lib/gcc/arm-none-eabi/4.5.1/../../../../arm-none-eabi/lib/armv6-m\libcr_newlib_nohost.a(_cr_check_heap.o)

.debug_macinfo  0x00000000    0x44f7d
 .debug_macinfo
                0x00000000     0x4926 ./src/user_application.o
 .debug_macinfo
                0x00004926     0x41d5 ./src/core/SPI.o
 .debug_macinfo
                0x00008afb     0x41e4 ./src/core/SPI1.o
 .debug_macinfo
                0x0000ccdf     0x3644 ./src/core/cr_cpp_config.o
 .debug_macinfo
                0x00010323     0x1fd0 ./src/core/cr_startup_lpc11.o
 .debug_macinfo
                0x000122f3     0x3e62 ./src/core/delay.o
 .debug_macinfo
                0x00016155     0x41c7 ./src/core/gpio.o
 .debug_macinfo
                0x0001a31c     0x6948 ./src/core/maryoled.o
 .debug_macinfo
                0x00020c64     0x41fa ./src/core/startup_mary.o
 .debug_macinfo
                0x00024e5e     0x41d1 ./src/core/system_LPC11xx.o
 .debug_macinfo
                0x0002902f     0x5c5f ./src/core/uart.o
 .debug_macinfo
                0x0002ec8e     0x59c9 ./src/XBee/XBee.o
 .debug_macinfo
                0x00034657     0x48f7 ./src/FatFs/SD.o
 .debug_macinfo
                0x00038f4e     0x7554 ./src/FatFs/pff.o
 .debug_macinfo
                0x000404a2     0x4adb ./src/FatFs/sdcard.o

.debug_loc      0x00000000     0x6d76
 .debug_loc     0x00000000      0x21a ./src/user_application.o
 .debug_loc     0x0000021a      0x327 ./src/core/SPI.o
 .debug_loc     0x00000541      0x31d ./src/core/SPI1.o
 .debug_loc     0x0000085e       0x79 ./src/core/cr_cpp_config.o
 .debug_loc     0x000008d7      0x4b1 ./src/core/cr_startup_lpc11.o
 .debug_loc     0x00000d88      0x180 ./src/core/delay.o
 .debug_loc     0x00000f08      0x17c ./src/core/gpio.o
 .debug_loc     0x00001084     0x161a ./src/core/maryoled.o
 .debug_loc     0x0000269e       0x20 ./src/core/startup_mary.o
 .debug_loc     0x000026be       0xa3 ./src/core/system_LPC11xx.o
 .debug_loc     0x00002761      0x5a0 ./src/core/uart.o
 .debug_loc     0x00002d01     0x1aa8 ./src/XBee/XBee.o
 .debug_loc     0x000047a9      0x294 ./src/FatFs/SD.o
 .debug_loc     0x00004a3d     0x1c13 ./src/FatFs/pff.o
 .debug_loc     0x00006650      0x654 ./src/FatFs/sdcard.o
 .debug_loc     0x00006ca4       0x58 c:/nxp/lpcxpresso_4.0.6_152/lpcxpresso/tools/bin/../lib/gcc/arm-none-eabi/4.5.1/../../../../arm-none-eabi/lib/armv6-m\libcr_newlib_nohost.a(_cr_sbrk.o)
 .debug_loc     0x00006cfc       0x1f c:/nxp/lpcxpresso_4.0.6_152/lpcxpresso/tools/bin/../lib/gcc/arm-none-eabi/4.5.1/../../../../arm-none-eabi/lib/armv6-m\libcr_newlib_nohost.a(_exit.o)
 .debug_loc     0x00006d1b       0x13 c:/nxp/lpcxpresso_4.0.6_152/lpcxpresso/tools/bin/../lib/gcc/arm-none-eabi/4.5.1/../../../../arm-none-eabi/lib/armv6-m\libcr_newlib_nohost.a(kill.o)
 .debug_loc     0x00006d2e       0x48 c:/nxp/lpcxpresso_4.0.6_152/lpcxpresso/tools/bin/../lib/gcc/arm-none-eabi/4.5.1/../../../../arm-none-eabi/lib/armv6-m\libcr_newlib_nohost.a(_cr_check_heap.o)

.debug_pubnames
                0x00000000     0x1e9b
 .debug_pubnames
                0x00000000       0x80 ./src/user_application.o
 .debug_pubnames
                0x00000080       0xea ./src/core/SPI.o
 .debug_pubnames
                0x0000016a       0xf9 ./src/core/SPI1.o
 .debug_pubnames
                0x00000263       0x4a ./src/core/cr_cpp_config.o
 .debug_pubnames
                0x000002ad       0xd8 ./src/core/cr_startup_lpc11.o
 .debug_pubnames
                0x00000385       0xd6 ./src/core/delay.o
 .debug_pubnames
                0x0000045b       0x3f ./src/core/gpio.o
 .debug_pubnames
                0x0000049a      0x22c ./src/core/maryoled.o
 .debug_pubnames
                0x000006c6       0x1b ./src/core/startup_mary.o
 .debug_pubnames
                0x000006e1       0x4f ./src/core/system_LPC11xx.o
 .debug_pubnames
                0x00000730      0x10b ./src/core/uart.o
 .debug_pubnames
                0x0000083b     0x12e3 ./src/XBee/XBee.o
 .debug_pubnames
                0x00001b1e      0x1f2 ./src/FatFs/SD.o
 .debug_pubnames
                0x00001d10       0x6f ./src/FatFs/pff.o
 .debug_pubnames
                0x00001d7f       0x5e ./src/FatFs/sdcard.o
 .debug_pubnames
                0x00001ddd       0x2e c:/nxp/lpcxpresso_4.0.6_152/lpcxpresso/tools/bin/../lib/gcc/arm-none-eabi/4.5.1/../../../../arm-none-eabi/lib/armv6-m\libcr_newlib_nohost.a(_cr_sbrk.o)
 .debug_pubnames
                0x00001e0b       0x1c c:/nxp/lpcxpresso_4.0.6_152/lpcxpresso/tools/bin/../lib/gcc/arm-none-eabi/4.5.1/../../../../arm-none-eabi/lib/armv6-m\libcr_newlib_nohost.a(_exit.o)
 .debug_pubnames
                0x00001e27       0x1e c:/nxp/lpcxpresso_4.0.6_152/lpcxpresso/tools/bin/../lib/gcc/arm-none-eabi/4.5.1/../../../../arm-none-eabi/lib/armv6-m\libcr_newlib_nohost.a(getpid.o)
 .debug_pubnames
                0x00001e45       0x1c c:/nxp/lpcxpresso_4.0.6_152/lpcxpresso/tools/bin/../lib/gcc/arm-none-eabi/4.5.1/../../../../arm-none-eabi/lib/armv6-m\libcr_newlib_nohost.a(kill.o)
 .debug_pubnames
                0x00001e61       0x3a c:/nxp/lpcxpresso_4.0.6_152/lpcxpresso/tools/bin/../lib/gcc/arm-none-eabi/4.5.1/../../../../arm-none-eabi/lib/armv6-m\libcr_newlib_nohost.a(_cr_check_heap.o)

.debug_pubtypes
                0x00000000      0x61d
 .debug_pubtypes
                0x00000000       0xba ./src/user_application.o
 .debug_pubtypes
                0x000000ba       0x3e ./src/core/SPI.o
 .debug_pubtypes
                0x000000f8       0x3f ./src/core/SPI1.o
 .debug_pubtypes
                0x00000137       0x1d ./src/core/cr_cpp_config.o
 .debug_pubtypes
                0x00000154       0x12 ./src/core/cr_startup_lpc11.o
 .debug_pubtypes
                0x00000166       0x4a ./src/core/delay.o
 .debug_pubtypes
                0x000001b0       0x1f ./src/core/gpio.o
 .debug_pubtypes
                0x000001cf       0x34 ./src/core/maryoled.o
 .debug_pubtypes
                0x00000203       0x1f ./src/core/startup_mary.o
 .debug_pubtypes
                0x00000222       0x1f ./src/core/system_LPC11xx.o
 .debug_pubtypes
                0x00000241       0x2b ./src/core/uart.o
 .debug_pubtypes
                0x0000026c      0x1f1 ./src/XBee/XBee.o
 .debug_pubtypes
                0x0000045d       0x94 ./src/FatFs/SD.o
 .debug_pubtypes
                0x000004f1       0x80 ./src/FatFs/pff.o
 .debug_pubtypes
                0x00000571       0xac ./src/FatFs/sdcard.o

.debug_aranges  0x00000000      0xab0
 .debug_aranges
                0x00000000       0x38 ./src/user_application.o
 .debug_aranges
                0x00000038       0x80 ./src/core/SPI.o
 .debug_aranges
                0x000000b8       0x80 ./src/core/SPI1.o
 .debug_aranges
                0x00000138       0x30 ./src/core/cr_cpp_config.o
 .debug_aranges
                0x00000168       0x68 ./src/core/cr_startup_lpc11.o
 .debug_aranges
                0x000001d0       0x68 ./src/core/delay.o
 .debug_aranges
                0x00000238       0x30 ./src/core/gpio.o
 .debug_aranges
                0x00000268       0xf0 ./src/core/maryoled.o
 .debug_aranges
                0x00000358       0x20 ./src/core/startup_mary.o
 .debug_aranges
                0x00000378       0x28 ./src/core/system_LPC11xx.o
 .debug_aranges
                0x000003a0       0x80 ./src/core/uart.o
 .debug_aranges
                0x00000420      0x468 ./src/XBee/XBee.o
 .debug_aranges
                0x00000888       0xe0 ./src/FatFs/SD.o
 .debug_aranges
                0x00000968       0x60 ./src/FatFs/pff.o
 .debug_aranges
                0x000009c8       0x48 ./src/FatFs/sdcard.o
 .debug_aranges
                0x00000a10       0x20 c:/nxp/lpcxpresso_4.0.6_152/lpcxpresso/tools/bin/../lib/gcc/arm-none-eabi/4.5.1/../../../../arm-none-eabi/lib/armv6-m\libcr_newlib_nohost.a(_cr_sbrk.o)
 .debug_aranges
                0x00000a30       0x20 c:/nxp/lpcxpresso_4.0.6_152/lpcxpresso/tools/bin/../lib/gcc/arm-none-eabi/4.5.1/../../../../arm-none-eabi/lib/armv6-m\libcr_newlib_nohost.a(_exit.o)
 .debug_aranges
                0x00000a50       0x20 c:/nxp/lpcxpresso_4.0.6_152/lpcxpresso/tools/bin/../lib/gcc/arm-none-eabi/4.5.1/../../../../arm-none-eabi/lib/armv6-m\libcr_newlib_nohost.a(getpid.o)
 .debug_aranges
                0x00000a70       0x20 c:/nxp/lpcxpresso_4.0.6_152/lpcxpresso/tools/bin/../lib/gcc/arm-none-eabi/4.5.1/../../../../arm-none-eabi/lib/armv6-m\libcr_newlib_nohost.a(kill.o)
 .debug_aranges
                0x00000a90       0x20 c:/nxp/lpcxpresso_4.0.6_152/lpcxpresso/tools/bin/../lib/gcc/arm-none-eabi/4.5.1/../../../../arm-none-eabi/lib/armv6-m\libcr_newlib_nohost.a(_cr_check_heap.o)

.debug_ranges   0x00000000     0x25c0
 .debug_ranges  0x00000000       0x40 ./src/user_application.o
 .debug_ranges  0x00000040      0x140 ./src/core/SPI.o
 .debug_ranges  0x00000180      0x138 ./src/core/SPI1.o
 .debug_ranges  0x000002b8       0x20 ./src/core/cr_cpp_config.o
 .debug_ranges  0x000002d8       0xc8 ./src/core/cr_startup_lpc11.o
 .debug_ranges  0x000003a0      0x118 ./src/core/delay.o
 .debug_ranges  0x000004b8       0x38 ./src/core/gpio.o
 .debug_ranges  0x000004f0      0x808 ./src/core/maryoled.o
 .debug_ranges  0x00000cf8       0x10 ./src/core/startup_mary.o
 .debug_ranges  0x00000d08       0x38 ./src/core/system_LPC11xx.o
 .debug_ranges  0x00000d40       0xd8 ./src/core/uart.o
 .debug_ranges  0x00000e18      0xb48 ./src/XBee/XBee.o
 .debug_ranges  0x00001960      0x138 ./src/FatFs/SD.o
 .debug_ranges  0x00001a98      0x6b8 ./src/FatFs/pff.o
 .debug_ranges  0x00002150      0x470 ./src/FatFs/sdcard.o

.debug_str      0x00000000     0x370d
 .debug_str     0x00000000      0x8cd ./src/user_application.o
                                0x9ec (size before relaxing)
 .debug_str     0x000008cd      0x7ac ./src/core/SPI.o
                                0xace (size before relaxing)
 .debug_str     0x00001079       0x3e ./src/core/SPI1.o
                                0xae5 (size before relaxing)
 .debug_str     0x000010b7       0x70 ./src/core/cr_cpp_config.o
                                0x172 (size before relaxing)
 .debug_str     0x00001127      0x146 ./src/core/cr_startup_lpc11.o
                                0x23e (size before relaxing)
 .debug_str     0x0000126d      0x13e ./src/core/delay.o
                                0x727 (size before relaxing)
 .debug_str     0x000013ab       0x96 ./src/core/gpio.o
                                0x21f (size before relaxing)
 .debug_str     0x00001441      0x5ac ./src/core/maryoled.o
                                0xa8a (size before relaxing)
 .debug_str     0x000019ed       0x1d ./src/core/startup_mary.o
                                0x1a7 (size before relaxing)
 .debug_str     0x00001a0a       0x4e ./src/core/system_LPC11xx.o
                                0x3d1 (size before relaxing)
 .debug_str     0x00001a58       0x95 ./src/core/uart.o
                                0x7a8 (size before relaxing)
 .debug_str     0x00001aed     0x1842 ./src/XBee/XBee.o
                               0x1d7d (size before relaxing)
 .debug_str     0x0000332f       0x36 ./src/FatFs/SD.o
                                0x874 (size before relaxing)
 .debug_str     0x00003365      0x1d8 ./src/FatFs/pff.o
                                0x4ae (size before relaxing)
 .debug_str     0x0000353d       0x9f ./src/FatFs/sdcard.o
                                0xa19 (size before relaxing)
 .debug_str     0x000035dc       0xa5 c:/nxp/lpcxpresso_4.0.6_152/lpcxpresso/tools/bin/../lib/gcc/arm-none-eabi/4.5.1/../../../../arm-none-eabi/lib/armv6-m\libcr_newlib_nohost.a(_cr_sbrk.o)
                                0x135 (size before relaxing)
 .debug_str     0x00003681       0x15 c:/nxp/lpcxpresso_4.0.6_152/lpcxpresso/tools/bin/../lib/gcc/arm-none-eabi/4.5.1/../../../../arm-none-eabi/lib/armv6-m\libcr_newlib_nohost.a(_exit.o)
                                 0x62 (size before relaxing)
 .debug_str     0x00003696       0x1e c:/nxp/lpcxpresso_4.0.6_152/lpcxpresso/tools/bin/../lib/gcc/arm-none-eabi/4.5.1/../../../../arm-none-eabi/lib/armv6-m\libcr_newlib_nohost.a(getpid.o)
                                 0xf4 (size before relaxing)
 .debug_str     0x000036b4       0x14 c:/nxp/lpcxpresso_4.0.6_152/lpcxpresso/tools/bin/../lib/gcc/arm-none-eabi/4.5.1/../../../../arm-none-eabi/lib/armv6-m\libcr_newlib_nohost.a(kill.o)
                                 0xf0 (size before relaxing)
 .debug_str     0x000036c8       0x45 c:/nxp/lpcxpresso_4.0.6_152/lpcxpresso/tools/bin/../lib/gcc/arm-none-eabi/4.5.1/../../../../arm-none-eabi/lib/armv6-m\libcr_newlib_nohost.a(_cr_check_heap.o)
                                 0xc1 (size before relaxing)

.comment        0x00000000      0x101
 .comment       0x00000000       0x2a ./src/user_application.o
                                 0x2b (size before relaxing)
 .comment       0x00000000       0x2b ./src/core/SPI.o
 .comment       0x00000000       0x2b ./src/core/SPI1.o
 .comment       0x00000000       0x2b ./src/core/cr_cpp_config.o
 .comment       0x00000000       0x2b ./src/core/cr_startup_lpc11.o
 .comment       0x00000000       0x2b ./src/core/delay.o
 .comment       0x00000000       0x2b ./src/core/gpio.o
 .comment       0x00000000       0x2b ./src/core/maryoled.o
 .comment       0x00000000       0x2b ./src/core/startup_mary.o
 .comment       0x00000000       0x2b ./src/core/system_LPC11xx.o
 .comment       0x00000000       0x2b ./src/core/uart.o
 .comment       0x00000000       0x2b ./src/XBee/XBee.o
 .comment       0x00000000       0x2b ./src/FatFs/SD.o
 .comment       0x00000000       0x2b ./src/FatFs/pff.o
 .comment       0x00000000       0x2b ./src/FatFs/sdcard.o
 .comment       0x0000002a       0x2b c:/nxp/lpcxpresso_4.0.6_152/lpcxpresso/tools/bin/../lib/gcc/arm-none-eabi/4.5.1/../../../../arm-none-eabi/lib/armv6-m\libcr_newlib_nohost.a(_cr_sbrk.o)
 .comment       0x00000055       0x2b c:/nxp/lpcxpresso_4.0.6_152/lpcxpresso/tools/bin/../lib/gcc/arm-none-eabi/4.5.1/../../../../arm-none-eabi/lib/armv6-m\libcr_newlib_nohost.a(_exit.o)
 .comment       0x00000080       0x2b c:/nxp/lpcxpresso_4.0.6_152/lpcxpresso/tools/bin/../lib/gcc/arm-none-eabi/4.5.1/../../../../arm-none-eabi/lib/armv6-m\libcr_newlib_nohost.a(getpid.o)
 .comment       0x000000ab       0x2b c:/nxp/lpcxpresso_4.0.6_152/lpcxpresso/tools/bin/../lib/gcc/arm-none-eabi/4.5.1/../../../../arm-none-eabi/lib/armv6-m\libcr_newlib_nohost.a(kill.o)
 .comment       0x000000d6       0x2b c:/nxp/lpcxpresso_4.0.6_152/lpcxpresso/tools/bin/../lib/gcc/arm-none-eabi/4.5.1/../../../../arm-none-eabi/lib/armv6-m\libcr_newlib_nohost.a(_cr_check_heap.o)

.ARM.attributes
                0x00000000       0x31
 .ARM.attributes
                0x00000000       0x33 ./src/user_application.o
 .ARM.attributes
                0x00000033       0x33 ./src/core/SPI.o
 .ARM.attributes
                0x00000066       0x33 ./src/core/SPI1.o
 .ARM.attributes
                0x00000099       0x33 ./src/core/cr_cpp_config.o
 .ARM.attributes
                0x000000cc       0x33 ./src/core/cr_startup_lpc11.o
 .ARM.attributes
                0x000000ff       0x33 ./src/core/delay.o
 .ARM.attributes
                0x00000132       0x33 ./src/core/gpio.o
 .ARM.attributes
                0x00000165       0x33 ./src/core/maryoled.o
 .ARM.attributes
                0x00000198       0x33 ./src/core/startup_mary.o
 .ARM.attributes
                0x000001cb       0x33 ./src/core/system_LPC11xx.o
 .ARM.attributes
                0x000001fe       0x33 ./src/core/uart.o
 .ARM.attributes
                0x00000231       0x33 ./src/XBee/XBee.o
 .ARM.attributes
                0x00000264       0x33 ./src/FatFs/SD.o
 .ARM.attributes
                0x00000297       0x33 ./src/FatFs/pff.o
 .ARM.attributes
                0x000002ca       0x33 ./src/FatFs/sdcard.o
 .ARM.attributes
                0x000002fd       0x1f c:/nxp/lpcxpresso_4.0.6_152/lpcxpresso/tools/bin/../lib/gcc/arm-none-eabi/4.5.1/armv6-m\libgcc.a(_udivsi3.o)
 .ARM.attributes
                0x0000031c       0x1f c:/nxp/lpcxpresso_4.0.6_152/lpcxpresso/tools/bin/../lib/gcc/arm-none-eabi/4.5.1/armv6-m\libgcc.a(_divsi3.o)
 .ARM.attributes
                0x0000033b       0x1f c:/nxp/lpcxpresso_4.0.6_152/lpcxpresso/tools/bin/../lib/gcc/arm-none-eabi/4.5.1/armv6-m\libgcc.a(_dvmd_tls.o)
 .ARM.attributes
                0x0000035a       0x2d c:/nxp/lpcxpresso_4.0.6_152/lpcxpresso/tools/bin/../lib/gcc/arm-none-eabi/4.5.1/armv6-m\libgcc.a(unwind-arm.o)
 .ARM.attributes
                0x00000387       0x1f c:/nxp/lpcxpresso_4.0.6_152/lpcxpresso/tools/bin/../lib/gcc/arm-none-eabi/4.5.1/armv6-m\libgcc.a(libunwind.o)
 .ARM.attributes
                0x000003a6       0x2d c:/nxp/lpcxpresso_4.0.6_152/lpcxpresso/tools/bin/../lib/gcc/arm-none-eabi/4.5.1/armv6-m\libgcc.a(pr-support.o)
 .ARM.attributes
                0x000003d3       0x2d c:/nxp/lpcxpresso_4.0.6_152/lpcxpresso/tools/bin/../lib/gcc/arm-none-eabi/4.5.1/../../../../arm-none-eabi/lib/armv6-m\libc.a(lib_a-abort.o)
 .ARM.attributes
                0x00000400       0x2d c:/nxp/lpcxpresso_4.0.6_152/lpcxpresso/tools/bin/../lib/gcc/arm-none-eabi/4.5.1/../../../../arm-none-eabi/lib/armv6-m\libc.a(lib_a-init.o)
 .ARM.attributes
                0x0000042d       0x2d c:/nxp/lpcxpresso_4.0.6_152/lpcxpresso/tools/bin/../lib/gcc/arm-none-eabi/4.5.1/../../../../arm-none-eabi/lib/armv6-m\libc.a(lib_a-malloc.o)
 .ARM.attributes
                0x0000045a       0x2d c:/nxp/lpcxpresso_4.0.6_152/lpcxpresso/tools/bin/../lib/gcc/arm-none-eabi/4.5.1/../../../../arm-none-eabi/lib/armv6-m\libc.a(lib_a-mallocr.o)
 .ARM.attributes
                0x00000487       0x2d c:/nxp/lpcxpresso_4.0.6_152/lpcxpresso/tools/bin/../lib/gcc/arm-none-eabi/4.5.1/../../../../arm-none-eabi/lib/armv6-m\libc.a(lib_a-memcpy.o)
 .ARM.attributes
                0x000004b4       0x2d c:/nxp/lpcxpresso_4.0.6_152/lpcxpresso/tools/bin/../lib/gcc/arm-none-eabi/4.5.1/../../../../arm-none-eabi/lib/armv6-m\libc.a(lib_a-mlock.o)
 .ARM.attributes
                0x000004e1       0x2d c:/nxp/lpcxpresso_4.0.6_152/lpcxpresso/tools/bin/../lib/gcc/arm-none-eabi/4.5.1/../../../../arm-none-eabi/lib/armv6-m\libc.a(lib_a-sbrkr.o)
 .ARM.attributes
                0x0000050e       0x2d c:/nxp/lpcxpresso_4.0.6_152/lpcxpresso/tools/bin/../lib/gcc/arm-none-eabi/4.5.1/../../../../arm-none-eabi/lib/armv6-m\libc.a(lib_a-signal.o)
 .ARM.attributes
                0x0000053b       0x2d c:/nxp/lpcxpresso_4.0.6_152/lpcxpresso/tools/bin/../lib/gcc/arm-none-eabi/4.5.1/../../../../arm-none-eabi/lib/armv6-m\libc.a(lib_a-signalr.o)
 .ARM.attributes
                0x00000568       0x2d c:/nxp/lpcxpresso_4.0.6_152/lpcxpresso/tools/bin/../lib/gcc/arm-none-eabi/4.5.1/../../../../arm-none-eabi/lib/armv6-m\libc.a(lib_a-freer.o)
 .ARM.attributes
                0x00000595       0x2d c:/nxp/lpcxpresso_4.0.6_152/lpcxpresso/tools/bin/../lib/gcc/arm-none-eabi/4.5.1/../../../../arm-none-eabi/lib/armv6-m\libc.a(lib_a-impure.o)
 .ARM.attributes
                0x000005c2       0x2d c:/nxp/lpcxpresso_4.0.6_152/lpcxpresso/tools/bin/../lib/gcc/arm-none-eabi/4.5.1/../../../../arm-none-eabi/lib/armv6-m\libc.a(lib_a-reent.o)
 .ARM.attributes
                0x000005ef       0x33 c:/nxp/lpcxpresso_4.0.6_152/lpcxpresso/tools/bin/../lib/gcc/arm-none-eabi/4.5.1/../../../../arm-none-eabi/lib/armv6-m\libcr_newlib_nohost.a(_cr_sbrk.o)
 .ARM.attributes
                0x00000622       0x33 c:/nxp/lpcxpresso_4.0.6_152/lpcxpresso/tools/bin/../lib/gcc/arm-none-eabi/4.5.1/../../../../arm-none-eabi/lib/armv6-m\libcr_newlib_nohost.a(_exit.o)
 .ARM.attributes
                0x00000655       0x33 c:/nxp/lpcxpresso_4.0.6_152/lpcxpresso/tools/bin/../lib/gcc/arm-none-eabi/4.5.1/../../../../arm-none-eabi/lib/armv6-m\libcr_newlib_nohost.a(getpid.o)
 .ARM.attributes
                0x00000688       0x33 c:/nxp/lpcxpresso_4.0.6_152/lpcxpresso/tools/bin/../lib/gcc/arm-none-eabi/4.5.1/../../../../arm-none-eabi/lib/armv6-m\libcr_newlib_nohost.a(kill.o)
 .ARM.attributes
                0x000006bb       0x33 c:/nxp/lpcxpresso_4.0.6_152/lpcxpresso/tools/bin/../lib/gcc/arm-none-eabi/4.5.1/../../../../arm-none-eabi/lib/armv6-m\libcr_newlib_nohost.a(_cr_check_heap.o)
 .ARM.attributes
                0x000006ee       0x1d c:/nxp/lpcxpresso_4.0.6_152/lpcxpresso/tools/bin/../lib/gcc/arm-none-eabi/4.5.1/armv6-m\crti.o
 .ARM.attributes
                0x0000070b       0x1d c:/nxp/lpcxpresso_4.0.6_152/lpcxpresso/tools/bin/../lib/gcc/arm-none-eabi/4.5.1/armv6-m\crtn.o
 .ARM.attributes
                0x00000728       0x2d c:/nxp/lpcxpresso_4.0.6_152/lpcxpresso/tools/bin/../lib/gcc/arm-none-eabi/4.5.1/armv6-m\crtbegin.o
 .ARM.attributes
                0x00000755       0x2d c:/nxp/lpcxpresso_4.0.6_152/lpcxpresso/tools/bin/../lib/gcc/arm-none-eabi/4.5.1/armv6-m\crtend.o
 .ARM.attributes
                0x00000782       0x2d c:/nxp/lpcxpresso_4.0.6_152/lpcxpresso/tools/bin/../lib/gcc/arm-none-eabi/4.5.1/../../../../arm-none-eabi/lib/armv6-m\libc.a(lib_a-errno.o)

.debug_frame    0x00000000     0x206c
 .debug_frame   0x00000000       0xa8 ./src/user_application.o
 .debug_frame   0x000000a8      0x130 ./src/core/SPI.o
 .debug_frame   0x000001d8      0x128 ./src/core/SPI1.o
 .debug_frame   0x00000300       0x50 ./src/core/cr_cpp_config.o
 .debug_frame   0x00000350      0x108 ./src/core/cr_startup_lpc11.o
 .debug_frame   0x00000458       0xdc ./src/core/delay.o
 .debug_frame   0x00000534       0x58 ./src/core/gpio.o
 .debug_frame   0x0000058c      0x310 ./src/core/maryoled.o
 .debug_frame   0x0000089c       0x28 ./src/core/startup_mary.o
 .debug_frame   0x000008c4       0x44 ./src/core/system_LPC11xx.o
 .debug_frame   0x00000908      0x138 ./src/core/uart.o
 .debug_frame   0x00000a40      0x9f8 ./src/XBee/XBee.o
 .debug_frame   0x00001438      0x1d4 ./src/FatFs/SD.o
 .debug_frame   0x0000160c      0x178 ./src/FatFs/pff.o
 .debug_frame   0x00001784       0xdc ./src/FatFs/sdcard.o
 .debug_frame   0x00001860       0x20 c:/nxp/lpcxpresso_4.0.6_152/lpcxpresso/tools/bin/../lib/gcc/arm-none-eabi/4.5.1/armv6-m\libgcc.a(_udivsi3.o)
 .debug_frame   0x00001880       0x20 c:/nxp/lpcxpresso_4.0.6_152/lpcxpresso/tools/bin/../lib/gcc/arm-none-eabi/4.5.1/armv6-m\libgcc.a(_divsi3.o)
 .debug_frame   0x000018a0      0x2ac c:/nxp/lpcxpresso_4.0.6_152/lpcxpresso/tools/bin/../lib/gcc/arm-none-eabi/4.5.1/armv6-m\libgcc.a(unwind-arm.o)
 .debug_frame   0x00001b4c       0xfc c:/nxp/lpcxpresso_4.0.6_152/lpcxpresso/tools/bin/../lib/gcc/arm-none-eabi/4.5.1/armv6-m\libgcc.a(pr-support.o)
 .debug_frame   0x00001c48       0x28 c:/nxp/lpcxpresso_4.0.6_152/lpcxpresso/tools/bin/../lib/gcc/arm-none-eabi/4.5.1/../../../../arm-none-eabi/lib/armv6-m\libc.a(lib_a-abort.o)
 .debug_frame   0x00001c70       0x2c c:/nxp/lpcxpresso_4.0.6_152/lpcxpresso/tools/bin/../lib/gcc/arm-none-eabi/4.5.1/../../../../arm-none-eabi/lib/armv6-m\libc.a(lib_a-init.o)
 .debug_frame   0x00001c9c       0x40 c:/nxp/lpcxpresso_4.0.6_152/lpcxpresso/tools/bin/../lib/gcc/arm-none-eabi/4.5.1/../../../../arm-none-eabi/lib/armv6-m\libc.a(lib_a-malloc.o)
 .debug_frame   0x00001cdc       0x3c c:/nxp/lpcxpresso_4.0.6_152/lpcxpresso/tools/bin/../lib/gcc/arm-none-eabi/4.5.1/../../../../arm-none-eabi/lib/armv6-m\libc.a(lib_a-mallocr.o)
 .debug_frame   0x00001d18       0x34 c:/nxp/lpcxpresso_4.0.6_152/lpcxpresso/tools/bin/../lib/gcc/arm-none-eabi/4.5.1/../../../../arm-none-eabi/lib/armv6-m\libc.a(lib_a-memcpy.o)
 .debug_frame   0x00001d4c       0x30 c:/nxp/lpcxpresso_4.0.6_152/lpcxpresso/tools/bin/../lib/gcc/arm-none-eabi/4.5.1/../../../../arm-none-eabi/lib/armv6-m\libc.a(lib_a-mlock.o)
 .debug_frame   0x00001d7c       0x2c c:/nxp/lpcxpresso_4.0.6_152/lpcxpresso/tools/bin/../lib/gcc/arm-none-eabi/4.5.1/../../../../arm-none-eabi/lib/armv6-m\libc.a(lib_a-sbrkr.o)
 .debug_frame   0x00001da8       0xe4 c:/nxp/lpcxpresso_4.0.6_152/lpcxpresso/tools/bin/../lib/gcc/arm-none-eabi/4.5.1/../../../../arm-none-eabi/lib/armv6-m\libc.a(lib_a-signal.o)
 .debug_frame   0x00001e8c       0x44 c:/nxp/lpcxpresso_4.0.6_152/lpcxpresso/tools/bin/../lib/gcc/arm-none-eabi/4.5.1/../../../../arm-none-eabi/lib/armv6-m\libc.a(lib_a-signalr.o)
 .debug_frame   0x00001ed0       0x58 c:/nxp/lpcxpresso_4.0.6_152/lpcxpresso/tools/bin/../lib/gcc/arm-none-eabi/4.5.1/../../../../arm-none-eabi/lib/armv6-m\libc.a(lib_a-freer.o)
 .debug_frame   0x00001f28       0x68 c:/nxp/lpcxpresso_4.0.6_152/lpcxpresso/tools/bin/../lib/gcc/arm-none-eabi/4.5.1/../../../../arm-none-eabi/lib/armv6-m\libc.a(lib_a-reent.o)
 .debug_frame   0x00001f90       0x2c c:/nxp/lpcxpresso_4.0.6_152/lpcxpresso/tools/bin/../lib/gcc/arm-none-eabi/4.5.1/../../../../arm-none-eabi/lib/armv6-m\libcr_newlib_nohost.a(_cr_sbrk.o)
 .debug_frame   0x00001fbc       0x28 c:/nxp/lpcxpresso_4.0.6_152/lpcxpresso/tools/bin/../lib/gcc/arm-none-eabi/4.5.1/../../../../arm-none-eabi/lib/armv6-m\libcr_newlib_nohost.a(_exit.o)
 .debug_frame   0x00001fe4       0x20 c:/nxp/lpcxpresso_4.0.6_152/lpcxpresso/tools/bin/../lib/gcc/arm-none-eabi/4.5.1/../../../../arm-none-eabi/lib/armv6-m\libcr_newlib_nohost.a(getpid.o)
 .debug_frame   0x00002004       0x20 c:/nxp/lpcxpresso_4.0.6_152/lpcxpresso/tools/bin/../lib/gcc/arm-none-eabi/4.5.1/../../../../arm-none-eabi/lib/armv6-m\libcr_newlib_nohost.a(kill.o)
 .debug_frame   0x00002024       0x28 c:/nxp/lpcxpresso_4.0.6_152/lpcxpresso/tools/bin/../lib/gcc/arm-none-eabi/4.5.1/../../../../arm-none-eabi/lib/armv6-m\libcr_newlib_nohost.a(_cr_check_heap.o)
 .debug_frame   0x0000204c       0x20 c:/nxp/lpcxpresso_4.0.6_152/lpcxpresso/tools/bin/../lib/gcc/arm-none-eabi/4.5.1/../../../../arm-none-eabi/lib/armv6-m\libc.a(lib_a-errno.o)
