Archive member included because of file (symbol)

/Applications/lpcxpresso_5.1.0_2048/lpcxpresso/tools/bin/../lib/gcc/arm-none-eabi/4.6.2/armv6-m/libgcc.a(_thumb1_case_uqi.o)
                              ./src/core/device_dependent/lpc1114/gpio_int.o (__gnu_thumb1_case_uqi)
/Applications/lpcxpresso_5.1.0_2048/lpcxpresso/tools/bin/../lib/gcc/arm-none-eabi/4.6.2/armv6-m/libgcc.a(_udivsi3.o)
                              ./src/core/device_dependent/lpc800/lpc8xx_uart.o (__aeabi_uidiv)
/Applications/lpcxpresso_5.1.0_2048/lpcxpresso/tools/bin/../lib/gcc/arm-none-eabi/4.6.2/armv6-m/libgcc.a(_divsi3.o)
                              ./src/core/Print.o (__aeabi_idiv)
/Applications/lpcxpresso_5.1.0_2048/lpcxpresso/tools/bin/../lib/gcc/arm-none-eabi/4.6.2/armv6-m/libgcc.a(_dvmd_tls.o)
                              /Applications/lpcxpresso_5.1.0_2048/lpcxpresso/tools/bin/../lib/gcc/arm-none-eabi/4.6.2/armv6-m/libgcc.a(_udivsi3.o) (__aeabi_idiv0)
/Applications/lpcxpresso_5.1.0_2048/lpcxpresso/tools/bin/../lib/gcc/arm-none-eabi/4.6.2/../../../../arm-none-eabi/lib/armv6-m/libc.a(lib_a-init.o)
                              ./src/core/device_dependent/lpc1114/cr_startup_lpc11.o (__libc_init_array)
/Applications/lpcxpresso_5.1.0_2048/lpcxpresso/tools/bin/../lib/gcc/arm-none-eabi/4.6.2/../../../../arm-none-eabi/lib/armv6-m/libc.a(lib_a-malloc.o)
                              ./src/core/device_dependent/lpc1114/cr_cpp_config.o (malloc)
/Applications/lpcxpresso_5.1.0_2048/lpcxpresso/tools/bin/../lib/gcc/arm-none-eabi/4.6.2/../../../../arm-none-eabi/lib/armv6-m/libc.a(lib_a-mallocr.o)
                              /Applications/lpcxpresso_5.1.0_2048/lpcxpresso/tools/bin/../lib/gcc/arm-none-eabi/4.6.2/../../../../arm-none-eabi/lib/armv6-m/libc.a(lib_a-malloc.o) (_malloc_r)
/Applications/lpcxpresso_5.1.0_2048/lpcxpresso/tools/bin/../lib/gcc/arm-none-eabi/4.6.2/../../../../arm-none-eabi/lib/armv6-m/libc.a(lib_a-memcpy.o)
                              ./src/Samples/maryoled.o (memcpy)
/Applications/lpcxpresso_5.1.0_2048/lpcxpresso/tools/bin/../lib/gcc/arm-none-eabi/4.6.2/../../../../arm-none-eabi/lib/armv6-m/libc.a(lib_a-mlock.o)
                              /Applications/lpcxpresso_5.1.0_2048/lpcxpresso/tools/bin/../lib/gcc/arm-none-eabi/4.6.2/../../../../arm-none-eabi/lib/armv6-m/libc.a(lib_a-mallocr.o) (__malloc_lock)
/Applications/lpcxpresso_5.1.0_2048/lpcxpresso/tools/bin/../lib/gcc/arm-none-eabi/4.6.2/../../../../arm-none-eabi/lib/armv6-m/libc.a(lib_a-sbrkr.o)
                              /Applications/lpcxpresso_5.1.0_2048/lpcxpresso/tools/bin/../lib/gcc/arm-none-eabi/4.6.2/../../../../arm-none-eabi/lib/armv6-m/libc.a(lib_a-mallocr.o) (_sbrk_r)
/Applications/lpcxpresso_5.1.0_2048/lpcxpresso/tools/bin/../lib/gcc/arm-none-eabi/4.6.2/../../../../arm-none-eabi/lib/armv6-m/libc.a(lib_a-sprintf.o)
                              ./src/user_application.o (sprintf)
/Applications/lpcxpresso_5.1.0_2048/lpcxpresso/tools/bin/../lib/gcc/arm-none-eabi/4.6.2/../../../../arm-none-eabi/lib/armv6-m/libc.a(lib_a-strcat.o)
                              ./src/user_application.o (strcat)
/Applications/lpcxpresso_5.1.0_2048/lpcxpresso/tools/bin/../lib/gcc/arm-none-eabi/4.6.2/../../../../arm-none-eabi/lib/armv6-m/libc.a(lib_a-strcmp.o)
                              ./src/user_application.o (strcmp)
/Applications/lpcxpresso_5.1.0_2048/lpcxpresso/tools/bin/../lib/gcc/arm-none-eabi/4.6.2/../../../../arm-none-eabi/lib/armv6-m/libc.a(lib_a-strcpy.o)
                              ./src/user_application.o (strcpy)
/Applications/lpcxpresso_5.1.0_2048/lpcxpresso/tools/bin/../lib/gcc/arm-none-eabi/4.6.2/../../../../arm-none-eabi/lib/armv6-m/libc.a(lib_a-strlen.o)
                              ./src/core/Wire.o (strlen)
/Applications/lpcxpresso_5.1.0_2048/lpcxpresso/tools/bin/../lib/gcc/arm-none-eabi/4.6.2/../../../../arm-none-eabi/lib/armv6-m/libc.a(lib_a-strncmp.o)
                              ./src/user_application.o (strncmp)
/Applications/lpcxpresso_5.1.0_2048/lpcxpresso/tools/bin/../lib/gcc/arm-none-eabi/4.6.2/../../../../arm-none-eabi/lib/armv6-m/libc.a(lib_a-svfprintf.o)
                              /Applications/lpcxpresso_5.1.0_2048/lpcxpresso/tools/bin/../lib/gcc/arm-none-eabi/4.6.2/../../../../arm-none-eabi/lib/armv6-m/libc.a(lib_a-sprintf.o) (_svfprintf_r)
/Applications/lpcxpresso_5.1.0_2048/lpcxpresso/tools/bin/../lib/gcc/arm-none-eabi/4.6.2/../../../../arm-none-eabi/lib/armv6-m/libc.a(lib_a-dtoa.o)
                              /Applications/lpcxpresso_5.1.0_2048/lpcxpresso/tools/bin/../lib/gcc/arm-none-eabi/4.6.2/../../../../arm-none-eabi/lib/armv6-m/libc.a(lib_a-svfprintf.o) (_dtoa_r)
/Applications/lpcxpresso_5.1.0_2048/lpcxpresso/tools/bin/../lib/gcc/arm-none-eabi/4.6.2/../../../../arm-none-eabi/lib/armv6-m/libc.a(lib_a-freer.o)
                              /Applications/lpcxpresso_5.1.0_2048/lpcxpresso/tools/bin/../lib/gcc/arm-none-eabi/4.6.2/../../../../arm-none-eabi/lib/armv6-m/libc.a(lib_a-malloc.o) (_free_r)
[...]
Memory Configuration

Name             Origin             Length             Attributes
MFlash32         0x0000000000001000 0x0000000000007000 xr
RamLoc8          0x0000000010000000 0x0000000000000fe0 xrw
*default*        0x0000000000000000 0xffffffffffffffff

Linker script and memory map

LOAD ./src/core/device_dependent/lpc800/cr_cpp_config.o
LOAD ./src/core/device_dependent/lpc800/cr_startup_lpc8xx.o
LOAD ./src/core/device_dependent/lpc800/delay.o
LOAD ./src/core/device_dependent/lpc800/gpio.o
LOAD ./src/core/device_dependent/lpc800/gpio_int.o
LOAD ./src/core/device_dependent/lpc800/lpc8xx_gpio.o
LOAD ./src/core/device_dependent/lpc800/lpc8xx_spi.o
LOAD ./src/core/device_dependent/lpc800/lpc8xx_uart.o
LOAD ./src/core/device_dependent/lpc800/spi_middle.o
LOAD ./src/core/device_dependent/lpc800/swm.o
LOAD ./src/core/device_dependent/lpc800/system_LPC8xx.o
LOAD ./src/core/device_dependent/lpc800/uart_middle.o
LOAD ./src/core/device_dependent/lpc1115/cr_cpp_config.o
LOAD ./src/core/device_dependent/lpc1115/cr_startup_lpc11.o
LOAD ./src/core/device_dependent/lpc1115/delay.o
LOAD ./src/core/device_dependent/lpc1115/gpio.o
LOAD ./src/core/device_dependent/lpc1115/gpio_int.o
LOAD ./src/core/device_dependent/lpc1115/spi_middle.o
LOAD ./src/core/device_dependent/lpc1115/system_LPC11xx.o
LOAD ./src/core/device_dependent/lpc1115/uart_middle.o
LOAD ./src/core/device_dependent/lpc1114/cr_cpp_config.o
LOAD ./src/core/device_dependent/lpc1114/cr_startup_lpc11.o
LOAD ./src/core/device_dependent/lpc1114/delay.o
LOAD ./src/core/device_dependent/lpc1114/gpio.o
LOAD ./src/core/device_dependent/lpc1114/gpio_int.o
LOAD ./src/core/device_dependent/lpc1114/spi_middle.o
LOAD ./src/core/device_dependent/lpc1114/system_LPC11xx.o
LOAD ./src/core/device_dependent/lpc1114/uart_middle.o
LOAD ./src/core/LiquidCrystal.o
LOAD ./src/core/Print.o
LOAD ./src/core/SPI.o
LOAD ./src/core/SPI1.o
LOAD ./src/core/SoftwareSerial.o
LOAD ./src/core/Wire.o
LOAD ./src/core/analogio.o
LOAD ./src/core/arithmetical.o
LOAD ./src/core/startup_mary.o
LOAD ./src/core/uart.o
LOAD ./src/XBee/XBee.o
LOAD ./src/Samples/maryoled.o
LOAD ./src/FatFs/SD.o
LOAD ./src/FatFs/pff.o
LOAD ./src/FatFs/sdcard.o
LOAD ./src/user_application.o
START GROUP
LOAD /Applications/lpcxpresso_5.1.0_2048/lpcxpresso/tools/bin/../lib/gcc/arm-none-eabi/4.6.2/armv6-m/libgcc.a
LOAD /Applications/lpcxpresso_5.1.0_2048/lpcxpresso/tools/bin/../lib/gcc/arm-none-eabi/4.6.2/../../../../arm-none-eabi/lib/armv6-m/libc.a
LOAD /Applications/lpcxpresso_5.1.0_2048/lpcxpresso/tools/bin/../lib/gcc/arm-none-eabi/4.6.2/../../../../arm-none-eabi/lib/armv6-m/libm.a
LOAD /Applications/lpcxpresso_5.1.0_2048/lpcxpresso/tools/bin/../lib/gcc/arm-none-eabi/4.6.2/../../../../arm-none-eabi/lib/armv6-m/libcr_newlib_nohost.a
LOAD /Applications/lpcxpresso_5.1.0_2048/lpcxpresso/tools/bin/../lib/gcc/arm-none-eabi/4.6.2/armv6-m/crti.o
LOAD /Applications/lpcxpresso_5.1.0_2048/lpcxpresso/tools/bin/../lib/gcc/arm-none-eabi/4.6.2/armv6-m/crtn.o
LOAD /Applications/lpcxpresso_5.1.0_2048/lpcxpresso/tools/bin/../lib/gcc/arm-none-eabi/4.6.2/armv6-m/crtbegin.o
LOAD /Applications/lpcxpresso_5.1.0_2048/lpcxpresso/tools/bin/../lib/gcc/arm-none-eabi/4.6.2/armv6-m/crtend.o
END GROUP
                0x0000000000008000                __top_MFlash32 = 0x8000
                0x0000000010000fe0                __top_RamLoc8 = 0x10000fe0

.text           0x0000000000001000     0x9050
 FILL mask 0xff
 *(.isr_vector)
 .isr_vector    0x0000000000001000       0xc0 ./src/core/device_dependent/lpc1114/cr_startup_lpc11.o
                0x0000000000001000                g_pfnVectors
                0x00000000000010c0                . = ALIGN (0x4)
                0x00000000000010c0                __section_table_start = .
                0x00000000000010c0                __data_section_table = .
                0x00000000000010c0        0x4 LONG 0xa058 LOADADDR (.data)
                0x00000000000010c4        0x4 LONG 0x10000000 ADDR (.data)
                0x00000000000010c8        0x4 LONG 0xba0 SIZEOF (.data)
                0x00000000000010cc                __data_section_table_end = .
                0x00000000000010cc                __bss_section_table = .
                0x00000000000010cc        0x4 LONG 0x10000ba0 ADDR (.bss)
                0x00000000000010d0        0x4 LONG 0x24c SIZEOF (.bss)
                0x00000000000010d4                __bss_section_table_end = .
                0x00000000000010d4                __section_table_end = .
 *(.after_vectors*)
 .after_vectors
                0x00000000000010d4       0x84 ./src/core/device_dependent/lpc1114/cr_startup_lpc11.o
                0x00000000000010d4                NMI_Handler
                0x00000000000010d8                HardFault_Handler
                0x00000000000010dc                SVCall_Handler
                0x00000000000010e0                PendSV_Handler
                0x00000000000010e8                _Z9data_initjjj
                0x00000000000010fa                _Z8bss_initjj
                0x000000000000110c                ResetISR
                0x0000000000001154                UART_IRQHandler
                0x0000000000001154                SSP0_IRQHandler
                0x0000000000001154                ADC_IRQHandler
                0x0000000000001154                SSP1_IRQHandler
                0x0000000000001154                IntDefaultHandler
                0x0000000000001154                BOD_IRQHandler
                0x0000000000001154                WAKEUP_IRQHandler
                0x0000000000001154                I2C_IRQHandler
                0x0000000000001154                TIMER32_0_IRQHandler
                0x0000000000001154                WDT_IRQHandler
                0x0000000000001154                CAN_IRQHandler
 *(.text*)
 .text.__aeabi_atexit
                0x0000000000001158        0x4 ./src/core/device_dependent/lpc1114/cr_cpp_config.o
                0x0000000000001158                __aeabi_atexit
 .text.NVIC_SetPriority
                0x000000000000115c       0x64 ./src/core/device_dependent/lpc1114/delay.o
 .text.delay    0x00000000000011c0       0x18 ./src/core/device_dependent/lpc1114/delay.o
                0x00000000000011c0                delay
 .text.millis   0x00000000000011d8        0xc ./src/core/device_dependent/lpc1114/delay.o
                0x00000000000011d8                millis
 .text.setup_TIMER32_1
                0x00000000000011e4       0x2c ./src/core/device_dependent/lpc1114/delay.o
                0x00000000000011e4                setup_TIMER32_1
 .text.TIMER32_1_IRQHandler
                0x0000000000001210       0x24 ./src/core/device_dependent/lpc1114/delay.o
                0x0000000000001210                TIMER32_1_IRQHandler
 .text.SysTick_Handler
                0x0000000000001234       0x10 ./src/core/device_dependent/lpc1114/delay.o
                0x0000000000001234                SysTick_Handler
 .text.setup_systick
                0x0000000000001244       0x40 ./src/core/device_dependent/lpc1114/delay.o
                0x0000000000001244                setup_systick
 .text.pinMode  0x0000000000001284      0x140 ./src/core/device_dependent/lpc1114/gpio.o
                0x0000000000001284                pinMode
 .text.digitalWrite
                0x00000000000013c4       0xac ./src/core/device_dependent/lpc1114/gpio.o
                0x00000000000013c4                digitalWrite
 .text.digitalRead
                0x0000000000001470       0x48 ./src/core/device_dependent/lpc1114/gpio.o
                0x0000000000001470                digitalRead
 .text.GPIOIntStatus
                0x00000000000014b8       0x50 ./src/core/device_dependent/lpc1114/gpio.o
                0x00000000000014b8                GPIOIntStatus
 .text.GPIOIntClear
                0x0000000000001508       0x4c ./src/core/device_dependent/lpc1114/gpio.o
                0x0000000000001508                GPIOIntClear
 .text.GPIO_IRQHandler
                0x0000000000001554       0x30 ./src/core/device_dependent/lpc1114/gpio_int.o
                0x0000000000001554                GPIO_IRQHandler
 .text.PIOINT0_IRQHandler
                0x0000000000001584        0x8 ./src/core/device_dependent/lpc1114/gpio_int.o
                0x0000000000001584                PIOINT0_IRQHandler
 .text.PIOINT1_IRQHandler
                0x000000000000158c        0x8 ./src/core/device_dependent/lpc1114/gpio_int.o
                0x000000000000158c                PIOINT1_IRQHandler
 .text.PIOINT2_IRQHandler
                0x0000000000001594        0x8 ./src/core/device_dependent/lpc1114/gpio_int.o
                0x0000000000001594                PIOINT2_IRQHandler
 .text.PIOINT3_IRQHandler
                0x000000000000159c        0x8 ./src/core/device_dependent/lpc1114/gpio_int.o
                0x000000000000159c                PIOINT3_IRQHandler
 .text.ssp_begin
                0x00000000000015a4      0x10c ./src/core/device_dependent/lpc1114/spi_middle.o
                0x00000000000015a4                ssp_begin
 .text.SystemCoreClockUpdate
                0x00000000000016b0       0x9c ./src/core/device_dependent/lpc1114/system_LPC11xx.o
                0x00000000000016b0                SystemCoreClockUpdate
 .text.SystemInit
                0x000000000000174c       0x90 ./src/core/device_dependent/lpc1114/system_LPC11xx.o
                0x000000000000174c                SystemInit
 .text.uart_begin
                0x00000000000017dc       0x7c ./src/core/device_dependent/lpc1114/uart_middle.o
                0x00000000000017dc                uart_begin
 .text.uart_write_char
                0x0000000000001858       0x18 ./src/core/device_dependent/lpc1114/uart_middle.o
                0x0000000000001858                uart_write_char
 .text.uart_available
                0x0000000000001870       0x10 ./src/core/device_dependent/lpc1114/uart_middle.o
                0x0000000000001870                uart_available
 .text.uart_read
                0x0000000000001880        0xc ./src/core/device_dependent/lpc1114/uart_middle.o
                0x0000000000001880                uart_read
 .text._ZN5Print7printlnEv
                0x000000000000188c       0x18 ./src/core/Print.o
                0x000000000000188c                _ZN5Print7printlnEv
 .text._ZN5Print5printEPKc
                0x00000000000018a4       0x1a ./src/core/Print.o
                0x00000000000018a4                _ZN5Print5printEPKc
 .text._ZN5Print5writeEPKci
                0x00000000000018be       0x1e ./src/core/Print.o
                0x00000000000018be                _ZN5Print5writeEPKci
 .text._ZN5Print7printlnEPKc
                0x00000000000018dc       0x12 ./src/core/Print.o
                0x00000000000018dc                _ZN5Print7printlnEPKc
 .text._ZN5Print5printEc
                0x00000000000018ee        0xa ./src/core/Print.o
                0x00000000000018ee                _ZN5Print5printEc
 .text._ZN5Print7printlnEc
                0x00000000000018f8       0x14 ./src/core/Print.o
                0x00000000000018f8                _ZN5Print7printlnEc
 .text._ZN3SSPD2Ev
                0x000000000000190c        0x2 ./src/core/SPI.o
                0x000000000000190c                _ZN3SSPD2Ev
                0x000000000000190c                _ZN3SSPD1Ev
 .text._ZN3SSP5beginEv
                0x000000000000190e       0x12 ./src/core/SPI.o
                0x000000000000190e                _ZN3SSP5beginEv
 .text._ZN3SSPC2Ev
                0x0000000000001920       0x1a ./src/core/SPI.o
                0x0000000000001920                _ZN3SSPC2Ev
                0x0000000000001920                _ZN3SSPC1Ev
 *fill*         0x000000000000193a        0x2 00
 .text.startup._GLOBAL__sub_I_SPI
                0x000000000000193c       0x24 ./src/core/SPI.o
 .text._ZN4SSP1D2Ev
                0x0000000000001960        0x2 ./src/core/SPI1.o
                0x0000000000001960                _ZN4SSP1D2Ev
                0x0000000000001960                _ZN4SSP1D1Ev
 *fill*         0x0000000000001962        0x2 00
 .text.ssp1_begin
                0x0000000000001964       0xf0 ./src/core/SPI1.o
                0x0000000000001964                ssp1_begin
 .text._ZN4SSP15beginEv
                0x0000000000001a54       0x12 ./src/core/SPI1.o
                0x0000000000001a54                _ZN4SSP15beginEv
 .text._ZN4SSP1C2Ev
                0x0000000000001a66       0x1c ./src/core/SPI1.o
                0x0000000000001a66                _ZN4SSP1C2Ev
                0x0000000000001a66                _ZN4SSP1C1Ev
 *fill*         0x0000000000001a82        0x2 00
 .text.startup._GLOBAL__sub_I_SPI1
                0x0000000000001a84       0x24 ./src/core/SPI1.o
 .text.TIMER16_0_IRQHandler
                0x0000000000001aa8       0xe0 ./src/core/analogio.o
                0x0000000000001aa8                TIMER16_0_IRQHandler
 .text.TIMER16_1_IRQHandler
                0x0000000000001b88        0x8 ./src/core/analogio.o
                0x0000000000001b88                TIMER16_1_IRQHandler
 .text._Z4atoiPc
                0x0000000000001b90       0x42 ./src/core/arithmetical.o
                0x0000000000001b90                _Z4atoiPc
 *fill*         0x0000000000001bd2        0x2 00
 .text._Z6randomv
                0x0000000000001bd4       0x50 ./src/core/arithmetical.o
                0x0000000000001bd4                _Z6randomv
 .text._Z6randoml
                0x0000000000001c24       0x16 ./src/core/arithmetical.o
                0x0000000000001c24                _Z6randoml
 .text._Z6randomll
                0x0000000000001c3a       0x18 ./src/core/arithmetical.o
                0x0000000000001c3a                _Z6randomll
 .text.startup.main
                0x0000000000001c52       0x18 ./src/core/startup_mary.o
                0x0000000000001c52                main
 *fill*         0x0000000000001c6a        0x2 00
 .text._ZN7USerialD2Ev
                0x0000000000001c6c        0xc ./src/core/uart.o
                0x0000000000001c6c                _ZN7USerialD1Ev
                0x0000000000001c6c                _ZN7USerialD2Ev
 .text._ZN7USerial5writeEc
                0x0000000000001c78        0xa ./src/core/uart.o
                0x0000000000001c78                _ZN7USerial5writeEc
 .text._ZN7USerial5beginEi
                0x0000000000001c82        0xc ./src/core/uart.o
                0x0000000000001c82                _ZN7USerial5beginEi
 .text._ZN7USerial9availableEv
                0x0000000000001c8e        0x8 ./src/core/uart.o
                0x0000000000001c8e                _ZN7USerial9availableEv
 .text._ZN7USerial4readEv
                0x0000000000001c96        0x8 ./src/core/uart.o
                0x0000000000001c96                _ZN7USerial4readEv
 *fill*         0x0000000000001c9e        0x2 00
 .text.startup._GLOBAL__sub_I_Serial
                0x0000000000001ca0       0x2c ./src/core/uart.o
 .text.startup._GLOBAL__sub_I__ZN12XBeeResponseC2Ev
                0x0000000000001ccc       0x14 ./src/XBee/XBee.o
 .text._ZN8MARYOLEDD2Ev
                0x0000000000001ce0        0x2 ./src/Samples/maryoled.o
                0x0000000000001ce0                _ZN8MARYOLEDD1Ev
                0x0000000000001ce0                _ZN8MARYOLEDD2Ev
 *fill*         0x0000000000001ce2        0x2 00
 .text._ZN8MARYOLEDC2Ev
                0x0000000000001ce4       0x24 ./src/Samples/maryoled.o
                0x0000000000001ce4                _ZN8MARYOLEDC1Ev
                0x0000000000001ce4                _ZN8MARYOLEDC2Ev
 .text.startup._GLOBAL__sub_I_oled
                0x0000000000001d08       0x24 ./src/Samples/maryoled.o
 .text._ZN7PETITFSD2Ev
                0x0000000000001d2c        0x2 ./src/FatFs/SD.o
                0x0000000000001d2c                _ZN7PETITFSD2Ev
                0x0000000000001d2c                _ZN7PETITFSD1Ev
 *fill*         0x0000000000001d2e        0x2 00
 .text.startup._GLOBAL__sub_I_SDFile
                0x0000000000001d30       0x24 ./src/FatFs/SD.o
 .text._Z4abs_i
                0x0000000000001d54        0x8 ./src/user_application.o
                0x0000000000001d54                _Z4abs_i
 .text._Z11analogRead_i
                0x0000000000001d5c        0x4 ./src/user_application.o
                0x0000000000001d5c                _Z11analogRead_i
 .text._Z12analogWrite_ii
                0x0000000000001d60        0x4 ./src/user_application.o
                0x0000000000001d60                _Z12analogWrite_ii
 .text._Z4min_ii
                0x0000000000001d64        0x2 ./src/user_application.o
                0x0000000000001d64                _Z4min_ii
 .text._Z4max_ii
                0x0000000000001d66        0x2 ./src/user_application.o
                0x0000000000001d66                _Z4max_ii
 .text._Z7noTone_i
                0x0000000000001d68        0x4 ./src/user_application.o
                0x0000000000001d68                _Z7noTone_i
 .text._Z5tone2ii
                0x0000000000001d6c        0x4 ./src/user_application.o
                0x0000000000001d6c                _Z5tone2ii
 .text._Z5tone3iii
                0x0000000000001d70        0x4 ./src/user_application.o
                0x0000000000001d70                _Z5tone3iii
 .text._Z6delay_i
                0x0000000000001d74        0xa ./src/user_application.o
                0x0000000000001d74                _Z6delay_i
 *fill*         0x0000000000001d7e        0x2 00
 .text._Z5printi
                0x0000000000001d80       0x14 ./src/user_application.o
                0x0000000000001d80                _Z5printi
 .text._Z8pinMode_ii
                0x0000000000001d94        0xc ./src/user_application.o
                0x0000000000001d94                _Z8pinMode_ii
 .text._Z7millis_i
                0x0000000000001da0        0x8 ./src/user_application.o
                0x0000000000001da0                _Z7millis_i
 .text._Z13digitalWrite_ii
                0x0000000000001da8        0xc ./src/user_application.o
                0x0000000000001da8                _Z13digitalWrite_ii
 .text._Z12digitalRead_i
                0x0000000000001db4        0x8 ./src/user_application.o
                0x0000000000001db4                _Z12digitalRead_i
 .text._Z4randi
                0x0000000000001dbc       0x10 ./src/user_application.o
                0x0000000000001dbc                _Z4randi
 .text._Z5setupv
                0x0000000000001dcc       0x48 ./src/user_application.o
                0x0000000000001dcc                _Z5setupv
 .text._Z5kbhitv
                0x0000000000001e14       0x10 ./src/user_application.o
                0x0000000000001e14                _Z5kbhitv
 .text._Z5getchv
                0x0000000000001e24       0x10 ./src/user_application.o
                0x0000000000001e24                _Z5getchv
 .text._Z5getsSPcj
                0x0000000000001e34       0xa8 ./src/user_application.o
                0x0000000000001e34                _Z5getsSPcj
 .text._Z6printSPKc
                0x0000000000001edc       0x10 ./src/user_application.o
                0x0000000000001edc                _Z6printSPKc
 .text._Z8printSlnPKc
                0x0000000000001eec       0x10 ./src/user_application.o
                0x0000000000001eec                _Z8printSlnPKc
 .text._Z5putcSc
                0x0000000000001efc       0x10 ./src/user_application.o
                0x0000000000001efc                _Z5putcSc
 .text._Z6writeSPKci
                0x0000000000001f0c       0x14 ./src/user_application.o
                0x0000000000001f0c                _Z6writeSPKci
 .text._Z10printErrori
                0x0000000000001f20       0x30 ./src/user_application.o
                0x0000000000001f20                _Z10printErrori
 .text._Z5eval2PciPi
                0x0000000000001f50      0x96c ./src/user_application.o
                0x0000000000001f50                _Z5eval2PciPi
 .text._Z9skipSpacePcS_
                0x00000000000028bc       0x22 ./src/user_application.o
                0x00000000000028bc                _Z9skipSpacePcS_
 *fill*         0x00000000000028de        0x2 00
 .text._Z7stepRunv
                0x00000000000028e0      0x180 ./src/user_application.o
                0x00000000000028e0                _Z7stepRunv
 .text._Z3runPci
                0x0000000000002a60      0x740 ./src/user_application.o
                0x0000000000002a60                _Z3runPci
 .text._Z4editPciS_
                0x00000000000031a0      0x120 ./src/user_application.o
                0x00000000000031a0                _Z4editPciS_
 .text._Z4listPc
                0x00000000000032c0       0x60 ./src/user_application.o
                0x00000000000032c0                _Z4listPc
 .text._Z4loopv
                0x0000000000003320      0x20c ./src/user_application.o
                0x0000000000003320                _Z4loopv
 .text          0x000000000000352c       0x14 /Applications/lpcxpresso_5.1.0_2048/lpcxpresso/tools/bin/../lib/gcc/arm-none-eabi/4.6.2/armv6-m/libgcc.a(_thumb1_case_uqi.o)
                0x000000000000352c                __gnu_thumb1_case_uqi
 .text          0x0000000000003540       0x9c /Applications/lpcxpresso_5.1.0_2048/lpcxpresso/tools/bin/../lib/gcc/arm-none-eabi/4.6.2/armv6-m/libgcc.a(_udivsi3.o)
                0x0000000000003540                __udivsi3
                0x0000000000003540                __aeabi_uidiv
                0x00000000000035c8                __aeabi_uidivmod
 .text          0x00000000000035dc       0xc0 /Applications/lpcxpresso_5.1.0_2048/lpcxpresso/tools/bin/../lib/gcc/arm-none-eabi/4.6.2/armv6-m/libgcc.a(_divsi3.o)
                0x00000000000035dc                __aeabi_idiv
                0x00000000000035dc                __divsi3
                0x0000000000003688                __aeabi_idivmod
 .text          0x000000000000369c        0x4 /Applications/lpcxpresso_5.1.0_2048/lpcxpresso/tools/bin/../lib/gcc/arm-none-eabi/4.6.2/armv6-m/libgcc.a(_dvmd_tls.o)
                0x000000000000369c                __aeabi_ldiv0
                0x000000000000369c                __aeabi_idiv0
 .text.__libc_init_array
                0x00000000000036a0       0x44 /Applications/lpcxpresso_5.1.0_2048/lpcxpresso/tools/bin/../lib/gcc/arm-none-eabi/4.6.2/../../../../arm-none-eabi/lib/armv6-m/libc.a(lib_a-init.o)
                0x00000000000036a0                __libc_init_array
 .text._malloc_r
                0x00000000000036e4      0x520 /Applications/lpcxpresso_5.1.0_2048/lpcxpresso/tools/bin/../lib/gcc/arm-none-eabi/4.6.2/../../../../arm-none-eabi/lib/armv6-m/libc.a(lib_a-mallocr.o)
                0x00000000000036e4                _malloc_r
 .text.memcpy   0x0000000000003c04       0x7c /Applications/lpcxpresso_5.1.0_2048/lpcxpresso/tools/bin/../lib/gcc/arm-none-eabi/4.6.2/../../../../arm-none-eabi/lib/armv6-m/libc.a(lib_a-memcpy.o)
                0x0000000000003c04                memcpy
 .text.__malloc_lock
                0x0000000000003c80        0x4 /Applications/lpcxpresso_5.1.0_2048/lpcxpresso/tools/bin/../lib/gcc/arm-none-eabi/4.6.2/../../../../arm-none-eabi/lib/armv6-m/libc.a(lib_a-mlock.o)
                0x0000000000003c80                __malloc_lock
 .text.__malloc_unlock
                0x0000000000003c84        0x4 /Applications/lpcxpresso_5.1.0_2048/lpcxpresso/tools/bin/../lib/gcc/arm-none-eabi/4.6.2/../../../../arm-none-eabi/lib/armv6-m/libc.a(lib_a-mlock.o)
                0x0000000000003c84                __malloc_unlock
 .text._sbrk_r  0x0000000000003c88       0x24 /Applications/lpcxpresso_5.1.0_2048/lpcxpresso/tools/bin/../lib/gcc/arm-none-eabi/4.6.2/../../../../arm-none-eabi/lib/armv6-m/libc.a(lib_a-sbrkr.o)
                0x0000000000003c88                _sbrk_r
 .text.sprintf  0x0000000000003cac       0x44 /Applications/lpcxpresso_5.1.0_2048/lpcxpresso/tools/bin/../lib/gcc/arm-none-eabi/4.6.2/../../../../arm-none-eabi/lib/armv6-m/libc.a(lib_a-sprintf.o)
                0x0000000000003cac                sprintf
 .text.strcat   0x0000000000003cf0       0x54 /Applications/lpcxpresso_5.1.0_2048/lpcxpresso/tools/bin/../lib/gcc/arm-none-eabi/4.6.2/../../../../arm-none-eabi/lib/armv6-m/libc.a(lib_a-strcat.o)
                0x0000000000003cf0                strcat
 .text.strcmp   0x0000000000003d44       0x14 /Applications/lpcxpresso_5.1.0_2048/lpcxpresso/tools/bin/../lib/gcc/arm-none-eabi/4.6.2/../../../../arm-none-eabi/lib/armv6-m/libc.a(lib_a-strcmp.o)
                0x0000000000003d44                strcmp
 .text.strcpy   0x0000000000003d58       0x10 /Applications/lpcxpresso_5.1.0_2048/lpcxpresso/tools/bin/../lib/gcc/arm-none-eabi/4.6.2/../../../../arm-none-eabi/lib/armv6-m/libc.a(lib_a-strcpy.o)
                0x0000000000003d58                strcpy
 .text.strlen   0x0000000000003d68       0x10 /Applications/lpcxpresso_5.1.0_2048/lpcxpresso/tools/bin/../lib/gcc/arm-none-eabi/4.6.2/../../../../arm-none-eabi/lib/armv6-m/libc.a(lib_a-strlen.o)
                0x0000000000003d68                strlen
 .text.strncmp  0x0000000000003d78       0xbc /Applications/lpcxpresso_5.1.0_2048/lpcxpresso/tools/bin/../lib/gcc/arm-none-eabi/4.6.2/../../../../arm-none-eabi/lib/armv6-m/libc.a(lib_a-strncmp.o)
                0x0000000000003d78                strncmp
 *fill*         0x0000000000003e34        0x4 00
 .text._svfprintf_r
                0x0000000000003e38     0x13a8 /Applications/lpcxpresso_5.1.0_2048/lpcxpresso/tools/bin/../lib/gcc/arm-none-eabi/4.6.2/../../../../arm-none-eabi/lib/armv6-m/libc.a(lib_a-svfprintf.o)
                0x0000000000003e38                _svfprintf_r
 .text.quorem   0x00000000000051e0      0x158 /Applications/lpcxpresso_5.1.0_2048/lpcxpresso/tools/bin/../lib/gcc/arm-none-eabi/4.6.2/../../../../arm-none-eabi/lib/armv6-m/libc.a(lib_a-dtoa.o)
 .text._dtoa_r  0x0000000000005338      0xea8 /Applications/lpcxpresso_5.1.0_2048/lpcxpresso/tools/bin/../lib/gcc/arm-none-eabi/4.6.2/../../../../arm-none-eabi/lib/armv6-m/libc.a(lib_a-dtoa.o)
                0x0000000000005338                _dtoa_r
 .text._malloc_trim_r
                0x00000000000061e0       0xa8 /Applications/lpcxpresso_5.1.0_2048/lpcxpresso/tools/bin/../lib/gcc/arm-none-eabi/4.6.2/../../../../arm-none-eabi/lib/armv6-m/libc.a(lib_a-freer.o)
                0x00000000000061e0                _malloc_trim_r
 .text._free_r  0x0000000000006288      0x198 /Applications/lpcxpresso_5.1.0_2048/lpcxpresso/tools/bin/../lib/gcc/arm-none-eabi/4.6.2/../../../../arm-none-eabi/lib/armv6-m/libc.a(lib_a-freer.o)
                0x0000000000006288                _free_r
 .text._localeconv_r
                0x0000000000006420        0x8 /Applications/lpcxpresso_5.1.0_2048/lpcxpresso/tools/bin/../lib/gcc/arm-none-eabi/4.6.2/../../../../arm-none-eabi/lib/armv6-m/libc.a(lib_a-locale.o)
                0x0000000000006420                _localeconv_r
 .text.memchr   0x0000000000006428       0x90 /Applications/lpcxpresso_5.1.0_2048/lpcxpresso/tools/bin/../lib/gcc/arm-none-eabi/4.6.2/../../../../arm-none-eabi/lib/armv6-m/libc.a(lib_a-memchr.o)
                0x0000000000006428                memchr
 .text._Balloc  0x00000000000064b8       0x50 /Applications/lpcxpresso_5.1.0_2048/lpcxpresso/tools/bin/../lib/gcc/arm-none-eabi/4.6.2/../../../../arm-none-eabi/lib/armv6-m/libc.a(lib_a-mprec.o)
                0x00000000000064b8                _Balloc
 .text._Bfree   0x0000000000006508       0x18 /Applications/lpcxpresso_5.1.0_2048/lpcxpresso/tools/bin/../lib/gcc/arm-none-eabi/4.6.2/../../../../arm-none-eabi/lib/armv6-m/libc.a(lib_a-mprec.o)
                0x0000000000006508                _Bfree
 .text.__multadd
                0x0000000000006520       0x90 /Applications/lpcxpresso_5.1.0_2048/lpcxpresso/tools/bin/../lib/gcc/arm-none-eabi/4.6.2/../../../../arm-none-eabi/lib/armv6-m/libc.a(lib_a-mprec.o)
                0x0000000000006520                __multadd
 .text.__hi0bits
                0x00000000000065b0       0x38 /Applications/lpcxpresso_5.1.0_2048/lpcxpresso/tools/bin/../lib/gcc/arm-none-eabi/4.6.2/../../../../arm-none-eabi/lib/armv6-m/libc.a(lib_a-mprec.o)
                0x00000000000065b0                __hi0bits
 .text.__lo0bits
                0x00000000000065e8       0x5c /Applications/lpcxpresso_5.1.0_2048/lpcxpresso/tools/bin/../lib/gcc/arm-none-eabi/4.6.2/../../../../arm-none-eabi/lib/armv6-m/libc.a(lib_a-mprec.o)
                0x00000000000065e8                __lo0bits
 .text.__i2b    0x0000000000006644       0x14 /Applications/lpcxpresso_5.1.0_2048/lpcxpresso/tools/bin/../lib/gcc/arm-none-eabi/4.6.2/../../../../arm-none-eabi/lib/armv6-m/libc.a(lib_a-mprec.o)
                0x0000000000006644                __i2b
 .text.__multiply
                0x0000000000006658      0x16c /Applications/lpcxpresso_5.1.0_2048/lpcxpresso/tools/bin/../lib/gcc/arm-none-eabi/4.6.2/../../../../arm-none-eabi/lib/armv6-m/libc.a(lib_a-mprec.o)
                0x0000000000006658                __multiply
 .text.__pow5mult
                0x00000000000067c4       0xac /Applications/lpcxpresso_5.1.0_2048/lpcxpresso/tools/bin/../lib/gcc/arm-none-eabi/4.6.2/../../../../arm-none-eabi/lib/armv6-m/libc.a(lib_a-mprec.o)
                0x00000000000067c4                __pow5mult
 .text.__lshift
                0x0000000000006870       0xcc /Applications/lpcxpresso_5.1.0_2048/lpcxpresso/tools/bin/../lib/gcc/arm-none-eabi/4.6.2/../../../../arm-none-eabi/lib/armv6-m/libc.a(lib_a-mprec.o)
                0x0000000000006870                __lshift
 .text.__mcmp   0x000000000000693c       0x38 /Applications/lpcxpresso_5.1.0_2048/lpcxpresso/tools/bin/../lib/gcc/arm-none-eabi/4.6.2/../../../../arm-none-eabi/lib/armv6-m/libc.a(lib_a-mprec.o)
                0x000000000000693c                __mcmp
 .text.__mdiff  0x0000000000006974       0xe8 /Applications/lpcxpresso_5.1.0_2048/lpcxpresso/tools/bin/../lib/gcc/arm-none-eabi/4.6.2/../../../../arm-none-eabi/lib/armv6-m/libc.a(lib_a-mprec.o)
                0x0000000000006974                __mdiff
 .text.__d2b    0x0000000000006a5c       0xcc /Applications/lpcxpresso_5.1.0_2048/lpcxpresso/tools/bin/../lib/gcc/arm-none-eabi/4.6.2/../../../../arm-none-eabi/lib/armv6-m/libc.a(lib_a-mprec.o)
                0x0000000000006a5c                __d2b
 .text.__fpclassifyd
                0x0000000000006b28       0x8c /Applications/lpcxpresso_5.1.0_2048/lpcxpresso/tools/bin/../lib/gcc/arm-none-eabi/4.6.2/../../../../arm-none-eabi/lib/armv6-m/libc.a(lib_a-s_fpclassify.o)
                0x0000000000006b28                __fpclassifyd
 .text.__ssprint_r
                0x0000000000006bb4      0x12c /Applications/lpcxpresso_5.1.0_2048/lpcxpresso/tools/bin/../lib/gcc/arm-none-eabi/4.6.2/../../../../arm-none-eabi/lib/armv6-m/libc.a(lib_a-svfiprintf.o)
                0x0000000000006bb4                __ssprint_r
 .text._calloc_r
                0x0000000000006ce0       0x60 /Applications/lpcxpresso_5.1.0_2048/lpcxpresso/tools/bin/../lib/gcc/arm-none-eabi/4.6.2/../../../../arm-none-eabi/lib/armv6-m/libc.a(lib_a-callocr.o)
                0x0000000000006ce0                _calloc_r
 .text.memmove  0x0000000000006d40       0xa4 /Applications/lpcxpresso_5.1.0_2048/lpcxpresso/tools/bin/../lib/gcc/arm-none-eabi/4.6.2/../../../../arm-none-eabi/lib/armv6-m/libc.a(lib_a-memmove.o)
                0x0000000000006d40                memmove
 .text.memset   0x0000000000006de4       0x90 /Applications/lpcxpresso_5.1.0_2048/lpcxpresso/tools/bin/../lib/gcc/arm-none-eabi/4.6.2/../../../../arm-none-eabi/lib/armv6-m/libc.a(lib_a-memset.o)
                0x0000000000006de4                memset
 .text._realloc_r
                0x0000000000006e74      0x3c0 /Applications/lpcxpresso_5.1.0_2048/lpcxpresso/tools/bin/../lib/gcc/arm-none-eabi/4.6.2/../../../../arm-none-eabi/lib/armv6-m/libc.a(lib_a-reallocr.o)
                0x0000000000006e74                _realloc_r
 .text._sbrk    0x0000000000007234       0x40 /Applications/lpcxpresso_5.1.0_2048/lpcxpresso/tools/bin/../lib/gcc/arm-none-eabi/4.6.2/../../../../arm-none-eabi/lib/armv6-m/libcr_newlib_nohost.a(_cr_sbrk.o)
                0x0000000000007234                _sbrk
 .text.__check_heap_overflow
                0x0000000000007274       0x2c /Applications/lpcxpresso_5.1.0_2048/lpcxpresso/tools/bin/../lib/gcc/arm-none-eabi/4.6.2/../../../../arm-none-eabi/lib/armv6-m/libcr_newlib_nohost.a(_cr_check_heap.o)
                0x0000000000007274                __check_heap_overflow
 .text          0x00000000000072a0       0x60 /Applications/lpcxpresso_5.1.0_2048/lpcxpresso/tools/bin/../lib/gcc/arm-none-eabi/4.6.2/armv6-m/crtbegin.o
 .text          0x0000000000007300       0x7c /Applications/lpcxpresso_5.1.0_2048/lpcxpresso/tools/bin/../lib/gcc/arm-none-eabi/4.6.2/armv6-m/libgcc.a(_arm_cmpdf2.o)
                0x0000000000007300                __aeabi_cdrcmple
                0x0000000000007310                __aeabi_cdcmple
                0x0000000000007310                __aeabi_cdcmpeq
                0x0000000000007320                __aeabi_dcmpeq
                0x000000000000732c                __aeabi_dcmplt
                0x0000000000007340                __aeabi_dcmple
                0x0000000000007354                __aeabi_dcmpgt
                0x0000000000007368                __aeabi_dcmpge
 .text          0x000000000000737c       0x40 /Applications/lpcxpresso_5.1.0_2048/lpcxpresso/tools/bin/../lib/gcc/arm-none-eabi/4.6.2/armv6-m/libgcc.a(_aeabi_uldivmod.o)
                0x000000000000737c                __aeabi_uldivmod
 .text          0x00000000000073bc       0x6c /Applications/lpcxpresso_5.1.0_2048/lpcxpresso/tools/bin/../lib/gcc/arm-none-eabi/4.6.2/armv6-m/libgcc.a(bpabi.o)
                0x00000000000073bc                __gnu_ldivmod_helper
                0x00000000000073f4                __gnu_uldivmod_helper
 .text          0x0000000000007428      0x6d4 /Applications/lpcxpresso_5.1.0_2048/lpcxpresso/tools/bin/../lib/gcc/arm-none-eabi/4.6.2/armv6-m/libgcc.a(adddf3.o)
                0x0000000000007428                __aeabi_dadd
 .text          0x0000000000007afc      0x5e4 /Applications/lpcxpresso_5.1.0_2048/lpcxpresso/tools/bin/../lib/gcc/arm-none-eabi/4.6.2/armv6-m/libgcc.a(divdf3.o)
                0x0000000000007afc                __aeabi_ddiv
 .text          0x00000000000080e0       0x80 /Applications/lpcxpresso_5.1.0_2048/lpcxpresso/tools/bin/../lib/gcc/arm-none-eabi/4.6.2/armv6-m/libgcc.a(eqdf2.o)
                0x00000000000080e0                __eqdf2
                0x00000000000080e0                __nedf2
 .text          0x0000000000008160       0xec /Applications/lpcxpresso_5.1.0_2048/lpcxpresso/tools/bin/../lib/gcc/arm-none-eabi/4.6.2/armv6-m/libgcc.a(gedf2.o)
                0x0000000000008160                __gtdf2
                0x0000000000008160                __gedf2
 .text          0x000000000000824c       0xc0 /Applications/lpcxpresso_5.1.0_2048/lpcxpresso/tools/bin/../lib/gcc/arm-none-eabi/4.6.2/armv6-m/libgcc.a(ledf2.o)
                0x000000000000824c                __ltdf2
                0x000000000000824c                __ledf2
 .text          0x000000000000830c      0x4a4 /Applications/lpcxpresso_5.1.0_2048/lpcxpresso/tools/bin/../lib/gcc/arm-none-eabi/4.6.2/armv6-m/libgcc.a(muldf3.o)
                0x000000000000830c                __aeabi_dmul
 .text          0x00000000000087b0      0x72c /Applications/lpcxpresso_5.1.0_2048/lpcxpresso/tools/bin/../lib/gcc/arm-none-eabi/4.6.2/armv6-m/libgcc.a(subdf3.o)
                0x00000000000087b0                __aeabi_dsub
 .text          0x0000000000008edc       0x68 /Applications/lpcxpresso_5.1.0_2048/lpcxpresso/tools/bin/../lib/gcc/arm-none-eabi/4.6.2/armv6-m/libgcc.a(fixdfsi.o)
                0x0000000000008edc                __aeabi_d2iz
 .text          0x0000000000008f44       0x78 /Applications/lpcxpresso_5.1.0_2048/lpcxpresso/tools/bin/../lib/gcc/arm-none-eabi/4.6.2/armv6-m/libgcc.a(floatsidf.o)
                0x0000000000008f44                __aeabi_i2d
 .text          0x0000000000008fbc       0x68 /Applications/lpcxpresso_5.1.0_2048/lpcxpresso/tools/bin/../lib/gcc/arm-none-eabi/4.6.2/armv6-m/libgcc.a(floatunsidf.o)
                0x0000000000008fbc                __aeabi_ui2d
 .text          0x0000000000009024       0x3c /Applications/lpcxpresso_5.1.0_2048/lpcxpresso/tools/bin/../lib/gcc/arm-none-eabi/4.6.2/armv6-m/libgcc.a(_clzsi2.o)
                0x0000000000009024                __clzsi2
 .text          0x0000000000009060       0x44 /Applications/lpcxpresso_5.1.0_2048/lpcxpresso/tools/bin/../lib/gcc/arm-none-eabi/4.6.2/armv6-m/libgcc.a(_muldi3.o)
                0x0000000000009060                __aeabi_lmul
                0x0000000000009060                __muldi3
 .text          0x00000000000090a4      0x3c4 /Applications/lpcxpresso_5.1.0_2048/lpcxpresso/tools/bin/../lib/gcc/arm-none-eabi/4.6.2/armv6-m/libgcc.a(_divdi3.o)
                0x00000000000090a4                __divdi3
 .text          0x0000000000009468      0x36c /Applications/lpcxpresso_5.1.0_2048/lpcxpresso/tools/bin/../lib/gcc/arm-none-eabi/4.6.2/armv6-m/libgcc.a(_udivdi3.o)
                0x0000000000009468                __udivdi3
 .text.__errno  0x00000000000097d4        0xc /Applications/lpcxpresso_5.1.0_2048/lpcxpresso/tools/bin/../lib/gcc/arm-none-eabi/4.6.2/../../../../arm-none-eabi/lib/armv6-m/libc.a(lib_a-errno.o)
                0x00000000000097d4                __errno
 *(.rodata .rodata.*)
 .rodata._ZL9IOCON_LUT
                0x00000000000097e0       0x30 ./src/core/device_dependent/lpc1114/gpio.o
 .rodata._ZL8LPC_GPIO
                0x0000000000009810       0x10 ./src/core/device_dependent/lpc1114/gpio.o
 .rodata._ZL14mary_pinAssign
                0x0000000000009820       0xe0 ./src/core/device_dependent/lpc1114/gpio.o
 .rodata._ZL17arduino_pinAssign
                0x0000000000009900       0xb8 ./src/core/device_dependent/lpc1114/gpio.o
 .rodata.CSWTCH.16
                0x00000000000099b8       0x40 ./src/core/device_dependent/lpc1114/system_LPC11xx.o
 .rodata._ZTV7USerial
                0x00000000000099f8       0x10 ./src/core/uart.o
                0x00000000000099f8                _ZTV7USerial
 .rodata._ZL5func2
                0x0000000000009a08       0x48 ./src/user_application.o
 .rodata._ZL9constants
                0x0000000000009a50       0x48 ./src/user_application.o
 .rodata._ZL5func1
                0x0000000000009a98       0x60 ./src/user_application.o
 .rodata.str1.1
                0x0000000000009af8      0x1b9 ./src/user_application.o
                                        0x1c4 (size before relaxing)
 *fill*         0x0000000000009cb1        0x3 00
 .rodata._svfprintf_r
                0x0000000000009cb4      0x164 /Applications/lpcxpresso_5.1.0_2048/lpcxpresso/tools/bin/../lib/gcc/arm-none-eabi/4.6.2/../../../../arm-none-eabi/lib/armv6-m/libc.a(lib_a-svfprintf.o)
 .rodata.zeroes.6590
                0x0000000000009e18       0x10 /Applications/lpcxpresso_5.1.0_2048/lpcxpresso/tools/bin/../lib/gcc/arm-none-eabi/4.6.2/../../../../arm-none-eabi/lib/armv6-m/libc.a(lib_a-svfprintf.o)
 .rodata.str1.4
                0x0000000000009e28       0x42 /Applications/lpcxpresso_5.1.0_2048/lpcxpresso/tools/bin/../lib/gcc/arm-none-eabi/4.6.2/../../../../arm-none-eabi/lib/armv6-m/libc.a(lib_a-svfprintf.o)
                                         0x44 (size before relaxing)
 *fill*         0x0000000000009e6a        0x2 00
 .rodata.blanks.6589
                0x0000000000009e6c       0x10 /Applications/lpcxpresso_5.1.0_2048/lpcxpresso/tools/bin/../lib/gcc/arm-none-eabi/4.6.2/../../../../arm-none-eabi/lib/armv6-m/libc.a(lib_a-svfprintf.o)
 .rodata.str1.4
                0x0000000000009e7c       0x10 /Applications/lpcxpresso_5.1.0_2048/lpcxpresso/tools/bin/../lib/gcc/arm-none-eabi/4.6.2/../../../../arm-none-eabi/lib/armv6-m/libc.a(lib_a-dtoa.o)
                                         0x14 (size before relaxing)
 .rodata.str1.4
                0x0000000000009e8c        0x2 /Applications/lpcxpresso_5.1.0_2048/lpcxpresso/tools/bin/../lib/gcc/arm-none-eabi/4.6.2/../../../../arm-none-eabi/lib/armv6-m/libc.a(lib_a-impure.o)
                                          0x4 (size before relaxing)
 *fill*         0x0000000000009e8e        0x2 00
 .rodata.str1.4
                0x0000000000009e90        0xc /Applications/lpcxpresso_5.1.0_2048/lpcxpresso/tools/bin/../lib/gcc/arm-none-eabi/4.6.2/../../../../arm-none-eabi/lib/armv6-m/libc.a(lib_a-locale.o)
                                         0x14 (size before relaxing)
 *fill*         0x0000000000009e9c        0x4 00
 .rodata.__mprec_tens
                0x0000000000009ea0       0xc8 /Applications/lpcxpresso_5.1.0_2048/lpcxpresso/tools/bin/../lib/gcc/arm-none-eabi/4.6.2/../../../../arm-none-eabi/lib/armv6-m/libc.a(lib_a-mprec.o)
                0x0000000000009ea0                __mprec_tens
 .rodata.__mprec_bigtens
                0x0000000000009f68       0x28 /Applications/lpcxpresso_5.1.0_2048/lpcxpresso/tools/bin/../lib/gcc/arm-none-eabi/4.6.2/../../../../arm-none-eabi/lib/armv6-m/libc.a(lib_a-mprec.o)
                0x0000000000009f68                __mprec_bigtens
 .rodata.p05.5111
                0x0000000000009f90        0xc /Applications/lpcxpresso_5.1.0_2048/lpcxpresso/tools/bin/../lib/gcc/arm-none-eabi/4.6.2/../../../../arm-none-eabi/lib/armv6-m/libc.a(lib_a-mprec.o)
 .rodata        0x0000000000009f9c       0x40 /Applications/lpcxpresso_5.1.0_2048/lpcxpresso/tools/bin/../lib/gcc/arm-none-eabi/4.6.2/armv6-m/libgcc.a(divdf3.o)
 .rodata        0x0000000000009fdc       0x40 /Applications/lpcxpresso_5.1.0_2048/lpcxpresso/tools/bin/../lib/gcc/arm-none-eabi/4.6.2/armv6-m/libgcc.a(muldf3.o)
                0x000000000000a01c                . = ALIGN (0x4)
                0x000000000000a01c                . = ALIGN (0x4)
 *(.init)
 .init          0x000000000000a01c        0x4 /Applications/lpcxpresso_5.1.0_2048/lpcxpresso/tools/bin/../lib/gcc/arm-none-eabi/4.6.2/armv6-m/crti.o
                0x000000000000a01c                _init
 .init          0x000000000000a020        0x8 /Applications/lpcxpresso_5.1.0_2048/lpcxpresso/tools/bin/../lib/gcc/arm-none-eabi/4.6.2/armv6-m/crtn.o
                0x000000000000a028                . = ALIGN (0x4)
                0x000000000000a028                __preinit_array_start = .
 *(.preinit_array)
                0x000000000000a028                __preinit_array_end = .
                0x000000000000a028                . = ALIGN (0x4)
                0x000000000000a028                __init_array_start = .
 *(SORT(.init_array.*))
 *(.init_array)
 .init_array    0x000000000000a028        0x4 ./src/core/SPI.o
 .init_array    0x000000000000a02c        0x4 ./src/core/SPI1.o
 .init_array    0x000000000000a030        0x4 ./src/core/uart.o
 .init_array    0x000000000000a034        0x4 ./src/XBee/XBee.o
 .init_array    0x000000000000a038        0x4 ./src/Samples/maryoled.o
 .init_array    0x000000000000a03c        0x4 ./src/FatFs/SD.o
 .init_array    0x000000000000a040        0x4 /Applications/lpcxpresso_5.1.0_2048/lpcxpresso/tools/bin/../lib/gcc/arm-none-eabi/4.6.2/armv6-m/crtbegin.o
                0x000000000000a044                __init_array_end = .
 *(.fini)
 .fini          0x000000000000a044        0x4 /Applications/lpcxpresso_5.1.0_2048/lpcxpresso/tools/bin/../lib/gcc/arm-none-eabi/4.6.2/armv6-m/crti.o
                0x000000000000a044                _fini
 .fini          0x000000000000a048        0x8 /Applications/lpcxpresso_5.1.0_2048/lpcxpresso/tools/bin/../lib/gcc/arm-none-eabi/4.6.2/armv6-m/crtn.o
                0x000000000000a050                . = ALIGN (0x4)
 *crtbegin.o(.ctors)
 *(EXCLUDE_FILE(*crtend.o) .ctors)
 *(SORT(.ctors.*))
 *crtend.o(.ctors)
                0x000000000000a050                . = ALIGN (0x4)
 *crtbegin.o(.dtors)
 *(EXCLUDE_FILE(*crtend.o) .dtors)
 *(SORT(.dtors.*))
 *crtend.o(.dtors)

.glue_7         0x000000000000a050        0x0
 .glue_7        0x0000000000000000        0x0 linker stubs

.glue_7t        0x000000000000a050        0x0
 .glue_7t       0x0000000000000000        0x0 linker stubs

.vfp11_veneer   0x000000000000a050        0x0
 .vfp11_veneer  0x0000000000000000        0x0 linker stubs

.v4_bx          0x000000000000a050        0x0
 .v4_bx         0x0000000000000000        0x0 linker stubs

.ARM.extab
 *(.ARM.extab* .gnu.linkonce.armextab.*)
                0x000000000000a050                __exidx_start = .

.ARM.exidx      0x000000000000a050        0x8
 *(.ARM.exidx* .gnu.linkonce.armexidx.*)
 .ARM.exidx     0x000000000000a050        0x8 /Applications/lpcxpresso_5.1.0_2048/lpcxpresso/tools/bin/../lib/gcc/arm-none-eabi/4.6.2/armv6-m/libgcc.a(_divdi3.o)
 .ARM.exidx     0x000000000000a058        0x0 /Applications/lpcxpresso_5.1.0_2048/lpcxpresso/tools/bin/../lib/gcc/arm-none-eabi/4.6.2/armv6-m/libgcc.a(_udivdi3.o)
                                          0x8 (size before relaxing)
                0x000000000000a058                __exidx_end = .
                0x000000000000a058                _etext = .

.eh_frame       0x000000000000a058        0x0
 .eh_frame      0x000000000000a058        0x0 /Applications/lpcxpresso_5.1.0_2048/lpcxpresso/tools/bin/../lib/gcc/arm-none-eabi/4.6.2/armv6-m/crtbegin.o

.uninit_RESERVED
 *(.bss.$RESERVED*)

.data           0x0000000010000000      0xba0 load address 0x000000000000a058
 FILL mask 0xff
                0x0000000010000000                _data = .
 *(vtable)
 *(.data*)
 .data.SystemCoreClock
                0x0000000010000000        0x4 ./src/core/device_dependent/lpc1114/system_LPC11xx.o
                0x0000000010000000                SystemCoreClock
 .data.progbuf  0x0000000010000004      0x320 ./src/user_application.o
                0x0000000010000004                progbuf
 .data.__malloc_av_
                0x0000000010000324      0x408 /Applications/lpcxpresso_5.1.0_2048/lpcxpresso/tools/bin/../lib/gcc/arm-none-eabi/4.6.2/../../../../arm-none-eabi/lib/armv6-m/libc.a(lib_a-mallocr.o)
                0x0000000010000324                __malloc_av_
 .data.__malloc_trim_threshold
                0x000000001000072c        0x4 /Applications/lpcxpresso_5.1.0_2048/lpcxpresso/tools/bin/../lib/gcc/arm-none-eabi/4.6.2/../../../../arm-none-eabi/lib/armv6-m/libc.a(lib_a-mallocr.o)
                0x000000001000072c                __malloc_trim_threshold
 .data.__malloc_sbrk_base
                0x0000000010000730        0x4 /Applications/lpcxpresso_5.1.0_2048/lpcxpresso/tools/bin/../lib/gcc/arm-none-eabi/4.6.2/../../../../arm-none-eabi/lib/armv6-m/libc.a(lib_a-mallocr.o)
                0x0000000010000730                __malloc_sbrk_base
 *fill*         0x0000000010000734        0x4 00
 .data.impure_data
                0x0000000010000738      0x428 /Applications/lpcxpresso_5.1.0_2048/lpcxpresso/tools/bin/../lib/gcc/arm-none-eabi/4.6.2/../../../../arm-none-eabi/lib/armv6-m/libc.a(lib_a-impure.o)
 .data._impure_ptr
                0x0000000010000b60        0x4 /Applications/lpcxpresso_5.1.0_2048/lpcxpresso/tools/bin/../lib/gcc/arm-none-eabi/4.6.2/../../../../arm-none-eabi/lib/armv6-m/libc.a(lib_a-impure.o)
                0x0000000010000b60                _impure_ptr
 .data.lconv    0x0000000010000b64       0x38 /Applications/lpcxpresso_5.1.0_2048/lpcxpresso/tools/bin/../lib/gcc/arm-none-eabi/4.6.2/../../../../arm-none-eabi/lib/armv6-m/libc.a(lib_a-locale.o)
 .data          0x0000000010000b9c        0x4 /Applications/lpcxpresso_5.1.0_2048/lpcxpresso/tools/bin/../lib/gcc/arm-none-eabi/4.6.2/armv6-m/crtbegin.o
                0x0000000010000b9c                __dso_handle
                0x0000000010000ba0                . = ALIGN (0x4)
                0x0000000010000ba0                _edata = .

.jcr            0x0000000010000ba0        0x0 load address 0x000000000000abf8
 .jcr           0x0000000010000ba0        0x0 /Applications/lpcxpresso_5.1.0_2048/lpcxpresso/tools/bin/../lib/gcc/arm-none-eabi/4.6.2/armv6-m/crtbegin.o

.bss            0x0000000010000ba0      0x24c load address 0x000000000000abf8
                0x0000000010000ba0                _bss = .
 *(.bss*)
 .bss.userfunc  0x0000000010000ba0        0x4 ./src/core/device_dependent/lpc1114/delay.o
                0x0000000010000ba0                userfunc
 .bss._ZL7msTicks
                0x0000000010000ba4        0x4 ./src/core/device_dependent/lpc1114/delay.o
 .bss._ZL7intFunc
                0x0000000010000ba8       0x58 ./src/core/device_dependent/lpc1114/gpio_int.o
 .bss.SPI       0x0000000010000c00        0x8 ./src/core/SPI.o
                0x0000000010000c00                SPI
 .bss.SPI1      0x0000000010000c08        0x8 ./src/core/SPI1.o
                0x0000000010000c08                SPI1
 .bss._ZL11pwm_pin_num
                0x0000000010000c10       0x10 ./src/core/analogio.o
 .bss._ZL14pwm_duty_value
                0x0000000010000c20       0x10 ./src/core/analogio.o
 .bss.random_seed
                0x0000000010000c30        0x4 ./src/core/arithmetical.o
                0x0000000010000c30                random_seed
 .bss.Serial    0x0000000010000c34        0xc ./src/core/uart.o
                0x0000000010000c34                Serial
 .bss._ZN22RemoteAtCommandRequest18broadcastAddress64E
                0x0000000010000c40        0x8 ./src/XBee/XBee.o
                0x0000000010000c40                _ZN22RemoteAtCommandRequest18broadcastAddress64E
 .bss.oled      0x0000000010000c48       0x28 ./src/Samples/maryoled.o
                0x0000000010000c48                oled
 .bss.SDFile    0x0000000010000c70       0xa8 ./src/FatFs/SD.o
                0x0000000010000c70                SDFile
 .bss.prog      0x0000000010000d18        0x4 ./src/user_application.o
                0x0000000010000d18                prog
 .bss.variables
                0x0000000010000d1c       0x68 ./src/user_application.o
                0x0000000010000d1c                variables
 .bss.runStep   0x0000000010000d84        0x4 ./src/user_application.o
                0x0000000010000d84                runStep
 .bss.runAnimate
                0x0000000010000d88        0x4 ./src/user_application.o
                0x0000000010000d88                runAnimate
 .bss.runDelay  0x0000000010000d8c        0x4 ./src/user_application.o
                0x0000000010000d8c                runDelay
 .bss._ZZ5getsSPcjE4prev
                0x0000000010000d90        0x1 ./src/user_application.o
 *fill*         0x0000000010000d91        0x3 00
 .bss.__malloc_max_total_mem
                0x0000000010000d94        0x4 /Applications/lpcxpresso_5.1.0_2048/lpcxpresso/tools/bin/../lib/gcc/arm-none-eabi/4.6.2/../../../../arm-none-eabi/lib/armv6-m/libc.a(lib_a-mallocr.o)
                0x0000000010000d94                __malloc_max_total_mem
 .bss.__malloc_max_sbrked_mem
                0x0000000010000d98        0x4 /Applications/lpcxpresso_5.1.0_2048/lpcxpresso/tools/bin/../lib/gcc/arm-none-eabi/4.6.2/../../../../arm-none-eabi/lib/armv6-m/libc.a(lib_a-mallocr.o)
                0x0000000010000d98                __malloc_max_sbrked_mem
 .bss.__malloc_top_pad
                0x0000000010000d9c        0x4 /Applications/lpcxpresso_5.1.0_2048/lpcxpresso/tools/bin/../lib/gcc/arm-none-eabi/4.6.2/../../../../arm-none-eabi/lib/armv6-m/libc.a(lib_a-mallocr.o)
                0x0000000010000d9c                __malloc_top_pad
 .bss.__malloc_current_mallinfo
                0x0000000010000da0       0x28 /Applications/lpcxpresso_5.1.0_2048/lpcxpresso/tools/bin/../lib/gcc/arm-none-eabi/4.6.2/../../../../arm-none-eabi/lib/armv6-m/libc.a(lib_a-mallocr.o)
                0x0000000010000da0                __malloc_current_mallinfo
 .bss           0x0000000010000dc8       0x1c /Applications/lpcxpresso_5.1.0_2048/lpcxpresso/tools/bin/../lib/gcc/arm-none-eabi/4.6.2/armv6-m/crtbegin.o
 *(COMMON)
 COMMON         0x0000000010000de4        0x4 /Applications/lpcxpresso_5.1.0_2048/lpcxpresso/tools/bin/../lib/gcc/arm-none-eabi/4.6.2/../../../../arm-none-eabi/lib/armv6-m/libc.a(lib_a-reent.o)
                0x0000000010000de4                errno
 COMMON         0x0000000010000de8        0x4 /Applications/lpcxpresso_5.1.0_2048/lpcxpresso/tools/bin/../lib/gcc/arm-none-eabi/4.6.2/../../../../arm-none-eabi/lib/armv6-m/libcr_newlib_nohost.a(_cr_sbrk.o)
                0x0000000010000de8                __end_of_heap
                0x0000000010000dec                . = ALIGN (0x4)
                0x0000000010000dec                _ebss = .
                0x0000000010000dec                PROVIDE (end, .)
                0x0000000010000dec                PROVIDE (_pvHeapStart, .)
                0x0000000010000fe0                PROVIDE (_vStackTop, (__top_RamLoc8 - 0x0))
OUTPUT(eXodusino.axf elf32-littlearm)

.debug_abbrev   0x0000000000000000     0x4229
 .debug_abbrev  0x0000000000000000        0x1 ./src/core/device_dependent/lpc800/cr_cpp_config.o
 .debug_abbrev  0x0000000000000001        0x1 ./src/core/device_dependent/lpc800/cr_startup_lpc8xx.o
 .debug_abbrev  0x0000000000000002        0x1 ./src/core/device_dependent/lpc800/delay.o
 .debug_abbrev  0x0000000000000003        0x1 ./src/core/device_dependent/lpc800/gpio.o
 .debug_abbrev  0x0000000000000004        0x1 ./src/core/device_dependent/lpc800/gpio_int.o
 .debug_abbrev  0x0000000000000005        0x1 ./src/core/device_dependent/lpc800/lpc8xx_gpio.o
 .debug_abbrev  0x0000000000000006        0x1 ./src/core/device_dependent/lpc800/lpc8xx_spi.o
 .debug_abbrev  0x0000000000000007        0x1 ./src/core/device_dependent/lpc800/spi_middle.o
 .debug_abbrev  0x0000000000000008        0x1 ./src/core/device_dependent/lpc800/swm.o
 .debug_abbrev  0x0000000000000009        0x1 ./src/core/device_dependent/lpc800/system_LPC8xx.o
 .debug_abbrev  0x000000000000000a        0x1 ./src/core/device_dependent/lpc800/uart_middle.o
 .debug_abbrev  0x000000000000000b        0x1 ./src/core/device_dependent/lpc1115/cr_cpp_config.o
 .debug_abbrev  0x000000000000000c        0x1 ./src/core/device_dependent/lpc1115/cr_startup_lpc11.o
 .debug_abbrev  0x000000000000000d        0x1 ./src/core/device_dependent/lpc1115/delay.o
 .debug_abbrev  0x000000000000000e        0x1 ./src/core/device_dependent/lpc1115/gpio.o
 .debug_abbrev  0x000000000000000f        0x1 ./src/core/device_dependent/lpc1115/gpio_int.o
 .debug_abbrev  0x0000000000000010        0x1 ./src/core/device_dependent/lpc1115/spi_middle.o
 .debug_abbrev  0x0000000000000011        0x1 ./src/core/device_dependent/lpc1115/system_LPC11xx.o
 .debug_abbrev  0x0000000000000012        0x1 ./src/core/device_dependent/lpc1115/uart_middle.o
 .debug_abbrev  0x0000000000000013       0xcd ./src/core/device_dependent/lpc1114/cr_cpp_config.o
 .debug_abbrev  0x00000000000000e0      0x13e ./src/core/device_dependent/lpc1114/cr_startup_lpc11.o
 .debug_abbrev  0x000000000000021e      0x279 ./src/core/device_dependent/lpc1114/delay.o
 .debug_abbrev  0x0000000000000497      0x1ab ./src/core/device_dependent/lpc1114/gpio.o
 .debug_abbrev  0x0000000000000642      0x1e6 ./src/core/device_dependent/lpc1114/gpio_int.o
 .debug_abbrev  0x0000000000000828      0x1ff ./src/core/device_dependent/lpc1114/spi_middle.o
 .debug_abbrev  0x0000000000000a27       0xd8 ./src/core/device_dependent/lpc1114/system_LPC11xx.o
 .debug_abbrev  0x0000000000000aff      0x190 ./src/core/device_dependent/lpc1114/uart_middle.o
 .debug_abbrev  0x0000000000000c8f      0x33f ./src/core/LiquidCrystal.o
 .debug_abbrev  0x0000000000000fce      0x17c ./src/core/Print.o
 .debug_abbrev  0x000000000000114a      0x2c4 ./src/core/SPI.o
 .debug_abbrev  0x000000000000140e      0x384 ./src/core/SPI1.o
 .debug_abbrev  0x0000000000001792      0x3e4 ./src/core/SoftwareSerial.o
 .debug_abbrev  0x0000000000001b76      0x5c8 ./src/core/Wire.o
 .debug_abbrev  0x000000000000213e      0x270 ./src/core/analogio.o
 .debug_abbrev  0x00000000000023ae      0x1a8 ./src/core/arithmetical.o
 .debug_abbrev  0x0000000000002556       0xff ./src/core/startup_mary.o
 .debug_abbrev  0x0000000000002655      0x293 ./src/core/uart.o
 .debug_abbrev  0x00000000000028e8      0x626 ./src/XBee/XBee.o
 .debug_abbrev  0x0000000000002f0e      0x3c0 ./src/Samples/maryoled.o
 .debug_abbrev  0x00000000000032ce      0x3b4 ./src/FatFs/SD.o
 .debug_abbrev  0x0000000000003682      0x34b ./src/FatFs/pff.o
 .debug_abbrev  0x00000000000039cd      0x32b ./src/FatFs/sdcard.o
 .debug_abbrev  0x0000000000003cf8      0x426 ./src/user_application.o
 .debug_abbrev  0x000000000000411e       0x99 /Applications/lpcxpresso_5.1.0_2048/lpcxpresso/tools/bin/../lib/gcc/arm-none-eabi/4.6.2/../../../../arm-none-eabi/lib/armv6-m/libcr_newlib_nohost.a(_cr_sbrk.o)
 .debug_abbrev  0x00000000000041b7       0x72 /Applications/lpcxpresso_5.1.0_2048/lpcxpresso/tools/bin/../lib/gcc/arm-none-eabi/4.6.2/../../../../arm-none-eabi/lib/armv6-m/libcr_newlib_nohost.a(_cr_check_heap.o)

.debug_line     0x0000000000000000     0x5f69
 .debug_line    0x0000000000000000        0x0 ./src/core/device_dependent/lpc800/cr_cpp_config.o
 .debug_line    0x0000000000000000        0x0 ./src/core/device_dependent/lpc800/cr_startup_lpc8xx.o
 .debug_line    0x0000000000000000        0x0 ./src/core/device_dependent/lpc800/delay.o
 .debug_line    0x0000000000000000        0x0 ./src/core/device_dependent/lpc800/gpio.o
 .debug_line    0x0000000000000000        0x0 ./src/core/device_dependent/lpc800/gpio_int.o
 .debug_line    0x0000000000000000        0x0 ./src/core/device_dependent/lpc800/lpc8xx_gpio.o
 .debug_line    0x0000000000000000        0x0 ./src/core/device_dependent/lpc800/lpc8xx_spi.o
 .debug_line    0x0000000000000000        0x0 ./src/core/device_dependent/lpc800/spi_middle.o
 .debug_line    0x0000000000000000        0x0 ./src/core/device_dependent/lpc800/swm.o
 .debug_line    0x0000000000000000        0x0 ./src/core/device_dependent/lpc800/system_LPC8xx.o
 .debug_line    0x0000000000000000        0x0 ./src/core/device_dependent/lpc800/uart_middle.o
 .debug_line    0x0000000000000000        0x0 ./src/core/device_dependent/lpc1115/cr_cpp_config.o
 .debug_line    0x0000000000000000        0x0 ./src/core/device_dependent/lpc1115/cr_startup_lpc11.o
 .debug_line    0x0000000000000000        0x0 ./src/core/device_dependent/lpc1115/delay.o
 .debug_line    0x0000000000000000        0x0 ./src/core/device_dependent/lpc1115/gpio.o
 .debug_line    0x0000000000000000        0x0 ./src/core/device_dependent/lpc1115/gpio_int.o
 .debug_line    0x0000000000000000        0x0 ./src/core/device_dependent/lpc1115/spi_middle.o
 .debug_line    0x0000000000000000        0x0 ./src/core/device_dependent/lpc1115/system_LPC11xx.o
 .debug_line    0x0000000000000000        0x0 ./src/core/device_dependent/lpc1115/uart_middle.o
 .debug_line    0x0000000000000000      0x100 ./src/core/device_dependent/lpc1114/cr_cpp_config.o
 .debug_line    0x0000000000000100       0xe2 ./src/core/device_dependent/lpc1114/cr_startup_lpc11.o
 .debug_line    0x00000000000001e2      0x308 ./src/core/device_dependent/lpc1114/delay.o
 .debug_line    0x00000000000004ea      0x25d ./src/core/device_dependent/lpc1114/gpio.o
 .debug_line    0x0000000000000747      0x246 ./src/core/device_dependent/lpc1114/gpio_int.o
 .debug_line    0x000000000000098d      0x215 ./src/core/device_dependent/lpc1114/spi_middle.o
 .debug_line    0x0000000000000ba2      0x18a ./src/core/device_dependent/lpc1114/system_LPC11xx.o
 .debug_line    0x0000000000000d2c      0x1f9 ./src/core/device_dependent/lpc1114/uart_middle.o
 .debug_line    0x0000000000000f25      0x4a5 ./src/core/LiquidCrystal.o
 .debug_line    0x00000000000013ca      0x13d ./src/core/Print.o
 .debug_line    0x0000000000001507      0x230 ./src/core/SPI.o
 .debug_line    0x0000000000001737      0x2e7 ./src/core/SPI1.o
 .debug_line    0x0000000000001a1e      0x349 ./src/core/SoftwareSerial.o
 .debug_line    0x0000000000001d67      0xa1c ./src/core/Wire.o
 .debug_line    0x0000000000002783      0x289 ./src/core/analogio.o
 .debug_line    0x0000000000002a0c      0x241 ./src/core/arithmetical.o
 .debug_line    0x0000000000002c4d      0x1b1 ./src/core/startup_mary.o
 .debug_line    0x0000000000002dfe      0x154 ./src/core/uart.o
 .debug_line    0x0000000000002f52      0xfc0 ./src/XBee/XBee.o
 .debug_line    0x0000000000003f12      0x4b6 ./src/Samples/maryoled.o
 .debug_line    0x00000000000043c8      0x390 ./src/FatFs/SD.o
 .debug_line    0x0000000000004758      0x572 ./src/FatFs/pff.o
 .debug_line    0x0000000000004cca      0x404 ./src/FatFs/sdcard.o
 .debug_line    0x00000000000050ce      0xd82 ./src/user_application.o
 .debug_line    0x0000000000005e50       0xc8 /Applications/lpcxpresso_5.1.0_2048/lpcxpresso/tools/bin/../lib/gcc/arm-none-eabi/4.6.2/../../../../arm-none-eabi/lib/armv6-m/libcr_newlib_nohost.a(_cr_sbrk.o)
 .debug_line    0x0000000000005f18       0x51 /Applications/lpcxpresso_5.1.0_2048/lpcxpresso/tools/bin/../lib/gcc/arm-none-eabi/4.6.2/../../../../arm-none-eabi/lib/armv6-m/libcr_newlib_nohost.a(_cr_check_heap.o)

.comment        0x0000000000000000       0xe0
 .comment       0x0000000000000000       0x70 ./src/core/device_dependent/lpc800/cr_cpp_config.o
                                         0x71 (size before relaxing)
 .comment       0x0000000000000000       0x71 ./src/core/device_dependent/lpc800/cr_startup_lpc8xx.o
 .comment       0x0000000000000000       0x71 ./src/core/device_dependent/lpc800/delay.o
 .comment       0x0000000000000000       0x71 ./src/core/device_dependent/lpc800/gpio.o
 .comment       0x0000000000000000       0x71 ./src/core/device_dependent/lpc800/gpio_int.o
 .comment       0x0000000000000000       0x71 ./src/core/device_dependent/lpc800/lpc8xx_gpio.o
 .comment       0x0000000000000000       0x71 ./src/core/device_dependent/lpc800/lpc8xx_spi.o
 .comment       0x0000000000000000       0x71 ./src/core/device_dependent/lpc800/lpc8xx_uart.o
 .comment       0x0000000000000000       0x71 ./src/core/device_dependent/lpc800/spi_middle.o
 .comment       0x0000000000000000       0x71 ./src/core/device_dependent/lpc800/swm.o
 .comment       0x0000000000000000       0x71 ./src/core/device_dependent/lpc800/system_LPC8xx.o
 .comment       0x0000000000000000       0x71 ./src/core/device_dependent/lpc800/uart_middle.o
 .comment       0x0000000000000000       0x71 ./src/core/device_dependent/lpc1115/cr_cpp_config.o
 .comment       0x0000000000000000       0x71 ./src/core/device_dependent/lpc1115/cr_startup_lpc11.o
 .comment       0x0000000000000000       0x71 ./src/core/device_dependent/lpc1115/delay.o
 .comment       0x0000000000000000       0x71 ./src/core/device_dependent/lpc1115/gpio.o
 .comment       0x0000000000000000       0x71 ./src/core/device_dependent/lpc1115/gpio_int.o
 .comment       0x0000000000000000       0x71 ./src/core/device_dependent/lpc1115/spi_middle.o
 .comment       0x0000000000000000       0x71 ./src/core/device_dependent/lpc1115/system_LPC11xx.o
 .comment       0x0000000000000000       0x71 ./src/core/device_dependent/lpc1115/uart_middle.o
 .comment       0x0000000000000000       0x71 ./src/core/device_dependent/lpc1114/cr_cpp_config.o
 .comment       0x0000000000000000       0x71 ./src/core/device_dependent/lpc1114/cr_startup_lpc11.o
 .comment       0x0000000000000000       0x71 ./src/core/device_dependent/lpc1114/delay.o
 .comment       0x0000000000000000       0x71 ./src/core/device_dependent/lpc1114/gpio.o
 .comment       0x0000000000000000       0x71 ./src/core/device_dependent/lpc1114/gpio_int.o
 .comment       0x0000000000000000       0x71 ./src/core/device_dependent/lpc1114/spi_middle.o
 .comment       0x0000000000000000       0x71 ./src/core/device_dependent/lpc1114/system_LPC11xx.o
 .comment       0x0000000000000000       0x71 ./src/core/device_dependent/lpc1114/uart_middle.o
 .comment       0x0000000000000000       0x71 ./src/core/LiquidCrystal.o
 .comment       0x0000000000000000       0x71 ./src/core/Print.o
 .comment       0x0000000000000000       0x71 ./src/core/SPI.o
 .comment       0x0000000000000000       0x71 ./src/core/SPI1.o
 .comment       0x0000000000000000       0x71 ./src/core/SoftwareSerial.o
 .comment       0x0000000000000000       0x71 ./src/core/Wire.o
 .comment       0x0000000000000000       0x71 ./src/core/analogio.o
 .comment       0x0000000000000000       0x71 ./src/core/arithmetical.o
 .comment       0x0000000000000000       0x71 ./src/core/startup_mary.o
 .comment       0x0000000000000000       0x71 ./src/core/uart.o
 .comment       0x0000000000000000       0x71 ./src/XBee/XBee.o
 .comment       0x0000000000000000       0x71 ./src/Samples/maryoled.o
 .comment       0x0000000000000000       0x71 ./src/FatFs/SD.o
 .comment       0x0000000000000000       0x71 ./src/FatFs/pff.o
 .comment       0x0000000000000000       0x71 ./src/FatFs/sdcard.o
 .comment       0x0000000000000000       0x71 ./src/user_application.o
 .comment       0x0000000000000070       0x70 /Applications/lpcxpresso_5.1.0_2048/lpcxpresso/tools/bin/../lib/gcc/arm-none-eabi/4.6.2/../../../../arm-none-eabi/lib/armv6-m/libcr_newlib_nohost.a(_cr_sbrk.o)
                                         0x71 (size before relaxing)
 .comment       0x0000000000000000       0x71 /Applications/lpcxpresso_5.1.0_2048/lpcxpresso/tools/bin/../lib/gcc/arm-none-eabi/4.6.2/../../../../arm-none-eabi/lib/armv6-m/libcr_newlib_nohost.a(_cr_check_heap.o)

.ARM.attributes
                0x0000000000000000       0x31
 .ARM.attributes
                0x0000000000000000       0x31 ./src/core/device_dependent/lpc800/cr_cpp_config.o
 .ARM.attributes
                0x0000000000000031       0x31 ./src/core/device_dependent/lpc800/cr_startup_lpc8xx.o
 .ARM.attributes
                0x0000000000000062       0x31 ./src/core/device_dependent/lpc800/delay.o
 .ARM.attributes
                0x0000000000000093       0x31 ./src/core/device_dependent/lpc800/gpio.o
 .ARM.attributes
                0x00000000000000c4       0x31 ./src/core/device_dependent/lpc800/gpio_int.o
 .ARM.attributes
                0x00000000000000f5       0x31 ./src/core/device_dependent/lpc800/lpc8xx_gpio.o
 .ARM.attributes
                0x0000000000000126       0x31 ./src/core/device_dependent/lpc800/lpc8xx_spi.o
 .ARM.attributes
                0x0000000000000157       0x31 ./src/core/device_dependent/lpc800/lpc8xx_uart.o
 .ARM.attributes
                0x0000000000000188       0x31 ./src/core/device_dependent/lpc800/spi_middle.o
 .ARM.attributes
                0x00000000000001b9       0x31 ./src/core/device_dependent/lpc800/swm.o
 .ARM.attributes
                0x00000000000001ea       0x31 ./src/core/device_dependent/lpc800/system_LPC8xx.o
 .ARM.attributes
                0x000000000000021b       0x31 ./src/core/device_dependent/lpc800/uart_middle.o
 .ARM.attributes
                0x000000000000024c       0x31 ./src/core/device_dependent/lpc1115/cr_cpp_config.o
 .ARM.attributes
                0x000000000000027d       0x31 ./src/core/device_dependent/lpc1115/cr_startup_lpc11.o
 .ARM.attributes
                0x00000000000002ae       0x31 ./src/core/device_dependent/lpc1115/delay.o
 .ARM.attributes
                0x00000000000002df       0x31 ./src/core/device_dependent/lpc1115/gpio.o
 .ARM.attributes
                0x0000000000000310       0x31 ./src/core/device_dependent/lpc1115/gpio_int.o
 .ARM.attributes
                0x0000000000000341       0x31 ./src/core/device_dependent/lpc1115/spi_middle.o
 .ARM.attributes
                0x0000000000000372       0x31 ./src/core/device_dependent/lpc1115/system_LPC11xx.o
 .ARM.attributes
                0x00000000000003a3       0x31 ./src/core/device_dependent/lpc1115/uart_middle.o
 .ARM.attributes
                0x00000000000003d4       0x31 ./src/core/device_dependent/lpc1114/cr_cpp_config.o
 .ARM.attributes
                0x0000000000000405       0x31 ./src/core/device_dependent/lpc1114/cr_startup_lpc11.o
 .ARM.attributes
                0x0000000000000436       0x31 ./src/core/device_dependent/lpc1114/delay.o
 .ARM.attributes
                0x0000000000000467       0x31 ./src/core/device_dependent/lpc1114/gpio.o
 .ARM.attributes
                0x0000000000000498       0x31 ./src/core/device_dependent/lpc1114/gpio_int.o
 .ARM.attributes
                0x00000000000004c9       0x31 ./src/core/device_dependent/lpc1114/spi_middle.o
 .ARM.attributes
                0x00000000000004fa       0x31 ./src/core/device_dependent/lpc1114/system_LPC11xx.o
 .ARM.attributes
                0x000000000000052b       0x31 ./src/core/device_dependent/lpc1114/uart_middle.o
 .ARM.attributes
                0x000000000000055c       0x31 ./src/core/LiquidCrystal.o
 .ARM.attributes
                0x000000000000058d       0x31 ./src/core/Print.o
 .ARM.attributes
                0x00000000000005be       0x31 ./src/core/SPI.o
 .ARM.attributes
                0x00000000000005ef       0x31 ./src/core/SPI1.o
 .ARM.attributes
                0x0000000000000620       0x31 ./src/core/SoftwareSerial.o
 .ARM.attributes
                0x0000000000000651       0x31 ./src/core/Wire.o
 .ARM.attributes
                0x0000000000000682       0x31 ./src/core/analogio.o
 .ARM.attributes
                0x00000000000006b3       0x31 ./src/core/arithmetical.o
 .ARM.attributes
                0x00000000000006e4       0x31 ./src/core/startup_mary.o
 .ARM.attributes
                0x0000000000000715       0x31 ./src/core/uart.o
 .ARM.attributes
                0x0000000000000746       0x31 ./src/XBee/XBee.o
 .ARM.attributes
                0x0000000000000777       0x31 ./src/Samples/maryoled.o
 .ARM.attributes
                0x00000000000007a8       0x31 ./src/FatFs/SD.o
 .ARM.attributes
                0x00000000000007d9       0x31 ./src/FatFs/pff.o
 .ARM.attributes
                0x000000000000080a       0x31 ./src/FatFs/sdcard.o
 .ARM.attributes
                0x000000000000083b       0x31 ./src/user_application.o
 .ARM.attributes
                0x000000000000086c       0x1e /Applications/lpcxpresso_5.1.0_2048/lpcxpresso/tools/bin/../lib/gcc/arm-none-eabi/4.6.2/armv6-m/libgcc.a(_thumb1_case_uqi.o)
 .ARM.attributes
                0x000000000000088a       0x1e /Applications/lpcxpresso_5.1.0_2048/lpcxpresso/tools/bin/../lib/gcc/arm-none-eabi/4.6.2/armv6-m/libgcc.a(_udivsi3.o)
 .ARM.attributes
                0x00000000000008a8       0x1e /Applications/lpcxpresso_5.1.0_2048/lpcxpresso/tools/bin/../lib/gcc/arm-none-eabi/4.6.2/armv6-m/libgcc.a(_divsi3.o)
 .ARM.attributes
                0x00000000000008c6       0x1e /Applications/lpcxpresso_5.1.0_2048/lpcxpresso/tools/bin/../lib/gcc/arm-none-eabi/4.6.2/armv6-m/libgcc.a(_dvmd_tls.o)
 .ARM.attributes
                0x00000000000008e4       0x2c /Applications/lpcxpresso_5.1.0_2048/lpcxpresso/tools/bin/../lib/gcc/arm-none-eabi/4.6.2/../../../../arm-none-eabi/lib/armv6-m/libc.a(lib_a-init.o)
 .ARM.attributes
                0x0000000000000910       0x2c /Applications/lpcxpresso_5.1.0_2048/lpcxpresso/tools/bin/../lib/gcc/arm-none-eabi/4.6.2/../../../../arm-none-eabi/lib/armv6-m/libc.a(lib_a-malloc.o)
 .ARM.attributes
                0x000000000000093c       0x2c /Applications/lpcxpresso_5.1.0_2048/lpcxpresso/tools/bin/../lib/gcc/arm-none-eabi/4.6.2/../../../../arm-none-eabi/lib/armv6-m/libc.a(lib_a-mallocr.o)
 .ARM.attributes
                0x0000000000000968       0x2c /Applications/lpcxpresso_5.1.0_2048/lpcxpresso/tools/bin/../lib/gcc/arm-none-eabi/4.6.2/../../../../arm-none-eabi/lib/armv6-m/libc.a(lib_a-memcpy.o)
 .ARM.attributes
                0x0000000000000994       0x2c /Applications/lpcxpresso_5.1.0_2048/lpcxpresso/tools/bin/../lib/gcc/arm-none-eabi/4.6.2/../../../../arm-none-eabi/lib/armv6-m/libc.a(lib_a-mlock.o)
 .ARM.attributes
                0x00000000000009c0       0x2c /Applications/lpcxpresso_5.1.0_2048/lpcxpresso/tools/bin/../lib/gcc/arm-none-eabi/4.6.2/../../../../arm-none-eabi/lib/armv6-m/libc.a(lib_a-sbrkr.o)
 .ARM.attributes
                0x00000000000009ec       0x2c /Applications/lpcxpresso_5.1.0_2048/lpcxpresso/tools/bin/../lib/gcc/arm-none-eabi/4.6.2/../../../../arm-none-eabi/lib/armv6-m/libc.a(lib_a-sprintf.o)
 .ARM.attributes
                0x0000000000000a18       0x2c /Applications/lpcxpresso_5.1.0_2048/lpcxpresso/tools/bin/../lib/gcc/arm-none-eabi/4.6.2/../../../../arm-none-eabi/lib/armv6-m/libc.a(lib_a-strcat.o)
 .ARM.attributes
                0x0000000000000a44       0x2c /Applications/lpcxpresso_5.1.0_2048/lpcxpresso/tools/bin/../lib/gcc/arm-none-eabi/4.6.2/../../../../arm-none-eabi/lib/armv6-m/libc.a(lib_a-strcmp.o)
 .ARM.attributes
                0x0000000000000a70       0x2c /Applications/lpcxpresso_5.1.0_2048/lpcxpresso/tools/bin/../lib/gcc/arm-none-eabi/4.6.2/../../../../arm-none-eabi/lib/armv6-m/libc.a(lib_a-strcpy.o)
 .ARM.attributes
                0x0000000000000a9c       0x2c /Applications/lpcxpresso_5.1.0_2048/lpcxpresso/tools/bin/../lib/gcc/arm-none-eabi/4.6.2/../../../../arm-none-eabi/lib/armv6-m/libc.a(lib_a-strlen.o)
 .ARM.attributes
                0x0000000000000ac8       0x2c /Applications/lpcxpresso_5.1.0_2048/lpcxpresso/tools/bin/../lib/gcc/arm-none-eabi/4.6.2/../../../../arm-none-eabi/lib/armv6-m/libc.a(lib_a-strncmp.o)
 .ARM.attributes
                0x0000000000000af4       0x2c /Applications/lpcxpresso_5.1.0_2048/lpcxpresso/tools/bin/../lib/gcc/arm-none-eabi/4.6.2/../../../../arm-none-eabi/lib/armv6-m/libc.a(lib_a-svfprintf.o)
 .ARM.attributes
                0x0000000000000b20       0x2c /Applications/lpcxpresso_5.1.0_2048/lpcxpresso/tools/bin/../lib/gcc/arm-none-eabi/4.6.2/../../../../arm-none-eabi/lib/armv6-m/libc.a(lib_a-dtoa.o)
 .ARM.attributes
                0x0000000000000b4c       0x2c /Applications/lpcxpresso_5.1.0_2048/lpcxpresso/tools/bin/../lib/gcc/arm-none-eabi/4.6.2/../../../../arm-none-eabi/lib/armv6-m/libc.a(lib_a-freer.o)
 .ARM.attributes
                0x0000000000000b78       0x2c /Applications/lpcxpresso_5.1.0_2048/lpcxpresso/tools/bin/../lib/gcc/arm-none-eabi/4.6.2/../../../../arm-none-eabi/lib/armv6-m/libc.a(lib_a-impure.o)
 .ARM.attributes
                0x0000000000000ba4       0x2c /Applications/lpcxpresso_5.1.0_2048/lpcxpresso/tools/bin/../lib/gcc/arm-none-eabi/4.6.2/../../../../arm-none-eabi/lib/armv6-m/libc.a(lib_a-locale.o)
 .ARM.attributes
                0x0000000000000bd0       0x2c /Applications/lpcxpresso_5.1.0_2048/lpcxpresso/tools/bin/../lib/gcc/arm-none-eabi/4.6.2/../../../../arm-none-eabi/lib/armv6-m/libc.a(lib_a-memchr.o)
 .ARM.attributes
                0x0000000000000bfc       0x2c /Applications/lpcxpresso_5.1.0_2048/lpcxpresso/tools/bin/../lib/gcc/arm-none-eabi/4.6.2/../../../../arm-none-eabi/lib/armv6-m/libc.a(lib_a-mprec.o)
 .ARM.attributes
                0x0000000000000c28       0x2c /Applications/lpcxpresso_5.1.0_2048/lpcxpresso/tools/bin/../lib/gcc/arm-none-eabi/4.6.2/../../../../arm-none-eabi/lib/armv6-m/libc.a(lib_a-reent.o)
 .ARM.attributes
                0x0000000000000c54       0x2c /Applications/lpcxpresso_5.1.0_2048/lpcxpresso/tools/bin/../lib/gcc/arm-none-eabi/4.6.2/../../../../arm-none-eabi/lib/armv6-m/libc.a(lib_a-s_fpclassify.o)
 .ARM.attributes
                0x0000000000000c80       0x2c /Applications/lpcxpresso_5.1.0_2048/lpcxpresso/tools/bin/../lib/gcc/arm-none-eabi/4.6.2/../../../../arm-none-eabi/lib/armv6-m/libc.a(lib_a-svfiprintf.o)
 .ARM.attributes
                0x0000000000000cac       0x2c /Applications/lpcxpresso_5.1.0_2048/lpcxpresso/tools/bin/../lib/gcc/arm-none-eabi/4.6.2/../../../../arm-none-eabi/lib/armv6-m/libc.a(lib_a-callocr.o)
 .ARM.attributes
                0x0000000000000cd8       0x2c /Applications/lpcxpresso_5.1.0_2048/lpcxpresso/tools/bin/../lib/gcc/arm-none-eabi/4.6.2/../../../../arm-none-eabi/lib/armv6-m/libc.a(lib_a-memmove.o)
 .ARM.attributes
                0x0000000000000d04       0x2c /Applications/lpcxpresso_5.1.0_2048/lpcxpresso/tools/bin/../lib/gcc/arm-none-eabi/4.6.2/../../../../arm-none-eabi/lib/armv6-m/libc.a(lib_a-memset.o)
 .ARM.attributes
                0x0000000000000d30       0x2c /Applications/lpcxpresso_5.1.0_2048/lpcxpresso/tools/bin/../lib/gcc/arm-none-eabi/4.6.2/../../../../arm-none-eabi/lib/armv6-m/libc.a(lib_a-reallocr.o)
 .ARM.attributes
                0x0000000000000d5c       0x31 /Applications/lpcxpresso_5.1.0_2048/lpcxpresso/tools/bin/../lib/gcc/arm-none-eabi/4.6.2/../../../../arm-none-eabi/lib/armv6-m/libcr_newlib_nohost.a(_cr_sbrk.o)
 .ARM.attributes
                0x0000000000000d8d       0x31 /Applications/lpcxpresso_5.1.0_2048/lpcxpresso/tools/bin/../lib/gcc/arm-none-eabi/4.6.2/../../../../arm-none-eabi/lib/armv6-m/libcr_newlib_nohost.a(_cr_check_heap.o)
 .ARM.attributes
                0x0000000000000dbe       0x1e /Applications/lpcxpresso_5.1.0_2048/lpcxpresso/tools/bin/../lib/gcc/arm-none-eabi/4.6.2/armv6-m/crti.o
 .ARM.attributes
                0x0000000000000ddc       0x1e /Applications/lpcxpresso_5.1.0_2048/lpcxpresso/tools/bin/../lib/gcc/arm-none-eabi/4.6.2/armv6-m/crtn.o
 .ARM.attributes
                0x0000000000000dfa       0x2c /Applications/lpcxpresso_5.1.0_2048/lpcxpresso/tools/bin/../lib/gcc/arm-none-eabi/4.6.2/armv6-m/crtbegin.o
 .ARM.attributes
                0x0000000000000e26       0x2c /Applications/lpcxpresso_5.1.0_2048/lpcxpresso/tools/bin/../lib/gcc/arm-none-eabi/4.6.2/armv6-m/crtend.o
 .ARM.attributes
                0x0000000000000e52       0x1e /Applications/lpcxpresso_5.1.0_2048/lpcxpresso/tools/bin/../lib/gcc/arm-none-eabi/4.6.2/armv6-m/libgcc.a(_arm_cmpdf2.o)
 .ARM.attributes
                0x0000000000000e70       0x1e /Applications/lpcxpresso_5.1.0_2048/lpcxpresso/tools/bin/../lib/gcc/arm-none-eabi/4.6.2/armv6-m/libgcc.a(_aeabi_uldivmod.o)
 .ARM.attributes
                0x0000000000000e8e       0x2c /Applications/lpcxpresso_5.1.0_2048/lpcxpresso/tools/bin/../lib/gcc/arm-none-eabi/4.6.2/armv6-m/libgcc.a(bpabi.o)
 .ARM.attributes
                0x0000000000000eba       0x2c /Applications/lpcxpresso_5.1.0_2048/lpcxpresso/tools/bin/../lib/gcc/arm-none-eabi/4.6.2/armv6-m/libgcc.a(adddf3.o)
 .ARM.attributes
                0x0000000000000ee6       0x2c /Applications/lpcxpresso_5.1.0_2048/lpcxpresso/tools/bin/../lib/gcc/arm-none-eabi/4.6.2/armv6-m/libgcc.a(divdf3.o)
 .ARM.attributes
                0x0000000000000f12       0x2c /Applications/lpcxpresso_5.1.0_2048/lpcxpresso/tools/bin/../lib/gcc/arm-none-eabi/4.6.2/armv6-m/libgcc.a(eqdf2.o)
 .ARM.attributes
                0x0000000000000f3e       0x2c /Applications/lpcxpresso_5.1.0_2048/lpcxpresso/tools/bin/../lib/gcc/arm-none-eabi/4.6.2/armv6-m/libgcc.a(gedf2.o)
 .ARM.attributes
                0x0000000000000f6a       0x2c /Applications/lpcxpresso_5.1.0_2048/lpcxpresso/tools/bin/../lib/gcc/arm-none-eabi/4.6.2/armv6-m/libgcc.a(ledf2.o)
 .ARM.attributes
                0x0000000000000f96       0x2c /Applications/lpcxpresso_5.1.0_2048/lpcxpresso/tools/bin/../lib/gcc/arm-none-eabi/4.6.2/armv6-m/libgcc.a(muldf3.o)
 .ARM.attributes
                0x0000000000000fc2       0x2c /Applications/lpcxpresso_5.1.0_2048/lpcxpresso/tools/bin/../lib/gcc/arm-none-eabi/4.6.2/armv6-m/libgcc.a(subdf3.o)
 .ARM.attributes
                0x0000000000000fee       0x2c /Applications/lpcxpresso_5.1.0_2048/lpcxpresso/tools/bin/../lib/gcc/arm-none-eabi/4.6.2/armv6-m/libgcc.a(fixdfsi.o)
 .ARM.attributes
                0x000000000000101a       0x2c /Applications/lpcxpresso_5.1.0_2048/lpcxpresso/tools/bin/../lib/gcc/arm-none-eabi/4.6.2/armv6-m/libgcc.a(floatsidf.o)
 .ARM.attributes
                0x0000000000001046       0x2c /Applications/lpcxpresso_5.1.0_2048/lpcxpresso/tools/bin/../lib/gcc/arm-none-eabi/4.6.2/armv6-m/libgcc.a(floatunsidf.o)
 .ARM.attributes
                0x0000000000001072       0x1e /Applications/lpcxpresso_5.1.0_2048/lpcxpresso/tools/bin/../lib/gcc/arm-none-eabi/4.6.2/armv6-m/libgcc.a(_clzsi2.o)
 .ARM.attributes
                0x0000000000001090       0x2c /Applications/lpcxpresso_5.1.0_2048/lpcxpresso/tools/bin/../lib/gcc/arm-none-eabi/4.6.2/armv6-m/libgcc.a(_muldi3.o)
 .ARM.attributes
                0x00000000000010bc       0x2c /Applications/lpcxpresso_5.1.0_2048/lpcxpresso/tools/bin/../lib/gcc/arm-none-eabi/4.6.2/armv6-m/libgcc.a(_divdi3.o)
 .ARM.attributes
                0x00000000000010e8       0x2c /Applications/lpcxpresso_5.1.0_2048/lpcxpresso/tools/bin/../lib/gcc/arm-none-eabi/4.6.2/armv6-m/libgcc.a(_udivdi3.o)
 .ARM.attributes
                0x0000000000001114       0x2c /Applications/lpcxpresso_5.1.0_2048/lpcxpresso/tools/bin/../lib/gcc/arm-none-eabi/4.6.2/../../../../arm-none-eabi/lib/armv6-m/libc.a(lib_a-errno.o)

.debug_info     0x0000000000000000    0x15b14
 .debug_info    0x0000000000000000      0x134 ./src/core/device_dependent/lpc1114/cr_cpp_config.o
 .debug_info    0x0000000000000134      0x2ae ./src/core/device_dependent/lpc1114/cr_startup_lpc11.o
 .debug_info    0x00000000000003e2      0xbb9 ./src/core/device_dependent/lpc1114/delay.o
 .debug_info    0x0000000000000f9b      0x514 ./src/core/device_dependent/lpc1114/gpio.o
 .debug_info    0x00000000000014af      0x5ed ./src/core/device_dependent/lpc1114/gpio_int.o
 .debug_info    0x0000000000001a9c      0xe2a ./src/core/device_dependent/lpc1114/spi_middle.o
 .debug_info    0x00000000000028c6      0x4f9 ./src/core/device_dependent/lpc1114/system_LPC11xx.o
 .debug_info    0x0000000000002dbf      0xa0d ./src/core/device_dependent/lpc1114/uart_middle.o
 .debug_info    0x00000000000037cc     0x1201 ./src/core/LiquidCrystal.o
 .debug_info    0x00000000000049cd      0x545 ./src/core/Print.o
 .debug_info    0x0000000000004f12      0x75f ./src/core/SPI.o
 .debug_info    0x0000000000005671     0x12c9 ./src/core/SPI1.o
 .debug_info    0x000000000000693a      0xb6d ./src/core/SoftwareSerial.o
 .debug_info    0x00000000000074a7     0x27ce ./src/core/Wire.o
 .debug_info    0x0000000000009c75      0xc14 ./src/core/analogio.o
 .debug_info    0x000000000000a889      0x444 ./src/core/arithmetical.o
 .debug_info    0x000000000000accd      0x2ab ./src/core/startup_mary.o
 .debug_info    0x000000000000af78      0x52b ./src/core/uart.o
 .debug_info    0x000000000000b4a3     0x4c45 ./src/XBee/XBee.o
 .debug_info    0x00000000000100e8     0x1308 ./src/Samples/maryoled.o
 .debug_info    0x00000000000113f0     0x1137 ./src/FatFs/SD.o
 .debug_info    0x0000000000012527      0xf7a ./src/FatFs/pff.o
 .debug_info    0x00000000000134a1      0xe71 ./src/FatFs/sdcard.o
 .debug_info    0x0000000000014312     0x1644 ./src/user_application.o
 .debug_info    0x0000000000015956      0x108 /Applications/lpcxpresso_5.1.0_2048/lpcxpresso/tools/bin/../lib/gcc/arm-none-eabi/4.6.2/../../../../arm-none-eabi/lib/armv6-m/libcr_newlib_nohost.a(_cr_sbrk.o)
 .debug_info    0x0000000000015a5e       0xb6 /Applications/lpcxpresso_5.1.0_2048/lpcxpresso/tools/bin/../lib/gcc/arm-none-eabi/4.6.2/../../../../arm-none-eabi/lib/armv6-m/libcr_newlib_nohost.a(_cr_check_heap.o)

.debug_loc      0x0000000000000000     0x873b
 .debug_loc     0x0000000000000000       0x79 ./src/core/device_dependent/lpc1114/cr_cpp_config.o
 .debug_loc     0x0000000000000079      0x2af ./src/core/device_dependent/lpc1114/cr_startup_lpc11.o
 .debug_loc     0x0000000000000328      0x1a3 ./src/core/device_dependent/lpc1114/delay.o
 .debug_loc     0x00000000000004cb      0x350 ./src/core/device_dependent/lpc1114/gpio.o
 .debug_loc     0x000000000000081b      0x1c9 ./src/core/device_dependent/lpc1114/gpio_int.o
 .debug_loc     0x00000000000009e4       0xc6 ./src/core/device_dependent/lpc1114/spi_middle.o
 .debug_loc     0x0000000000000aaa       0x98 ./src/core/device_dependent/lpc1114/system_LPC11xx.o
 .debug_loc     0x0000000000000b42       0x79 ./src/core/device_dependent/lpc1114/uart_middle.o
 .debug_loc     0x0000000000000bbb      0x937 ./src/core/LiquidCrystal.o
 .debug_loc     0x00000000000014f2      0x433 ./src/core/Print.o
 .debug_loc     0x0000000000001925      0x13f ./src/core/SPI.o
 .debug_loc     0x0000000000001a64      0x205 ./src/core/SPI1.o
 .debug_loc     0x0000000000001c69      0x4e8 ./src/core/SoftwareSerial.o
 .debug_loc     0x0000000000002151      0xc55 ./src/core/Wire.o
 .debug_loc     0x0000000000002da6      0x24e ./src/core/analogio.o
 .debug_loc     0x0000000000002ff4      0x1de ./src/core/arithmetical.o
 .debug_loc     0x00000000000031d2       0x20 ./src/core/startup_mary.o
 .debug_loc     0x00000000000031f2      0x112 ./src/core/uart.o
 .debug_loc     0x0000000000003304     0x19ce ./src/XBee/XBee.o
 .debug_loc     0x0000000000004cd2      0x92e ./src/Samples/maryoled.o
 .debug_loc     0x0000000000005600      0x281 ./src/FatFs/SD.o
 .debug_loc     0x0000000000005881      0xe3b ./src/FatFs/pff.o
 .debug_loc     0x00000000000066bc      0x435 ./src/FatFs/sdcard.o
 .debug_loc     0x0000000000006af1     0x1baf ./src/user_application.o
 .debug_loc     0x00000000000086a0       0x68 /Applications/lpcxpresso_5.1.0_2048/lpcxpresso/tools/bin/../lib/gcc/arm-none-eabi/4.6.2/../../../../arm-none-eabi/lib/armv6-m/libcr_newlib_nohost.a(_cr_sbrk.o)
 .debug_loc     0x0000000000008708       0x33 /Applications/lpcxpresso_5.1.0_2048/lpcxpresso/tools/bin/../lib/gcc/arm-none-eabi/4.6.2/../../../../arm-none-eabi/lib/armv6-m/libcr_newlib_nohost.a(_cr_check_heap.o)

.debug_aranges  0x0000000000000000      0xfe0
 .debug_aranges
                0x0000000000000000       0x30 ./src/core/device_dependent/lpc1114/cr_cpp_config.o
 .debug_aranges
                0x0000000000000030       0x70 ./src/core/device_dependent/lpc1114/cr_startup_lpc11.o
 .debug_aranges
                0x00000000000000a0       0x70 ./src/core/device_dependent/lpc1114/delay.o
 .debug_aranges
                0x0000000000000110       0x58 ./src/core/device_dependent/lpc1114/gpio.o
 .debug_aranges
                0x0000000000000168       0x60 ./src/core/device_dependent/lpc1114/gpio_int.o
 .debug_aranges
                0x00000000000001c8       0x28 ./src/core/device_dependent/lpc1114/spi_middle.o
 .debug_aranges
                0x00000000000001f0       0x28 ./src/core/device_dependent/lpc1114/system_LPC11xx.o
 .debug_aranges
                0x0000000000000218       0x40 ./src/core/device_dependent/lpc1114/uart_middle.o
 .debug_aranges
                0x0000000000000258       0xf8 ./src/core/LiquidCrystal.o
 .debug_aranges
                0x0000000000000350       0x58 ./src/core/Print.o
 .debug_aranges
                0x00000000000003a8       0x70 ./src/core/SPI.o
 .debug_aranges
                0x0000000000000418       0x80 ./src/core/SPI1.o
 .debug_aranges
                0x0000000000000498       0x88 ./src/core/SoftwareSerial.o
 .debug_aranges
                0x0000000000000520      0x128 ./src/core/Wire.o
 .debug_aranges
                0x0000000000000648       0x50 ./src/core/analogio.o
 .debug_aranges
                0x0000000000000698       0x48 ./src/core/arithmetical.o
 .debug_aranges
                0x00000000000006e0       0x20 ./src/core/startup_mary.o
 .debug_aranges
                0x0000000000000700       0x58 ./src/core/uart.o
 .debug_aranges
                0x0000000000000758      0x468 ./src/XBee/XBee.o
 .debug_aranges
                0x0000000000000bc0       0xe8 ./src/Samples/maryoled.o
 .debug_aranges
                0x0000000000000ca8       0xe0 ./src/FatFs/SD.o
 .debug_aranges
                0x0000000000000d88       0x80 ./src/FatFs/pff.o
 .debug_aranges
                0x0000000000000e08       0x50 ./src/FatFs/sdcard.o
 .debug_aranges
                0x0000000000000e58      0x148 ./src/user_application.o
 .debug_aranges
                0x0000000000000fa0       0x20 /Applications/lpcxpresso_5.1.0_2048/lpcxpresso/tools/bin/../lib/gcc/arm-none-eabi/4.6.2/../../../../arm-none-eabi/lib/armv6-m/libcr_newlib_nohost.a(_cr_sbrk.o)
 .debug_aranges
                0x0000000000000fc0       0x20 /Applications/lpcxpresso_5.1.0_2048/lpcxpresso/tools/bin/../lib/gcc/arm-none-eabi/4.6.2/../../../../arm-none-eabi/lib/armv6-m/libcr_newlib_nohost.a(_cr_check_heap.o)

.debug_ranges   0x0000000000000000     0x18f0
 .debug_ranges  0x0000000000000000       0x20 ./src/core/device_dependent/lpc1114/cr_cpp_config.o
 .debug_ranges  0x0000000000000020       0x60 ./src/core/device_dependent/lpc1114/cr_startup_lpc11.o
 .debug_ranges  0x0000000000000080       0x60 ./src/core/device_dependent/lpc1114/delay.o
 .debug_ranges  0x00000000000000e0       0x48 ./src/core/device_dependent/lpc1114/gpio.o
 .debug_ranges  0x0000000000000128       0x68 ./src/core/device_dependent/lpc1114/gpio_int.o
 .debug_ranges  0x0000000000000190       0x70 ./src/core/device_dependent/lpc1114/spi_middle.o
 .debug_ranges  0x0000000000000200       0x48 ./src/core/device_dependent/lpc1114/system_LPC11xx.o
 .debug_ranges  0x0000000000000248       0x48 ./src/core/device_dependent/lpc1114/uart_middle.o
 .debug_ranges  0x0000000000000290       0xe8 ./src/core/LiquidCrystal.o
 .debug_ranges  0x0000000000000378       0x48 ./src/core/Print.o
 .debug_ranges  0x00000000000003c0       0x78 ./src/core/SPI.o
 .debug_ranges  0x0000000000000438      0x100 ./src/core/SPI1.o
 .debug_ranges  0x0000000000000538       0x90 ./src/core/SoftwareSerial.o
 .debug_ranges  0x00000000000005c8      0x180 ./src/core/Wire.o
 .debug_ranges  0x0000000000000748       0x68 ./src/core/analogio.o
 .debug_ranges  0x00000000000007b0       0x80 ./src/core/arithmetical.o
 .debug_ranges  0x0000000000000830       0x10 ./src/core/startup_mary.o
 .debug_ranges  0x0000000000000840       0x48 ./src/core/uart.o
 .debug_ranges  0x0000000000000888      0x7f0 ./src/XBee/XBee.o
 .debug_ranges  0x0000000000001078      0x1a0 ./src/Samples/maryoled.o
 .debug_ranges  0x0000000000001218       0xe8 ./src/FatFs/SD.o
 .debug_ranges  0x0000000000001300      0x278 ./src/FatFs/pff.o
 .debug_ranges  0x0000000000001578       0x98 ./src/FatFs/sdcard.o
 .debug_ranges  0x0000000000001610      0x2c0 ./src/user_application.o
 .debug_ranges  0x00000000000018d0       0x10 /Applications/lpcxpresso_5.1.0_2048/lpcxpresso/tools/bin/../lib/gcc/arm-none-eabi/4.6.2/../../../../arm-none-eabi/lib/armv6-m/libcr_newlib_nohost.a(_cr_sbrk.o)
 .debug_ranges  0x00000000000018e0       0x10 /Applications/lpcxpresso_5.1.0_2048/lpcxpresso/tools/bin/../lib/gcc/arm-none-eabi/4.6.2/../../../../arm-none-eabi/lib/armv6-m/libcr_newlib_nohost.a(_cr_check_heap.o)

.debug_str      0x0000000000000000     0x56b1
 .debug_str     0x0000000000000000      0x17d ./src/core/device_dependent/lpc1114/cr_cpp_config.o
                                        0x1cd (size before relaxing)
 .debug_str     0x000000000000017d      0x191 ./src/core/device_dependent/lpc1114/cr_startup_lpc11.o
                                        0x2c6 (size before relaxing)
 .debug_str     0x000000000000030e      0x621 ./src/core/device_dependent/lpc1114/delay.o
                                        0x7c6 (size before relaxing)
 .debug_str     0x000000000000092f      0x2cc ./src/core/device_dependent/lpc1114/gpio.o
                                        0x46f (size before relaxing)
 .debug_str     0x0000000000000bfb       0xc5 ./src/core/device_dependent/lpc1114/gpio_int.o
                                        0x514 (size before relaxing)
 .debug_str     0x0000000000000cc0      0x2f7 ./src/core/device_dependent/lpc1114/spi_middle.o
                                        0xa45 (size before relaxing)
 .debug_str     0x0000000000000fb7       0x67 ./src/core/device_dependent/lpc1114/system_LPC11xx.o
                                        0x441 (size before relaxing)
 .debug_str     0x000000000000101e      0x11a ./src/core/device_dependent/lpc1114/uart_middle.o
                                        0x6a6 (size before relaxing)
 .debug_str     0x0000000000001138      0x4c4 ./src/core/LiquidCrystal.o
                                        0x738 (size before relaxing)
 .debug_str     0x00000000000015fc      0x113 ./src/core/Print.o
                                        0x2bd (size before relaxing)
 .debug_str     0x000000000000170f      0x1ad ./src/core/SPI.o
                                        0x4eb (size before relaxing)
 .debug_str     0x00000000000018bc      0x126 ./src/core/SPI1.o
                                        0xc0c (size before relaxing)
 .debug_str     0x00000000000019e2      0x3a6 ./src/core/SoftwareSerial.o
                                        0x6c4 (size before relaxing)
 .debug_str     0x0000000000001d88      0xd5a ./src/core/Wire.o
                                       0x1185 (size before relaxing)
 .debug_str     0x0000000000002ae2      0x103 ./src/core/analogio.o
                                        0x80e (size before relaxing)
 .debug_str     0x0000000000002be5       0xb3 ./src/core/arithmetical.o
                                        0x297 (size before relaxing)
 .debug_str     0x0000000000002c98       0x1d ./src/core/startup_mary.o
                                        0x1fc (size before relaxing)
 .debug_str     0x0000000000002cb5       0x99 ./src/core/uart.o
                                        0x316 (size before relaxing)
 .debug_str     0x0000000000002d4e     0x1838 ./src/XBee/XBee.o
                                       0x1c87 (size before relaxing)
 .debug_str     0x0000000000004586      0x59e ./src/Samples/maryoled.o
                                        0xb72 (size before relaxing)
 .debug_str     0x0000000000004b24      0x377 ./src/FatFs/SD.o
                                        0x930 (size before relaxing)
 .debug_str     0x0000000000004e9b      0x1d9 ./src/FatFs/pff.o
                                        0x515 (size before relaxing)
 .debug_str     0x0000000000005074       0xcc ./src/FatFs/sdcard.o
                                        0xa0a (size before relaxing)
 .debug_str     0x0000000000005140      0x43e ./src/user_application.o
                                        0x6c9 (size before relaxing)
 .debug_str     0x000000000000557e       0xee /Applications/lpcxpresso_5.1.0_2048/lpcxpresso/tools/bin/../lib/gcc/arm-none-eabi/4.6.2/../../../../arm-none-eabi/lib/armv6-m/libcr_newlib_nohost.a(_cr_sbrk.o)
                                        0x17e (size before relaxing)
 .debug_str     0x000000000000566c       0x45 /Applications/lpcxpresso_5.1.0_2048/lpcxpresso/tools/bin/../lib/gcc/arm-none-eabi/4.6.2/../../../../arm-none-eabi/lib/armv6-m/libcr_newlib_nohost.a(_cr_check_heap.o)
                                        0x10a (size before relaxing)

.debug_frame    0x0000000000000000     0x32b8
 .debug_frame   0x0000000000000000       0x50 ./src/core/device_dependent/lpc1114/cr_cpp_config.o
 .debug_frame   0x0000000000000050      0x114 ./src/core/device_dependent/lpc1114/cr_startup_lpc11.o
 .debug_frame   0x0000000000000164      0x100 ./src/core/device_dependent/lpc1114/delay.o
 .debug_frame   0x0000000000000264       0xe8 ./src/core/device_dependent/lpc1114/gpio.o
 .debug_frame   0x000000000000034c       0xe0 ./src/core/device_dependent/lpc1114/gpio_int.o
 .debug_frame   0x000000000000042c       0x4c ./src/core/device_dependent/lpc1114/spi_middle.o
 .debug_frame   0x0000000000000478       0x44 ./src/core/device_dependent/lpc1114/system_LPC11xx.o
 .debug_frame   0x00000000000004bc       0x74 ./src/core/device_dependent/lpc1114/uart_middle.o